******************************************************************************
                  TI ARM Linker Unix v18.12.2                  
******************************************************************************
>> Linked Mon Dec  9 14:24:58 2019

OUTPUT FILE NAME:   <test.out>
ENTRY POINT SYMBOL: "_c_int00_noargs"  address: 00004df9


MEMORY CONFIGURATION

         name            origin    length      used     unused   attr    fill
----------------------  --------  ---------  --------  --------  ----  --------
  RAM                   00000020   ffffffe0  000000d8  ffffff08  RWIX


SEGMENT ALLOCATION MAP

run origin  load origin   length   init length attrs members
----------  ----------- ---------- ----------- ----- -------
00000000    00000000    00005d04   00005d04    r-x
  00000000    00000000    0000003c   0000003c    r-- .resetVecs
  0000003c    0000003c    00005cc8   00005cc8    r-x .text
00005d08    00005d08    00000800   00000000    rw-
  00005d08    00005d08    00000800   00000000    rw- .stack
00006508    00006508    000007f8   000007f8    r--
  00006508    00006508    000007f8   000007f8    r-- .const
00006d00    00006d00    00000f10   00000000    rw-
  00006d00    00006d00    0000061d   00000000    rw- .bss:.common
  00007320    00007320    00000569   00000000    rw- .data
  00007890    00007890    00000370   00000000    rw- .bss
  00007c00    00007c00    00000010   00000000    rw- .sysmem
00007c10    00007c10    000001d0   000001d0    r--
  00007c10    00007c10    000001d0   000001d0    r-- .cinit
20000100    20000100    0000000c   00000000    rw-
  20000100    20000100    00000004   00000000    rw- .data:xdcRomConstPtr
  20000104    20000104    00000004   00000000    rw- .data:xdcRomExternFuncPtr
  20000108    20000108    00000004   00000000    rw- .data:xdcRomStatePtr
20001830    20001830    00000010   00000000    rw-
  20001830    20001830    00000010   00000000    rw- .TI.bound:dmaSpi0RxControlTableEntry
20001840    20001840    00000010   00000000    rw-
  20001840    20001840    00000010   00000000    rw- .TI.bound:dmaSpi0TxControlTableEntry
20001900    20001900    00000010   00000000    rw-
  20001900    20001900    00000010   00000000    rw- .TI.bound:dmaSpi1RxControlTableEntry
20001910    20001910    00000010   00000000    rw-
  20001910    20001910    00000010   00000000    rw- .TI.bound:dmaSpi1TxControlTableEntry
20001a30    20001a30    00000010   00000000    rw-
  20001a30    20001a30    00000010   00000000    rw- .TI.bound:dmaSpi0RxAltControlTableEntry
20001a40    20001a40    00000010   00000000    rw-
  20001a40    20001a40    00000010   00000000    rw- .TI.bound:dmaSpi0TxAltControlTableEntry
20001b00    20001b00    00000010   00000000    rw-
  20001b00    20001b00    00000010   00000000    rw- .TI.bound:dmaSpi1RxAltControlTableEntry
20001b10    20001b10    00000010   00000000    rw-
  20001b10    20001b10    00000010   00000000    rw- .TI.bound:dmaSpi1TxAltControlTableEntry


SECTION ALLOCATION MAP

 output                                  attributes/
section   page    origin      length       input sections
--------  ----  ----------  ----------   ----------------
.data:xdcRomConstPtr 
*          0    20000100    00000004     UNINITIALIZED
                  20000100    00000004     release_pem4f.oem4f (.data:xdcRomConstPtr)

.data:xdcRomExternFuncPtr 
*          0    20000104    00000004     UNINITIALIZED
                  20000104    00000004     release_pem4f.oem4f (.data:xdcRomExternFuncPtr)

.data:xdcRomStatePtr 
*          0    20000108    00000004     UNINITIALIZED
                  20000108    00000004     release_pem4f.oem4f (.data:xdcRomStatePtr)

.bootVecs 
*          0    00000000    00000000     DSECT

.resetVecs 
*          0    00000000    0000003c     
                  00000000    0000003c     release_pem4f.oem4f (.resetVecs)

.vecs      0    20000000    000000d8     NOLOAD SECTION
                  20000000    000000d8     release_pem4f.oem4f (.vecs)

xdc.meta   0    00000000    0000011f     COPY SECTION
                  00000000    0000011f     release_pem4f.oem4f (xdc.meta)

xdc.noload 
*          0    00000000    00000000     COPY SECTION

.text      0    0000003c    00005cc8     
                  0000003c    0000043f     main_tirtos.c.obj (.text:masterThread)
                  0000047b    00000001     --HOLE-- [fill = 0]
                  0000047c    000002ec     drivers_cc13x2.aem4f : SPICC26X2DMA.oem4f (.text:SPICC26X2DMA_transfer)
                  00000768    0000025c                          : SPICC26X2DMA.oem4f (.text:SPICC26X2DMA_hwiFxn)
                  000009c4    000001c0                          : PINCC26XX.oem4f (.text:PIN_init)
                  00000b84    000001a8                          : PowerCC26X2.oem4f (.text:Power_sleep)
                  00000d2c    00000190                          : PowerCC26X2_calibrateRCOSC.oem4f (.text:calibrateRcoscHf1)
                  00000ebc    0000018c                          : PowerCC26X2.oem4f (.text:Power_init)
                  00001048    0000018c                          : PowerCC26X2_calibrateRCOSC.oem4f (.text:runCalibrateFsm)
                  000011d4    00000178     release_pem4f.oem4f (.text:xdc_runtime_System_printfExtend__I)
                  0000134c    00000174     drivers_cc13x2.aem4f : SPICC26X2DMA.oem4f (.text:configNextTransfer)
                  000014c0    00000170                          : SPICC26X2DMA.oem4f (.text:SPICC26X2DMA_transferCancel)
                  00001630    00000164                          : UARTCC26XX.oem4f (.text:UARTCC26XX_open)
                  00001794    00000154                          : UARTCC26XX.oem4f (.text:UARTCC26XX_hwiIntFxn)
                  000018e8    00000150                          : SPICC26X2DMA.oem4f (.text:SPICC26X2DMA_open)
                  00001a38    00000140                          : SPICC26X2DMA.oem4f (.text:initIO)
                  00001b78    0000013c     main_tirtos.c.obj (.text:mainThread)
                  00001cb4    0000013a     drivers_cc13x2.aem4f : UARTCC26XX.oem4f (.text:UARTCC26XX_read)
                  00001dee    00000002     display.aem4f : DisplayUart.oem4f (.text:DisplayUartMin_clear)
                  00001df0    00000110     drivers_cc13x2.aem4f : GPIOCC26XX.oem4f (.text:GPIO_setConfig)
                  00001f00    0000010c     libenc28j60board.a : spimaster.c.obj (.text:spi_read)
                  0000200c    0000010c                        : spimaster.c.obj (.text:spi_readMACReg)
                  00002118    00000100     drivers_cc13x2.aem4f : PowerCC26X2.oem4f (.text:configureXOSCHF)
                  00002218    00000100     libenc28j60board.a : spimaster.c.obj (.text:spi_write)
                  00002318    000000fc     driverlib.lib : sys_ctrl.obj (.text:NOROM_SysCtrlStandby)
                  00002414    000000f8     drivers_cc13x2.aem4f : PINCC26XX.oem4f (.text:PINCC26XX_setIoCfg)
                  0000250c    000000f4                          : SPICC26X2DMA.oem4f (.text:SPICC26X2DMA_control)
                  00002600    000000ec     rom_sysbios.aem4f : rom_sysbios.obj (.text:pthread_create)
                  000026ec    000000ec     libenc28j60board.a : spimaster.c.obj (.text:testReadWriteMemory)
                  000027d8    000000e0     drivers_cc13x2.aem4f : UARTCC26XX.oem4f (.text:UARTCC26XX_write)
                  000028b8    000000e0     libenc28j60board.a : spimaster.c.obj (.text:readBufferMemory)
                  00002998    000000d8                        : spimaster.c.obj (.text:writeBufferMemory)
                  00002a70    000000c8     drivers_cc13x2.aem4f : PowerCC26X2.oem4f (.text:Power_releaseDependency)
                  00002b38    000000c4                          : GPIOCC26XX.oem4f (.text:GPIO_init)
                  00002bfc    000000c4                          : PowerCC26X2.oem4f (.text:Power_setDependency)
                  00002cc0    000000c0                          : UARTCC26XX.oem4f (.text:UARTCC26XX_initIO)
                  00002d80    000000b8                          : UARTCC26XX.oem4f (.text:UARTCC26XX_initHw)
                  00002e38    000000b4     dpl_cc13x2.aem4f : PowerCC26X2_tirtos.oem4f (.text:PowerCC26XX_standbyPolicy)
                  00002eec    000000ac     drivers_cc13x2.aem4f : PINCC26XX.oem4f (.text:PIN_open)
                  00002f98    000000a8     libenc28j60board.a : spimaster.c.obj (.text:systemSoftReset)
                  00003040    000000a4                        : spimaster.c.obj (.text:bitFieldClear)
                  000030e4    000000a0                        : spimaster.c.obj (.text:bitFieldSet)
                  00003184    000000a0     rom_sysbios.aem4f : rom_sysbios.obj (.text:ti_sysbios_knl_Task_setPri__E)
                  00003224    0000009c     rtsv7M4_T_le_v4SPD16_eabi.lib : memcpy_t2.asm.obj (.text)
                  000032c0    0000009c     libenc28j60board.a : spimaster.c.obj (.text:setClock)
                  0000335c    00000098     drivers_cc13x2.aem4f : UARTCC26XX.oem4f (.text:writeTxFifoFlush)
                  000033f4    00000096     rtsv7M4_T_le_v4SPD16_eabi.lib : ull_div_t2.asm.obj (.text)
                  0000348a    00000092     drivers_cc13x2.aem4f : UARTCC26XX.oem4f (.text:UARTCC26XX_writeCancel)
                  0000351c    0000008c     libenc28j60board.a : enc_ethernet.c.obj (.text:clearWholeBuf)
                  000035a8    0000008c                        : spimaster.c.obj (.text:sendWBMOpcode)
                  00003634    00000088     driverlib.lib : osc.obj (.text:NOROM_OSCHF_AttemptToSwitchToXosc)
                  000036bc    00000088     rom_sysbios.aem4f : rom_sysbios.obj (.text:_pthread_removeThreadKeys)
                  00003744    00000088     drivers_cc13x2.aem4f : PowerCC26X2_calibrateRCOSC.oem4f (.text:calibrateRcoscHf2)
                  000037cc    00000088                          : PowerCC26X2.oem4f (.text:disableLFClockQualifiers)
                  00003854    00000088                          : PowerCC26X2_calibrateRCOSC.oem4f (.text:updateSubSecInc)
                  000038dc    00000084                          : UARTCC26XX.oem4f (.text:UARTCC26XX_close)
                  00003960    00000084     libenc28j60board.a : spimaster.c.obj (.text:sendRBMOpcode)
                  000039e4    00000084     rom_sysbios.aem4f : rom_sysbios.obj (.text:ti_sysbios_family_arm_m3_Hwi_excHandlerMin__I)
                  00003a68    00000080                       : rom_sysbios.obj (.text:ti_sysbios_family_arm_cc26xx_Timer_start__E)
                  00003ae8    0000007a     rtsv7M4_T_le_v4SPD16_eabi.lib : memset_t2.asm.obj (.text)
                  00003b62    00000002     display.aem4f : DisplayUart.oem4f (.text:DisplayUartMin_clearLines)
                  00003b64    00000074     drivers_cc13x2.aem4f : PowerCC26X2_calibrateRCOSC.oem4f (.text:PowerCC26X2_auxISR)
                  00003bd8    00000072                          : SPICC26X2DMA.oem4f (.text:csnCallback)
                  00003c4a    00000072     libenc28j60board.a : spimaster.c.obj (.text:test_clocks)
                  00003cbc    00000070     drivers_cc13x2.aem4f : PINCC26XX.oem4f (.text:PIN_add)
                  00003d2c    0000006e     libenc28j60board.a : spimaster.c.obj (.text:spi_readPHYReg)
                  00003d9a    00000002     display.aem4f : DisplayUart.oem4f (.text:DisplayUartMin_init)
                  00003d9c    0000006d     rom_sysbios.aem4f : rom_sysbios.obj (.text:xdc_runtime_System_formatNum__I)
                  00003e09    00000001     --HOLE-- [fill = 0]
                  00003e0a    00000068     libenc28j60board.a : CC1352P1_LAUNCHXL_fxns.c.obj (.text:CC1352P1_LAUNCHXL_sendExtFlashByte)
                  00003e72    00000002     rtsv7M4_T_le_v4SPD16_eabi.lib : _lock.c.obj (.text:_nop)
                  00003e74    00000068     driverlib.lib : osc.obj (.text:NOROM_OSCHF_SwitchToRcOscTurnOffXosc)
                  00003edc    00000068                   : sys_ctrl.obj (.text:NOROM_SysCtrlSetRechargeBeforePowerDown)
                  00003f44    00000068     rtsv7M4_T_le_v4SPD16_eabi.lib : copy_decompress_lzss.c.obj (.text:decompress:lzss:__TI_decompress_lzss)
                  00003fac    00000064     drivers_cc13x2.aem4f : UARTCC26XX.oem4f (.text:UARTCC26XX_control)
                  00004010    00000062                          : UARTCC26XX.oem4f (.text:UARTCC26XX_swiIntFxn)
                  00004072    00000002                          : PowerCC26X2.oem4f (.text:emptyClockFunc)
                  00004074    00000060                          : GPIOCC26XX.oem4f (.text:GPIO_write)
                  000040d4    0000005c     display.aem4f : Display.oem4f (.text:Display_doOpen)
                  00004130    0000005c     drivers_cc13x2.aem4f : PINCC26XX.oem4f (.text:PIN_remove)
                  0000418c    0000005c                          : SPICC26X2DMA.oem4f (.text:initHw)
                  000041e8    0000005c     main_tirtos.c.obj (.text:main)
                  00004244    0000005c     rom_sysbios.aem4f : rom_sysbios.obj (.text:ti_sysbios_heaps_HeapMem_initPrimary__I)
                  000042a0    0000005c     release_pem4f.oem4f (.text:xdc_runtime_Startup_getState__I)
                  000042fc    00000058     drivers_cc13x2.aem4f : PowerCC26X2_calibrateRCOSC.oem4f (.text:PowerCC26X2_initiateCalibration)
                  00004354    00000058     rom_sysbios.aem4f : rom_sysbios.obj (.text:pthread_exit)
                  000043ac    00000050     dpl_cc13x2.aem4f : ClockP_tirtos.oem4f (.text:ClockP_construct)
                  000043fc    00000050     driverlib.lib : chipinfo.obj (.text:NOROM_ChipInfo_GetChipType)
                  0000444c    00000050     drivers_cc13x2.aem4f : SPICC26X2DMA.oem4f (.text:SPICC26X2DMA_close)
                  0000449c    0000004c                          : UARTCC26XX.oem4f (.text:UARTCC26XX_readCancel)
                  000044e8    0000004c                          : UDMACC26XX.oem4f (.text:UDMACC26XX_open)
                  00004534    0000004c                          : UARTCC26XX.oem4f (.text:startTxFifoEmptyClk)
                  00004580    0000004c                          : PowerCC26X2.oem4f (.text:switchXOSCHF)
                  000045cc    0000004a     display.aem4f : DisplayUart.oem4f (.text:DisplayUartMin_open)
                  00004616    00000002     rtsv7M4_T_le_v4SPD16_eabi.lib : div0.asm.obj (.text)
                  00004618    00000048     libenc28j60board.a : CC1352P1_LAUNCHXL_fxns.c.obj (.text:CC1352P1_LAUNCHXL_wakeUpExtFlash)
                  00004660    00000048     drivers_cc13x2.aem4f : PINCC26XX.oem4f (.text:PIN_setOutputEnable)
                  000046a8    00000048                          : PowerCC26X2_calibrateRCOSC.oem4f (.text:PowerCC26X2_RCOSC_clockFunc)
                  000046f0    00000048     libenc28j60board.a : spimaster.c.obj (.text:selectMemBank)
                  00004738    00000048     drivers_cc13x2.aem4f : UARTCC26XX.oem4f (.text:writeFinishedDoCallback)
                  00004780    00000046     display.aem4f : DisplayUart.oem4f (.text:DisplayUartMin_vprintf)
                  000047c6    00000046     drivers_cc13x2.aem4f : RingBuf.oem4f (.text:RingBuf_put)
                  0000480c    00000044                          : PINCC26XX.oem4f (.text:PIN_swi)
                  00004850    00000044                          : SPI.oem4f (.text:SPI_init)
                  00004894    00000044                          : UART.oem4f (.text:UART_init)
                  000048d8    00000044     rtsv7M4_T_le_v4SPD16_eabi.lib : autoinit.c.obj (.text:__TI_auto_init_nobinit_nopinit:__TI_auto_init_nobinit_nopinit)
                  0000491c    00000042     drivers_cc13x2.aem4f : SPICC26X2DMA.oem4f (.text:SPICC26X2DMA_swiFxn)
                  0000495e    00000040                          : RingBuf.oem4f (.text:RingBuf_get)
                  0000499e    00000002     release_pem4f.oem4f (.text:ti_sysbios_BIOS_nullFunc__I)
                  000049a0    00000040     drivers_cc13x2.aem4f : SPI.oem4f (.text:SPI_open)
                  000049e0    00000040                          : UART.oem4f (.text:UART_open)
                  00004a20    00000040     rom_sysbios.aem4f : rom_sysbios.obj (.text:ti_sysbios_family_arm_cc26xx_Timer_setThreshold__I)
                  00004a60    0000003e     dpl_cc13x2.aem4f : HwiP_tirtos.oem4f (.text:HwiP_construct)
                  00004a9e    0000003e     libenc28j60board.a : spimaster.c.obj (.text:spi_writePHYReg)
                  00004adc    0000003c     drivers_cc13x2.aem4f : PINCC26XX.oem4f (.text:PIN_setInterrupt)
                  00004b18    0000003c                          : PINCC26XX.oem4f (.text:PIN_setOutputValue)
                  00004b54    0000003c     dpl_cc13x2.aem4f : SwiP_tirtos.oem4f (.text:SwiP_construct)
                  00004b90    0000003c     rom_sysbios.aem4f : rom_sysbios.obj (.text:sleep)
                  00004bcc    0000003c                       : rom_sysbios.obj (.text:ti_sysbios_family_arm_m3_Hwi_construct2__E)
                  00004c08    00000038     libenc28j60board.a : CC1352P1_LAUNCHXL_fxns.c.obj (.text:CC1352P1_LAUNCHXL_shutDownExtFlash)
                  00004c40    00000038     driverlib.lib : osc.obj (.text:NOROM_OSC_HPOSCRelativeFrequencyOffsetGet)
                  00004c78    00000038     drivers_cc13x2.aem4f : PINCC26XX.oem4f (.text:PIN_setConfig)
                  00004cb0    00000038                          : PowerCC26X2.oem4f (.text:notify)
                  00004ce8    00000038                          : UARTCC26XX.oem4f (.text:readData)
                  00004d20    00000038                          : UARTCC26XX.oem4f (.text:writeData)
                  00004d58    00000036                          : UDMACC26XX.oem4f (.text:UDMACC26XX_close)
                  00004d8e    00000036     rom_sysbios.aem4f : rom_sysbios.obj (.text:ti_sysbios_family_arm_cc26xx_Timer_setNextTick__E)
                  00004dc4    00000034     driverlib.lib : sys_ctrl.obj (.text:NOROM_SysCtrlIdle)
                  00004df8    00000034     rtsv7M4_T_le_v4SPD16_eabi.lib : boot_cortex_m.c.obj (.text:_c_int00_noargs:_c_int00_noargs)
                  00004e2c    00000034                                   : rand.c.obj (.text:rand)
                  00004e60    00000034     drivers_cc13x2.aem4f : UARTCC26XX.oem4f (.text:readData2RingBuf)
                  00004e94    00000034     rom_sysbios.aem4f : rom_sysbios.obj (.text:usleep)
                  00004ec8    00000030     drivers_cc13x2.aem4f : GPIOCC26XX.oem4f (.text:GPIO_hwiIntFxn)
                  00004ef8    00000030                          : GPIOCC26XX.oem4f (.text:GPIO_setCallback)
                  00004f28    00000030     libenc28j60board.a : spimaster.c.obj (.text:LEDB_Off)
                  00004f58    00000030     drivers_cc13x2.aem4f : PINCC26XX.oem4f (.text:PINCC26XX_setMux)
                  00004f88    00000030                          : PowerCC26X2.oem4f (.text:Power_releaseConstraint)
                  00004fb8    00000030                          : PowerCC26X2.oem4f (.text:Power_setConstraint)
                  00004fe8    00000030     release_pem4f.oem4f (.text:ti_sysbios_BIOS_atExitFunc__I)
                  00005018    00000030     release_pem4f.oem4f (.text:ti_sysbios_BIOS_startFunc__I)
                  00005048    00000030     rom_sysbios.aem4f : rom_sysbios.obj (.text:ti_sysbios_family_arm_cc26xx_Timer_getCurrentTick__E)
                  00005078    00000030                       : rom_sysbios.obj (.text:ti_sysbios_family_arm_cc26xx_Timer_initDevice__I)
                  000050a8    0000002e     release_pem4f.oem4f (.text:ti_sysbios_rts_gnu_MemAlloc_alloc)
                  000050d6    0000002c     dpl_cc13x2.aem4f : SemaphoreP_tirtos.oem4f (.text:SemaphoreP_constructBinary)
                  00005102    00000002     rom_sysbios.aem4f : rom_sysbios.obj (.text:xdc_runtime_SysCallback_defaultAbort)
                  00005104    0000002c     dpl_cc13x2.aem4f : SemaphoreP_tirtos.oem4f (.text:SemaphoreP_createBinary)
                  00005130    0000002c     rom_sysbios.aem4f : rom_sysbios.obj (.text:_pthread_delete$45)
                  0000515c    0000002c                       : rom_sysbios.obj (.text:pthread_setcancelstate)
                  00005188    0000002c                       : rom_sysbios.obj (.text:ti_sysbios_knl_Clock_getTicksUntilInterrupt__E)
                  000051b4    0000002a     display.aem4f : Display.oem4f (.text:Display_doPrintf)
                  000051de    00000002     rom_sysbios.aem4f : rom_sysbios.obj (.text:xdc_runtime_SysCallback_defaultExit)
                  000051e0    00000028     display.aem4f : Display.oem4f (.text:Display_doInit)
                  00005208    00000028     driverlib.lib : osc.obj (.text:NOROM_OSCHF_TurnOnXosc)
                  00005230    00000028     drivers_cc13x2.aem4f : PowerCC26X2.oem4f (.text:Power_registerNotify)
                  00005258    00000028                          : SPICC26X2DMA.oem4f (.text:flushFifos)
                  00005280    00000028     libenc28j60board.a : CC1352P1_LAUNCHXL_fxns.c.obj (.text:initAntennaSwitch)
                  000052a8    00000028     drivers_cc13x2.aem4f : PowerCC26X2.oem4f (.text:oscillatorISR)
                  000052d0    00000026                          : List.oem4f (.text:List_put)
                  000052f6    00000026                          : List.oem4f (.text:List_remove)
                  0000531c    00000024     libenc28j60board.a : spimaster.c.obj (.text:LEDA_Off)
                  00005340    00000024                        : spimaster.c.obj (.text:LEDA_On)
                  00005364    00000024     rom_sysbios.aem4f : rom_sysbios.obj (.text:_pthread_cleanupFxn)
                  00005388    00000024     drivers_cc13x2.aem4f : PowerCC26X2_calibrateRCOSC.oem4f (.text:getTdcSemaphore)
                  000053ac    00000024     rom_sysbios.aem4f : rom_sysbios.obj (.text:pthread_attr_init)
                  000053d0    00000024     release_pem4f.oem4f (.text:ti_sysbios_BIOS_registerRTSLock__I)
                  000053f4    00000024     release_pem4f.oem4f (.text:ti_sysbios_BIOS_removeRTSLock__I)
                  00005418    00000024     rom_sysbios.aem4f : rom_sysbios.obj (.text:ti_sysbios_family_arm_cc26xx_Timer_getMaxTicks__E)
                  0000543c    00000020     drivers_cc13x2.aem4f : PINCC26XX.oem4f (.text:PINCC26XX_setIoCfgMux)
                  0000545c    00000020                          : PowerCC26X2.oem4f (.text:Power_unregisterNotify)
                  0000547c    00000020                          : UARTCC26XX.oem4f (.text:threadSafeStdbyDisRelease)
                  0000549c    00000020                          : UARTCC26XX.oem4f (.text:threadSafeStdbyDisSet)
                  000054bc    00000020     release_pem4f.oem4f (.text:ti_sysbios_BIOS_rtsLock__I)
                  000054dc    00000020     rom_sysbios.aem4f : rom_sysbios.obj (.text:ti_sysbios_family_arm_cc26xx_Timer_dynamicStub__E)
                  000054fc    00000020                       : rom_sysbios.obj (.text:xdc_runtime_Error_policyMin__E)
                  0000551c    0000001e     drivers_cc13x2.aem4f : PINCC26XX.oem4f (.text:PIN_close)
                  0000553a    0000001e                          : PowerCC26X2.oem4f (.text:Power_getTransitionLatency)
                  00005558    0000001e     libenc28j60board.a : spimaster.c.obj (.text:readRevID)
                  00005576    00000002     rom_sysbios.aem4f : rom_sysbios.obj (.text:xdc_runtime_SysCallback_defaultFlush)
                  00005578    0000001c     libenc28j60board.a : CC1352P1_LAUNCHXL.c.obj (.text:CC1352P1_LAUNCHXL_initGeneral)
                  00005594    0000001c     driverlib.lib : chipinfo.obj (.text:NOROM_ChipInfo_GetChipFamily)
                  000055b0    0000001c     drivers_cc13x2.aem4f : PINCC26XX.oem4f (.text:PIN_hwi)
                  000055cc    0000001c     dpl_cc13x2.aem4f : PowerCC26X2_tirtos.oem4f (.text:PowerCC26XX_schedulerDisable)
                  000055e8    0000001c                      : PowerCC26X2_tirtos.oem4f (.text:PowerCC26XX_schedulerRestore)
                  00005604    0000001c     drivers_cc13x2.aem4f : UDMACC26XX.oem4f (.text:UDMACC26XX_initHw)
                  00005620    0000001c     rom_sysbios.aem4f : rom_sysbios.obj (.text:ti_sysbios_family_arm_m3_Hwi_clearInterrupt__E)
                  0000563c    0000001c                       : rom_sysbios.obj (.text:ti_sysbios_knl_Swi_construct2__E)
                  00005658    0000001c     release_pem4f.oem4f (.text:xdc_runtime_Startup_exec__I)
                  00005674    0000001a     libenc28j60board.a : spimaster.c.obj (.text:LEDB_On)
                  0000568e    0000001a     drivers_cc13x2.aem4f : PowerCC26X2.oem4f (.text:PowerCC26XX_calibrate)
                  000056a8    0000001a     release_pem4f.oem4f (.text:free)
                  000056c2    00000002     rom_sysbios.aem4f : rom_sysbios.obj (.text:xdc_runtime_SysCallback_defaultPutch)
                  000056c4    00000018     driverlib.lib : chipinfo.obj (.text:NOROM_ChipInfo_GetPackageType)
                  000056dc    00000018     drivers_cc13x2.aem4f : PowerCC26X2.oem4f (.text:Power_idleFunc)
                  000056f4    00000018                          : UART.oem4f (.text:UART_Params_init)
                  0000570c    00000018     rtsv7M4_T_le_v4SPD16_eabi.lib : ll_mul_t2.asm.obj (.text)
                  00005724    00000018     libenc28j60board.a : spimaster.c.obj (.text:setBitClearField)
                  0000573c    00000018                        : spimaster.c.obj (.text:setBitSetField)
                  00005754    00000018     release_pem4f.oem4f (.text:ti_sysbios_BIOS_rtsUnlock__I)
                  0000576c    00000018     rom_sysbios.aem4f : rom_sysbios.obj (.text:ti_sysbios_knl_Swi_or__E)
                  00005784    00000018                       : rom_sysbios.obj (.text:ti_sysbios_rts_ti_ReentSupport_getReent__F)
                  0000579c    00000018                       : rom_sysbios.obj (.text:xdc_runtime_Error_init__E)
                  000057b4    00000016     display.aem4f : DisplayUart.oem4f (.text:DisplayUartMin_close)
                  000057ca    00000016     libenc28j60board.a : spimaster.c.obj (.text:LED_Default)
                  000057e0    00000016     rom_sysbios.aem4f : rom_sysbios.obj (.text:_pthread_cleanup_pop)
                  000057f6    00000016     release_pem4f.oem4f (.text:ti_sysbios_BIOS_exitFunc__I)
                  0000580c    00000014     drivers_cc13x2.aem4f : PINCC26XX.oem4f (.text:PINCC26XX_getInputValue)
                  00005820    00000014                          : PowerCC26X2_calibrateRCOSC.oem4f (.text:PowerCC26X2_calibrate)
                  00005834    00000014                          : SPI.oem4f (.text:SPI_Params_init)
                  00005848    00000014                          : PowerCC26X2.oem4f (.text:configureRFCoreClocks)
                  0000585c    00000014     rom_sysbios.aem4f : rom_sysbios.obj (.text:pthread_attr_setschedparam)
                  00005870    00000014     drivers_cc13x2.aem4f : PowerCC26X2.oem4f (.text:switchToTCXO)
                  00005884    00000014     rom_sysbios.aem4f : rom_sysbios.obj (.text:ti_sysbios_family_arm_cc26xx_Timer_getCount64__E)
                  00005898    00000014     release_pem4f.oem4f (.text:ti_sysbios_knl_Clock_doTick__I)
                  000058ac    00000012     drivers_cc13x2.aem4f : RingBuf.oem4f (.text:RingBuf_construct)
                  000058be    00000012     dpl_cc13x2.aem4f : SemaphoreP_tirtos.oem4f (.text:SemaphoreP_pend)
                  000058d0    00000012     rom_sysbios.aem4f : rom_sysbios.obj (.text:_pthread_runStub$45)
                  000058e2    00000010     dpl_cc13x2.aem4f : HwiP_tirtos.oem4f (.text:HwiP_Params_init)
                  000058f2    00000002     --HOLE-- [fill = 0]
                  000058f4    00000010     drivers_cc13x2.aem4f : PINCC26XX.oem4f (.text:PINCC26XX_getPinCount)
                  00005904    00000010     dpl_cc13x2.aem4f : SwiP_tirtos.oem4f (.text:SwiP_Params_init)
                  00005914    00000010     drivers_cc13x2.aem4f : UARTCC26XX.oem4f (.text:uartPostNotify)
                  00005924    0000000e     rtsv7M4_T_le_v4SPD16_eabi.lib : copy_decompress_none.c.obj (.text:decompress:none:__TI_decompress_none)
                  00005932    0000000e     rom_sysbios.aem4f : rom_sysbios.obj (.text:pthread_attr_setdetachstate)
                  00005940    0000000e                       : rom_sysbios.obj (.text:ti_sysbios_family_arm_cc26xx_TimestampProvider_get32__E)
                  0000594e    0000000c     libenc28j60board.a : CC1352P1_LAUNCHXL_fxns.c.obj (.text:Board_initHook)
                  0000595a    0000000c     driverlib.lib : cpu.obj (.text:NOROM_CPUcpsid)
                  00005966    0000000c                   : cpu.obj (.text:NOROM_CPUcpsie)
                  00005972    0000000c     drivers_cc13x2.aem4f : PINCC26XX.oem4f (.text:PIN_registerIntCb)
                  0000597e    00000002     --HOLE-- [fill = 0]
                  00005980    0000000c                          : PowerCC26X2.oem4f (.text:Power_getConstraintMask)
                  0000598c    0000000c                          : PowerCC26X2.oem4f (.text:Power_getDependencyCount)
                  00005998    0000000c     dpl_cc13x2.aem4f : SemaphoreP_tirtos.oem4f (.text:SemaphoreP_delete)
                  000059a4    0000000c     rtsv7M4_T_le_v4SPD16_eabi.lib : _lock.c.obj (.text:_register_lock)
                  000059b0    0000000c                                   : _lock.c.obj (.text:_register_unlock)
                  000059bc    0000000c                                   : copy_zero_init.c.obj (.text:decompress:ZI:__TI_zero_init)
                  000059c8    0000000c     rom_sysbios.aem4f : rom_sysbios.obj (.text:pthread_self)
                  000059d4    0000000c     drivers_cc13x2.aem4f : SPICC26X2DMA.oem4f (.text:spiPostNotify)
                  000059e0    0000000c     rom_sysbios.aem4f : rom_sysbios.obj (.text:ti_sysbios_knl_Swi_getTrigger__E)
                  000059ec    0000000a     dpl_cc13x2.aem4f : ClockP_tirtos.oem4f (.text:ClockP_Params_init)
                  000059f6    0000000a     drivers_cc13x2.aem4f : SPICC26X2DMA.oem4f (.text:SPICC26X2DMA_init)
                  00005a00    0000000a                          : SPI.oem4f (.text:SPI_close)
                  00005a0a    0000000a                          : SPI.oem4f (.text:SPI_transfer)
                  00005a14    0000000a                          : UART.oem4f (.text:UART_close)
                  00005a1e    0000000a                          : UART.oem4f (.text:UART_control)
                  00005a28    0000000a                          : UART.oem4f (.text:UART_write)
                  00005a32    0000000a                          : UDMACC26XX.oem4f (.text:UDMACC26XX_hwiIntFxn)
                  00005a3c    0000000a     release_pem4f.oem4f (.text:ti_sysbios_rts_ti_ReentSupport_getTlsAddr__I)
                  00005a46    00000008     drivers_cc13x2.aem4f : UARTCC26XX.oem4f (.text:UARTCC26XX_init)
                  00005a4e    00000008                          : SPICC26X2DMA.oem4f (.text:blockingTransferCallback)
                  00005a56    00000008                          : UARTCC26XX.oem4f (.text:readSemCallback)
                  00005a5e    00000008                          : UARTCC26XX.oem4f (.text:writeSemCallback)
                  00005a66    00000008     release_pem4f.oem4f (.text:xdc_runtime_Text_visitRope__I)
                  00005a6e    00000006     display.aem4f : DisplayUart.oem4f (.text:DisplayUartMin_control)
                  00005a74    00000006                   : DisplayUart.oem4f (.text:DisplayUartMin_getType)
                  00005a7a    00000006     driverlib.lib : cpu.obj (.text:NOROM_CPUdelay)
                  00005a80    00000006     drivers_cc13x2.aem4f : UARTCC26XX.oem4f (.text:UARTCC26XX_readPolling)
                  00005a86    00000006                          : UARTCC26XX.oem4f (.text:UARTCC26XX_writePolling)
                  00005a8c    00000006     rom_sysbios.aem4f : rom_sysbios.obj (.text:pthread_attr_setstacksize)
                  00005a92    00000006     libenc28j60board.a : spimaster.c.obj (.text:whichBank)
                  00005a98    00000004     dpl_cc13x2.aem4f : PowerCC26X2_tirtos.oem4f (.text:CPUwfi)
                  00005a9c    00000004                      : ClockP_tirtos.oem4f (.text:ClockP_destruct)
                  00005aa0    00000004                      : ClockP_tirtos.oem4f (.text:ClockP_getCpuFreq)
                  00005aa4    00000004                      : ClockP_tirtos.oem4f (.text:ClockP_setTimeout)
                  00005aa8    00000004                      : ClockP_tirtos.oem4f (.text:ClockP_start)
                  00005aac    00000004                      : ClockP_tirtos.oem4f (.text:ClockP_stop)
                  00005ab0    00000004                      : HwiP_tirtos.oem4f (.text:HwiP_clearInterrupt)
                  00005ab4    00000004                      : HwiP_tirtos.oem4f (.text:HwiP_destruct)
                  00005ab8    00000004                      : HwiP_tirtos.oem4f (.text:HwiP_disable)
                  00005abc    00000004                      : HwiP_tirtos.oem4f (.text:HwiP_disableInterrupt)
                  00005ac0    00000004                      : HwiP_tirtos.oem4f (.text:HwiP_enableInterrupt)
                  00005ac4    00000004                      : SemaphoreP_tirtos.oem4f (.text:SemaphoreP_destruct)
                  00005ac8    00000004                      : SemaphoreP_tirtos.oem4f (.text:SemaphoreP_post)
                  00005acc    00000004                      : SwiP_tirtos.oem4f (.text:SwiP_destruct)
                  00005ad0    00000004                      : SwiP_tirtos.oem4f (.text:SwiP_disable)
                  00005ad4    00000004                      : SwiP_tirtos.oem4f (.text:SwiP_getTrigger)
                  00005ad8    00000004                      : SwiP_tirtos.oem4f (.text:SwiP_or)
                  00005adc    00000004                      : SwiP_tirtos.oem4f (.text:SwiP_post)
                  00005ae0    00000004                      : SystemP_tirtos.oem4f (.text:SystemP_vsnprintf)
                  00005ae4    00000004     rom_sysbios.aem4f : rom_sysbios.obj (.text:__aeabi_errno_addr)
                  00005ae8    00000004     rtsv7M4_T_le_v4SPD16_eabi.lib : pre_init.c.obj (.text:_system_pre_init)
                  00005aec    00000004                                   : exit.c.obj (.text:abort:abort)
                  00005af0    00000004     drivers_cc13x2.aem4f : PowerCC26X2.oem4f (.text:nopResourceHandler)
                  00005af4    00000004     rom_sysbios.aem4f : rom_sysbios.obj (.text:ti_sysbios_knl_Queue_insert__E)
                  00005af8    00000004                       : rom_sysbios.obj (.text:ti_sysbios_knl_Task_getArg1__E)
                  00005afc    00000004                       : rom_sysbios.obj (.text:ti_sysbios_knl_Task_getEnv__E)
                  00005b00    00000004                       : rom_sysbios.obj (.text:xdc_runtime_SysCallback_defaultReady)
                  00005b04    00000008     (.tramp.ti_sysbios_family_arm_m3_Hwi_restoreFxn__E.1)
                  00005b0c    00000008     (.tramp.ti_sysbios_knl_Swi_restore__E.1)
                  00005b14    00000008     (.tramp.xdc_runtime_System_doPrint__I.1)
                  00005b1c    00000008     (.tramp.ti_sysbios_knl_Task_Params__init__S.1)
                  00005b24    00000008     (.tramp.xdc_runtime_Memory_alloc__E.1)
                  00005b2c    00000008     (.tramp.ti_sysbios_knl_Queue_construct.1)
                  00005b34    00000008     (.tramp.ti_sysbios_knl_Semaphore_Params__init__S.1)
                  00005b3c    00000008     (.tramp.ti_sysbios_knl_Semaphore_construct.1)
                  00005b44    00000008     (.tramp.ti_sysbios_knl_Task_create.1)
                  00005b4c    00000008     (.tramp.ti_sysbios_knl_Clock_setTimeout__E.1)
                  00005b54    00000008     (.tramp.ti_sysbios_knl_Clock_start__E.1)
                  00005b5c    00000008     (.tramp.ti_sysbios_knl_Clock_stop__E.1)
                  00005b64    00000008     (.tramp.ti_sysbios_knl_Task_disable__E.1)
                  00005b6c    00000008     (.tramp.ti_sysbios_knl_Queue_remove__E.1)
                  00005b74    00000008     (.tramp.ti_sysbios_knl_Queue_empty__E.1)
                  00005b7c    00000008     (.tramp.ti_sysbios_knl_Queue_enqueue__E.1)
                  00005b84    00000008     (.tramp.ti_sysbios_knl_Task_restore__E.1)
                  00005b8c    00000008     (.tramp.ti_sysbios_knl_Semaphore_pend__E.1)
                  00005b94    00000008     (.tramp.ti_sysbios_knl_Queue_head__E.1)
                  00005b9c    00000008     (.tramp.ti_sysbios_knl_Queue_next__E.1)
                  00005ba4    00000008     (.tramp.xdc_runtime_Memory_free__E.1)
                  00005bac    00000008     (.tramp.ti_sysbios_knl_Semaphore_post__E.1)
                  00005bb4    00000008     (.tramp.ti_sysbios_family_arm_m3_Hwi_excFillContext__I.1)
                  00005bbc    00000008     (.tramp.ti_sysbios_BIOS_setThreadType__E.1)
                  00005bc4    00000008     (.tramp.xdc_runtime_Error_raiseX__E.1)
                  00005bcc    00000008     (.tramp.ti_sysbios_BIOS_start__E.1)
                  00005bd4    00000008     (.tramp.ti_sysbios_heaps_HeapMem_Object__get__S.1)
                  00005bdc    00000008     (.tramp.ti_sysbios_heaps_HeapMem_restore__E.1)
                  00005be4    00000008     (.tramp.ti_sysbios_knl_Clock_Params__init__S.1)
                  00005bec    00000008     (.tramp.ti_sysbios_knl_Clock_construct.1)
                  00005bf4    00000008     (.tramp.strlen.1)
                  00005bfc    00000008     (.tramp.ti_sysbios_family_arm_m3_Hwi_Params__init__S.1)
                  00005c04    00000008     (.tramp.ti_sysbios_knl_Swi_Params__init__S.1)
                  00005c0c    00000008     (.tramp.ti_sysbios_knl_Task_sleep__E.1)
                  00005c14    00000008     (.tramp.ti_sysbios_family_arm_m3_Hwi_construct.1)
                  00005c1c    00000008     (.tramp.ti_sysbios_knl_Swi_disable__E.1)
                  00005c24    00000008     (.tramp.xdc_runtime_Startup_rtsDone__E.1)
                  00005c2c    00000008     (.tramp.ti_sysbios_BIOS_linkedWithIncorrectBootLibrary__E.1)
                  00005c34    00000008     (.tramp.xdc_runtime_System_atexit__E.1)
                  00005c3c    00000008     (.tramp.ti_sysbios_family_arm_cc26xx_Timer_startup__E.1)
                  00005c44    00000008     (.tramp.ti_sysbios_hal_Hwi_startup__E.1)
                  00005c4c    00000008     (.tramp.ti_sysbios_knl_Swi_startup__E.1)
                  00005c54    00000008     (.tramp.ti_sysbios_knl_Task_startup__E.1)
                  00005c5c    00000008     (.tramp.ti_sysbios_knl_Semaphore_create.1)
                  00005c64    00000008     (.tramp.ti_sysbios_knl_Semaphore_destruct.1)
                  00005c6c    00000008     (.tramp.ti_sysbios_knl_Task_delete.1)
                  00005c74    00000008     (.tramp.ti_sysbios_knl_Clock_TimerProxy_getCurrentTick__E.1)
                  00005c7c    00000008     (.tramp.ti_sysbios_BIOS_RtsGateProxy_enter__E.1)
                  00005c84    00000008     (.tramp.ti_sysbios_knl_Swi_construct.1)
                  00005c8c    00000008     (.tramp.ti_sysbios_BIOS_RtsGateProxy_leave__E.1)
                  00005c94    00000008     (.tramp.ti_sysbios_knl_Swi_post__E.1)
                  00005c9c    00000008     (.tramp.ti_sysbios_BIOS_getThreadType__E.1)
                  00005ca4    00000008     (.tramp.xdc_runtime_System_exit__E.1)
                  00005cac    00000008     (.tramp.ti_sysbios_knl_Clock_logTick__E.1)
                  00005cb4    00000008     (.tramp.ti_sysbios_knl_Semaphore_delete.1)
                  00005cbc    00000008     (.tramp.ti_sysbios_knl_Task_self__E.1)
                  00005cc4    00000008     (.tramp.ti_sysbios_knl_Clock_destruct.1)
                  00005ccc    00000008     (.tramp.ti_sysbios_BIOS_getCpuFreq__E.1)
                  00005cd4    00000008     (.tramp.ti_sysbios_family_arm_m3_Hwi_destruct.1)
                  00005cdc    00000008     (.tramp.ti_sysbios_family_arm_m3_Hwi_disableFxn__E.1)
                  00005ce4    00000008     (.tramp.ti_sysbios_family_arm_m3_Hwi_disableInterrupt__E.1)
                  00005cec    00000008     (.tramp.ti_sysbios_family_arm_m3_Hwi_enableInterrupt__E.1)
                  00005cf4    00000008     (.tramp.ti_sysbios_knl_Swi_destruct.1)
                  00005cfc    00000008     (.tramp.xdc_runtime_System_vsnprintf__E.1)

.stack     0    00005d08    00000800     UNINITIALIZED
                  00005d08    00000004     rtsv7M4_T_le_v4SPD16_eabi.lib : boot_cortex_m.c.obj (.stack)
                  00005d0c    000007fc     --HOLE--

.const     0    00006508    000007f8     
                  00006508    000003b8     release_pem4f.oem4f (.const:ROM_constStruct)
                  000068c0    00000054     drivers_cc13x2.aem4f : PowerCC26X2.oem4f (.const:resourceDB)
                  00006914    00000050     libenc28j60board.a : CC1352P1_LAUNCHXL.c.obj (.const:uartCC26XXHWAttrs)
                  00006964    00000048     release_pem4f.oem4f (.const:.string)
                  000069ac    00000048     release_pem4f.oem4f (.const:ROM_externFuncPtrs)
                  000069f4    00000040     libenc28j60board.a : CC1352P1_LAUNCHXL.c.obj (.const:spiCC26X2DMAHWAttrs)
                  00006a34    00000038                        : CC1352P1_LAUNCHXL.c.obj (.const:BoardGpioInitTable)
                  00006a6c    00000028     drivers_cc13x2.aem4f : UARTCC26XX.oem4f (.const:UARTCC26XX_fxnTable)
                  00006a94    00000024                          : UART.oem4f (.const:UART_defaultParams)
                  00006ab8    00000024     release_pem4f.oem4f (.const:xdc_runtime_Startup_sfxnTab__A)
                  00006adc    00000020     display.aem4f : DisplayUart.oem4f (.const:DisplayUartMin_fxnTable)
                  00006afc    00000020     drivers_cc13x2.aem4f : SPI.oem4f (.const:SPI_defaultParams)
                  00006b1c    00000018                          : SPICC26X2DMA.oem4f (.const:SPICC26X2DMA_fxnTable)
                  00006b34    00000018     libenc28j60board.a : CC1352P1_LAUNCHXL.c.obj (.const:SPI_config)
                  00006b4c    00000018                        : CC1352P1_LAUNCHXL.c.obj (.const:UART_config)
                  00006b64    00000018     drivers_cc13x2.aem4f : SPICC26X2DMA.oem4f (.const:frameFormat)
                  00006b7c    00000018                          : GPIOCC26XX.oem4f (.const:interruptType)
                  00006b94    00000016     libenc28j60board.a : CC1352P1_LAUNCHXL.c.obj (.const)
                  00006baa    00000001     display.aem4f : Display.oem4f (.const:Display_defaultParams)
                  00006bab    00000001     release_pem4f.oem4f (.const:xdc_runtime_Text_charTab__A)
                  00006bac    00000014     libenc28j60board.a : CC1352P1_LAUNCHXL_fxns.c.obj (.const:$P$T1$2$0)
                  00006bc0    00000014                        : CC1352P1_LAUNCHXL.c.obj (.const:GPIOCC26XX_config)
                  00006bd4    00000014                        : CC1352P1_LAUNCHXL.c.obj (.const:PowerCC26X2_config)
                  00006be8    00000014                        : CC1352P1_LAUNCHXL.c.obj (.const:displayUartHWAttrs)
                  00006bfc    00000014     drivers_cc13x2.aem4f : UARTCC26XX.oem4f (.const:parityType)
                  00006c10    00000012     release_pem4f.oem4f (.const:xdc_runtime_Startup_sfxnRts__A)
                  00006c22    00000002     --HOLE-- [fill = 0]
                  00006c24    00000010     libenc28j60board.a : CC1352P1_LAUNCHXL_fxns.c.obj (.const:$P$T2$3$0)
                  00006c34    00000010     drivers_cc13x2.aem4f : UARTCC26XX.oem4f (.const:dataLength)
                  00006c44    00000010                          : GPIOCC26XX.oem4f (.const:outPinTypes)
                  00006c54    0000000c     libenc28j60board.a : CC1352P1_LAUNCHXL.c.obj (.const:Display_config)
                  00006c60    0000000c     drivers_cc13x2.aem4f : GPIOCC26XX.oem4f (.const:inPinTypes)
                  00006c6c    0000000c                          : GPIOCC26XX.oem4f (.const:outPinStrengths)
                  00006c78    0000000c     release_pem4f.oem4f (.const:xdc_runtime_Startup_firstFxns__A)
                  00006c84    00000008     libenc28j60board.a : CC1352P1_LAUNCHXL_fxns.c.obj (.const:$P$T0$1$0)
                  00006c8c    00000008                        : CC1352P1_LAUNCHXL.c.obj (.const:PINCC26XX_hwAttrs)
                  00006c94    00000008                        : CC1352P1_LAUNCHXL.c.obj (.const:UDMACC26XX_config)
                  00006c9c    00000008     drivers_cc13x2.aem4f : SPICC26X2DMA.oem4f (.const:dmaNullConfig)
                  00006ca4    00000008                          : SPICC26X2DMA.oem4f (.const:dmaRxConfig)
                  00006cac    00000008                          : SPICC26X2DMA.oem4f (.const:dmaTxConfig)
                  00006cb4    00000008                          : UARTCC26XX.oem4f (.const:stopBits)
                  00006cbc    00000008     release_pem4f.oem4f (.const:ti_sysbios_family_arm_m3_Hwi_excHookFuncs__A)
                  00006cc4    00000008     release_pem4f.oem4f (.const:ti_sysbios_knl_Idle_funcList__A)
                  00006ccc    00000008     libenc28j60board.a : CC1352P1_LAUNCHXL.c.obj (.const:udmaHWAttrs)
                  00006cd4    00000006     drivers_cc13x2.aem4f : UARTCC26XX.oem4f (.const:.string:rxFifoBytes)
                  00006cda    00000006                          : UARTCC26XX.oem4f (.const:.string:rxFifoThreshold)
                  00006ce0    00000006                          : UARTCC26XX.oem4f (.const:.string:txFifoBytes)
                  00006ce6    00000006                          : UARTCC26XX.oem4f (.const:.string:txFifoThreshold)
                  00006cec    00000004     release_pem4f.oem4f (.const:ti_sysbios_family_arm_m3_Hwi_E_exception__C)
                  00006cf0    00000004     release_pem4f.oem4f (.const:ti_sysbios_heaps_HeapMem_primaryHeapBaseAddr__C)
                  00006cf4    00000004     release_pem4f.oem4f (.const:ti_sysbios_heaps_HeapMem_primaryHeapEndAddr__C)
                  00006cf8    00000004     release_pem4f.oem4f (.const:ti_sysbios_knl_Clock_tickPeriod__C)
                  00006cfc    00000004     release_pem4f.oem4f (.const:ti_sysbios_knl_Task_Object__heap__C)

.bss:.common 
*          0    00006d00    0000061d     UNINITIALIZED
                  00006d00    00000258     (.common:uartCC26XXObjects)
                  00006f58    000001a8     (.common:spiCC26X2DMAObjects)
                  00007100    000000d8     (.common:ti_sysbios_family_arm_m3_Hwi_dispatchTable)
                  000071d8    0000007c     (.common:pinHandleTable)
                  00007254    00000040     (.common:uartCC26XXRingBuffer)
                  00007294    00000020     (.common:spiParams)
                  000072b4    00000020     (.common:udmaObjects)
                  000072d4    00000018     (.common:controlReg)
                  000072ec    0000000c     (.common:displayUartObject)
                  000072f8    00000004     (.common:ClockP_tickPeriod)
                  000072fc    00000004     (.common:PowerCC26XX_swiKey)
                  00007300    00000004     (.common:PowerCC26XX_taskKey)
                  00007304    00000004     (.common:display)
                  00007308    00000004     (.common:masterRxBuffer_MAC)
                  0000730c    00000004     (.common:masterRxBuffer_eight)
                  00007310    00000004     (.common:masterSpi)
                  00007314    00000004     (.common:masterTxBuffer_MAC)
                  00007318    00000004     (.common:masterTxBuffer_eight)
                  0000731c    00000001     (.common:driverlib_release_0_55675)

.data      0    00007320    00000569     UNINITIALIZED
                  00007320    00000110     drivers_cc13x2.aem4f : PowerCC26X2.oem4f (.data:PowerCC26X2_module)
                  00007430    0000010c     release_pem4f.oem4f (.data:ROM_stateStruct)
                  0000753c    00000088     rom_sysbios.aem4f : rom_sysbios.obj (.data:$O1$$)
                  000075c4    00000054     release_pem4f.oem4f (.data:ti_sysbios_gates_GateMutex_Object__table__V)
                  00007618    0000004c     release_pem4f.oem4f (.data:ti_sysbios_knl_Task_Object__table__V)
                  00007664    00000004     drivers_cc13x2.aem4f : GPIOCC26XX.oem4f (.data:gpioPinTable)
                  00007668    00000048     release_pem4f.oem4f (.data:ti_sysbios_family_arm_cc26xx_Timer_Object__table__V)
                  000076b0    00000038     libenc28j60board.a : CC1352P1_LAUNCHXL.c.obj (.data:gpioPinConfigs)
                  000076e8    00000030     release_pem4f.oem4f (.data:ti_sysbios_knl_Swi_Module_State_0_readyQ__A)
                  00007718    00000030     release_pem4f.oem4f (.data:ti_sysbios_knl_Swi_Object__table__V)
                  00007748    00000030     release_pem4f.oem4f (.data:ti_sysbios_knl_Task_Module_State_0_readyQ__A)
                  00007778    00000020     release_pem4f.oem4f (.data:ti_sysbios_knl_Clock_Object__table__V)
                  00007798    00000020     release_pem4f.oem4f (.data:xdc_runtime_Error_IgnoreBlock)
                  000077b8    00000018     release_pem4f.oem4f (.data:ti_sysbios_family_arm_m3_Hwi_Object__table__V)
                  000077d0    00000018     release_pem4f.oem4f (.data:ti_sysbios_heaps_HeapMem_Object__table__V)
                  000077e8    00000010     libenc28j60board.a : CC1352P1_LAUNCHXL.c.obj (.data:gpioCallbackFunctions)
                  000077f8    00000008     rtsv7M4_T_le_v4SPD16_eabi.lib : _lock.c.obj (.data:$O1$$)
                  00007800    00000008     drivers_cc13x2.aem4f : PINCC26XX.oem4f (.data)
                  00007808    00000008     release_pem4f.oem4f (.data:ti_sysbios_family_arm_m3_Hwi_Module__root__V)
                  00007810    00000008     release_pem4f.oem4f (.data:ti_sysbios_gates_GateHwi_Module__root__V)
                  00007818    00000008     release_pem4f.oem4f (.data:ti_sysbios_gates_GateMutex_Module__root__V)
                  00007820    00000008     release_pem4f.oem4f (.data:ti_sysbios_hal_Hwi_Module__root__V)
                  00007828    00000008     release_pem4f.oem4f (.data:ti_sysbios_heaps_HeapMem_Module__root__V)
                  00007830    00000008     release_pem4f.oem4f (.data:ti_sysbios_knl_Clock_Module__root__V)
                  00007838    00000008     release_pem4f.oem4f (.data:ti_sysbios_knl_Event_Module__root__V)
                  00007840    00000008     release_pem4f.oem4f (.data:ti_sysbios_knl_Mailbox_Module__root__V)
                  00007848    00000008     release_pem4f.oem4f (.data:ti_sysbios_knl_Queue_Module__root__V)
                  00007850    00000008     release_pem4f.oem4f (.data:ti_sysbios_knl_Semaphore_Module__root__V)
                  00007858    00000008     release_pem4f.oem4f (.data:ti_sysbios_knl_Swi_Module__root__V)
                  00007860    00000008     release_pem4f.oem4f (.data:ti_sysbios_knl_Task_Module__root__V)
                  00007868    00000008     release_pem4f.oem4f (.data:xdc_runtime_System_Module_State_0_atexitHandlers__A)
                  00007870    00000005     drivers_cc13x2.aem4f : GPIOCC26XX.oem4f (.data)
                  00007875    00000001                          : SPI.oem4f (.data)
                  00007876    00000002     release_pem4f.oem4f (.data:ti_sysbios_family_arm_m3_Hwi_Module_State_0_excActive__A)
                  00007878    00000004     rtsv7M4_T_le_v4SPD16_eabi.lib : rand.c.obj (.data)
                  0000787c    00000004     release_pem4f.oem4f (.data:ti_sysbios_family_arm_m3_Hwi_Module_State_0_excContext__A)
                  00007880    00000004     release_pem4f.oem4f (.data:ti_sysbios_family_arm_m3_Hwi_Module_State_0_excStack__A)
                  00007884    00000004     release_pem4f.oem4f (.data:ti_sysbios_knl_Task_Module_State_0_idleTask__A)
                  00007888    00000001     drivers_cc13x2.aem4f : UART.oem4f (.data)

.TI.bound:dmaSpi0RxControlTableEntry 
*          0    20001830    00000010     UNINITIALIZED
                  20001830    00000010     drivers_cc13x2.aem4f : SPICC26X2DMA.oem4f (.TI.bound:dmaSpi0RxControlTableEntry)

.TI.bound:dmaSpi0TxControlTableEntry 
*          0    20001840    00000010     UNINITIALIZED
                  20001840    00000010     drivers_cc13x2.aem4f : SPICC26X2DMA.oem4f (.TI.bound:dmaSpi0TxControlTableEntry)

.TI.bound:dmaSpi1RxControlTableEntry 
*          0    20001900    00000010     UNINITIALIZED
                  20001900    00000010     drivers_cc13x2.aem4f : SPICC26X2DMA.oem4f (.TI.bound:dmaSpi1RxControlTableEntry)

.TI.bound:dmaSpi1TxControlTableEntry 
*          0    20001910    00000010     UNINITIALIZED
                  20001910    00000010     drivers_cc13x2.aem4f : SPICC26X2DMA.oem4f (.TI.bound:dmaSpi1TxControlTableEntry)

.TI.bound:dmaSpi0RxAltControlTableEntry 
*          0    20001a30    00000010     UNINITIALIZED
                  20001a30    00000010     drivers_cc13x2.aem4f : SPICC26X2DMA.oem4f (.TI.bound:dmaSpi0RxAltControlTableEntry)

.TI.bound:dmaSpi0TxAltControlTableEntry 
*          0    20001a40    00000010     UNINITIALIZED
                  20001a40    00000010     drivers_cc13x2.aem4f : SPICC26X2DMA.oem4f (.TI.bound:dmaSpi0TxAltControlTableEntry)

.TI.bound:dmaSpi1RxAltControlTableEntry 
*          0    20001b00    00000010     UNINITIALIZED
                  20001b00    00000010     drivers_cc13x2.aem4f : SPICC26X2DMA.oem4f (.TI.bound:dmaSpi1RxAltControlTableEntry)

.TI.bound:dmaSpi1TxAltControlTableEntry 
*          0    20001b10    00000010     UNINITIALIZED
                  20001b10    00000010     drivers_cc13x2.aem4f : SPICC26X2DMA.oem4f (.TI.bound:dmaSpi1TxAltControlTableEntry)

.bss       0    00007890    00000370     UNINITIALIZED
                  00007890    00000200     release_pem4f.oem4f (.bss:taskStackSection)
                  00007a90    00000080     libenc28j60board.a : CC1352P1_LAUNCHXL.c.obj (.bss:uartStringBuf$0)
                  00007b10    00000034     drivers_cc13x2.aem4f : PINCC26XX.oem4f (.bss:pinSwi)
                  00007b44    00000020                          : GPIOCC26XX.oem4f (.bss:gpioCallbackInfo)
                  00007b64    00000020                          : PINCC26XX.oem4f (.bss:pinGpioConfigTable)
                  00007b84    0000001c     driverlib.lib : osc.obj (.bss:$O1$$)
                  00007ba0    0000001c     drivers_cc13x2.aem4f : PINCC26XX.oem4f (.bss:pinHwi)
                  00007bbc    0000001c                          : PINCC26XX.oem4f (.bss:pinSemaphore)
                  00007bd8    0000000c     libenc28j60board.a : CC1352P1_LAUNCHXL_fxns.c.obj (.bss:antennaState$0)
                  00007be4    0000000c     drivers_cc13x2.aem4f : GPIOCC26XX.oem4f (.bss:gpioPinState)
                  00007bf0    00000008                          : GPIOCC26XX.oem4f (.bss)
                  00007bf8    00000004                          : PINCC26XX.oem4f (.bss)
                  00007bfc    00000004     libenc28j60board.a : CC1352P1_LAUNCHXL_fxns.c.obj (.bss)

.sysmem    0    00007c00    00000010     UNINITIALIZED
                  00007c00    00000010     rtsv7M4_T_le_v4SPD16_eabi.lib : memory.c.obj (.sysmem)

.cinit     0    00007c10    000001d0     
                  00007c10    000000e5     (.cinit..data.load) [load image, compression = lzss]
                  00007cf5    00000003     --HOLE-- [fill = 0]
                  00007cf8    0000000c     (__TI_handler_table)
                  00007d04    00000004     --HOLE-- [fill = 0]
                  00007d08    00000008     (.cinit..TI.bound:dmaSpi0RxAltControlTableEntry.load) [load image, compression = zero_init]
                  00007d10    00000008     (.cinit..TI.bound:dmaSpi0RxControlTableEntry.load) [load image, compression = zero_init]
                  00007d18    00000008     (.cinit..TI.bound:dmaSpi0TxAltControlTableEntry.load) [load image, compression = zero_init]
                  00007d20    00000008     (.cinit..TI.bound:dmaSpi0TxControlTableEntry.load) [load image, compression = zero_init]
                  00007d28    00000008     (.cinit..TI.bound:dmaSpi1RxAltControlTableEntry.load) [load image, compression = zero_init]
                  00007d30    00000008     (.cinit..TI.bound:dmaSpi1RxControlTableEntry.load) [load image, compression = zero_init]
                  00007d38    00000008     (.cinit..TI.bound:dmaSpi1TxAltControlTableEntry.load) [load image, compression = zero_init]
                  00007d40    00000008     (.cinit..TI.bound:dmaSpi1TxControlTableEntry.load) [load image, compression = zero_init]
                  00007d48    00000008     (.cinit..bss.load) [load image, compression = zero_init]
                  00007d50    00000008     (.cinit..bss:.common.load) [load image, compression = zero_init]
                  00007d58    00000007     (.cinit..data:xdcRomConstPtr.load) [load image, compression = lzss]
                  00007d5f    00000007     (.cinit..data:xdcRomExternFuncPtr.load) [load image, compression = lzss]
                  00007d66    00000007     (.cinit..data:xdcRomStatePtr.load) [load image, compression = lzss]
                  00007d6d    00000003     --HOLE-- [fill = 0]
                  00007d70    00000070     (__TI_cinit_table)

MODULE SUMMARY

       Module                             code    ro data   rw data
       ------                             ----    -------   -------
    /Users/sramnath/ccs_workspaces/sdk_3_2/spiEthernet/tirtos_builds_CC1352P1_LAUNCHXL_release_ccs/Debug/configPkg/package/cfg/
       release_pem4f.oem4f                854     1259      1830   
    +--+----------------------------------+-------+---------+---------+
       Total:                             854     1259      1830   
                                                                   
    CMakeFiles/test.out.dir/
       main_tirtos.c.obj                  1495    0         4      
    +--+----------------------------------+-------+---------+---------+
       Total:                             1495    0         4      
                                                                   
    /Applications/ti_ccs9/ccs9/ccs/tools/compiler/ti-cgt-arm_18.12.2.LTS/lib/rtsv7M4_T_le_v4SPD16_eabi.lib
       memcpy_t2.asm.obj                  156     0         0      
       ull_div_t2.asm.obj                 150     0         0      
       memset_t2.asm.obj                  122     0         0      
       copy_decompress_lzss.c.obj         104     0         0      
       autoinit.c.obj                     68      0         0      
       rand.c.obj                         52      0         4      
       boot_cortex_m.c.obj                52      0         0      
       _lock.c.obj                        26      0         8      
       ll_mul_t2.asm.obj                  24      0         0      
       copy_decompress_none.c.obj         14      0         0      
       copy_zero_init.c.obj               12      0         0      
       exit.c.obj                         4       0         0      
       pre_init.c.obj                     4       0         0      
       div0.asm.obj                       2       0         0      
    +--+----------------------------------+-------+---------+---------+
       Total:                             790     0         12     
                                                                   
    /Applications/ti_ccs9/simplelink_cc13x2_26x2_sdk_3_20_00_68/kernel/tirtos/packages/ti/dpl/lib/dpl_cc13x2.aem4f
       PowerCC26X2_tirtos.oem4f           240     0         8      
       SemaphoreP_tirtos.oem4f            126     0         0      
       ClockP_tirtos.oem4f                110     0         4      
       HwiP_tirtos.oem4f                  98      0         0      
       SwiP_tirtos.oem4f                  96      0         0      
       SystemP_tirtos.oem4f               4       0         0      
    +--+----------------------------------+-------+---------+---------+
       Total:                             674     0         12     
                                                                   
    /Applications/ti_ccs9/simplelink_cc13x2_26x2_sdk_3_20_00_68/source/ti/devices/cc13x2_cc26x2/driverlib/bin/ccs/driverlib.lib
       sys_ctrl.obj                       408     0         0      
       osc.obj                            336     0         28     
       chipinfo.obj                       132     0         0      
       cpu.obj                            30      0         0      
       driverlib_release.obj              0       0         1      
    +--+----------------------------------+-------+---------+---------+
       Total:                             906     0         29     
                                                                   
    /Applications/ti_ccs9/simplelink_cc13x2_26x2_sdk_3_20_00_68/source/ti/display/lib/display.aem4f
       DisplayUart.oem4f                  184     32        0      
       Display.oem4f                      174     1         0      
    +--+----------------------------------+-------+---------+---------+
       Total:                             358     33        0      
                                                                   
    /Applications/ti_ccs9/simplelink_cc13x2_26x2_sdk_3_20_00_68/source/ti/drivers/lib/drivers_cc13x2.aem4f
       SPICC26X2DMA.oem4f                 3414    72        128    
       UARTCC26XX.oem4f                   2742    108       0      
       PowerCC26X2.oem4f                  2098    84        272    
       PINCC26XX.oem4f                    1574    0         276    
       PowerCC26X2_calibrateRCOSC.oem4f   1400    0         0      
       GPIOCC26XX.oem4f                   660     64        61     
       UART.oem4f                         186     36        1      
       SPI.oem4f                          172     32        1      
       UDMACC26XX.oem4f                   168     0         0      
       RingBuf.oem4f                      152     0         0      
       List.oem4f                         76      0         0      
    +--+----------------------------------+-------+---------+---------+
       Total:                             12642   396       739    
                                                                   
    /Users/sramnath/ccs_workspaces/sdk_3_2/spiEthernet/tirtos_builds_CC1352P1_LAUNCHXL_release_ccs/src/sysbios/rom_sysbios.aem4f
       rom_sysbios.obj                    2065    0         136    
    +--+----------------------------------+-------+---------+---------+
       Total:                             2065    0         136    
                                                                   
    libenc28j60board.a
       spimaster.c.obj                    2998    0         76     
       CC1352P1_LAUNCHXL.c.obj            28      366       1332   
       CC1352P1_LAUNCHXL_fxns.c.obj       284     44        16     
       enc_ethernet.c.obj                 140     0         0      
    +--+----------------------------------+-------+---------+---------+
       Total:                             3450    410       1424   
                                                                   
       Heap:                              0       0         16     
       Stack:                             0       0         2048   
       Linker Generated:                  512     454       0      
    +--+----------------------------------+-------+---------+---------+
       Grand Total:                       23746   2552      6250   


LINKER GENERATED COPY TABLES

__TI_cinit_table @ 00007d70 records: 14, size/record: 8, table size: 112
	.data: load addr=00007c10, load size=000000e5 bytes, run addr=00007320, run size=00000569 bytes, compression=lzss
	.TI.bound:dmaSpi0RxAltControlTableEntry: load addr=00007d08, load size=00000008 bytes, run addr=20001a30, run size=00000010 bytes, compression=zero_init
	.TI.bound:dmaSpi0RxControlTableEntry: load addr=00007d10, load size=00000008 bytes, run addr=20001830, run size=00000010 bytes, compression=zero_init
	.TI.bound:dmaSpi0TxAltControlTableEntry: load addr=00007d18, load size=00000008 bytes, run addr=20001a40, run size=00000010 bytes, compression=zero_init
	.TI.bound:dmaSpi0TxControlTableEntry: load addr=00007d20, load size=00000008 bytes, run addr=20001840, run size=00000010 bytes, compression=zero_init
	.TI.bound:dmaSpi1RxAltControlTableEntry: load addr=00007d28, load size=00000008 bytes, run addr=20001b00, run size=00000010 bytes, compression=zero_init
	.TI.bound:dmaSpi1RxControlTableEntry: load addr=00007d30, load size=00000008 bytes, run addr=20001900, run size=00000010 bytes, compression=zero_init
	.TI.bound:dmaSpi1TxAltControlTableEntry: load addr=00007d38, load size=00000008 bytes, run addr=20001b10, run size=00000010 bytes, compression=zero_init
	.TI.bound:dmaSpi1TxControlTableEntry: load addr=00007d40, load size=00000008 bytes, run addr=20001910, run size=00000010 bytes, compression=zero_init
	.bss: load addr=00007d48, load size=00000008 bytes, run addr=00007890, run size=00000370 bytes, compression=zero_init
	.bss:.common: load addr=00007d50, load size=00000008 bytes, run addr=00006d00, run size=0000061d bytes, compression=zero_init
	.data:xdcRomConstPtr: load addr=00007d58, load size=00000007 bytes, run addr=20000100, run size=00000004 bytes, compression=lzss
	.data:xdcRomExternFuncPtr: load addr=00007d5f, load size=00000007 bytes, run addr=20000104, run size=00000004 bytes, compression=lzss
	.data:xdcRomStatePtr: load addr=00007d66, load size=00000007 bytes, run addr=20000108, run size=00000004 bytes, compression=lzss


LINKER GENERATED HANDLER TABLE

__TI_handler_table @ 00007cf8 records: 3, size/record: 4, table size: 12
	index: 0, handler: __TI_decompress_lzss
	index: 1, handler: __TI_decompress_none
	index: 2, handler: __TI_zero_init


FAR CALL TRAMPOLINES

callee name               trampoline name
   callee addr  tramp addr   call addr  call info
--------------  -----------  ---------  ----------------
ti_sysbios_family_arm_m3_Hwi_restoreFxn__E  $Tramp$TT$L$PI$$ti_sysbios_family_arm_m3_Hwi_restoreFxn__E
   1002ec47     00005b04     00000500   drivers_cc13x2.aem4f : SPICC26X2DMA.oem4f (.text:SPICC26X2DMA_transfer)
                             00000582                        : SPICC26X2DMA.oem4f (.text:SPICC26X2DMA_transfer)
                             00000724                        : SPICC26X2DMA.oem4f (.text:SPICC26X2DMA_transfer)
                             000007da                        : SPICC26X2DMA.oem4f (.text:SPICC26X2DMA_hwiFxn)
                             000007e8                        : SPICC26X2DMA.oem4f (.text:SPICC26X2DMA_hwiFxn)
                             00000962                        : SPICC26X2DMA.oem4f (.text:SPICC26X2DMA_hwiFxn)
                             00000996                        : SPICC26X2DMA.oem4f (.text:SPICC26X2DMA_hwiFxn)
                             00001600                        : SPICC26X2DMA.oem4f (.text:SPICC26X2DMA_transferCancel)
                             00001616                        : SPICC26X2DMA.oem4f (.text:SPICC26X2DMA_transferCancel)
                             00001646                        : UARTCC26XX.oem4f (.text:UARTCC26XX_open)
                             00001652                        : UARTCC26XX.oem4f (.text:UARTCC26XX_open)
                             000016dc                        : UARTCC26XX.oem4f (.text:UARTCC26XX_open)
                             0000190c                        : SPICC26X2DMA.oem4f (.text:SPICC26X2DMA_open)
                             0000191c                        : SPICC26X2DMA.oem4f (.text:SPICC26X2DMA_open)
                             00001cf4                        : UARTCC26XX.oem4f (.text:UARTCC26XX_read)
                             00001d50                        : UARTCC26XX.oem4f (.text:UARTCC26XX_read)
                             00001d78                        : UARTCC26XX.oem4f (.text:UARTCC26XX_read)
                             00001d8a                        : UARTCC26XX.oem4f (.text:UARTCC26XX_read)
                             00001dd4                        : UARTCC26XX.oem4f (.text:UARTCC26XX_read)
                             00001de4                        : UARTCC26XX.oem4f (.text:UARTCC26XX_read)
                             00001e62                        : GPIOCC26XX.oem4f (.text:GPIO_setConfig)
                             00001e92                        : GPIOCC26XX.oem4f (.text:GPIO_setConfig)
                             000024d6                        : PINCC26XX.oem4f (.text:PINCC26XX_setIoCfg)
                             000027fc                        : UARTCC26XX.oem4f (.text:UARTCC26XX_write)
                             0000281e                        : UARTCC26XX.oem4f (.text:UARTCC26XX_write)
                             00002874                        : UARTCC26XX.oem4f (.text:UARTCC26XX_write)
                             00002b1c                        : PowerCC26X2.oem4f (.text:Power_releaseDependency)
                             00002b52                        : GPIOCC26XX.oem4f (.text:GPIO_init)
                             00002b58                        : GPIOCC26XX.oem4f (.text:GPIO_init)
                             00002ca4                        : PowerCC26X2.oem4f (.text:Power_setDependency)
                             00003370                        : UARTCC26XX.oem4f (.text:writeTxFifoFlush)
                             000034ae                        : UARTCC26XX.oem4f (.text:UARTCC26XX_writeCancel)
                             000034c4                        : UARTCC26XX.oem4f (.text:UARTCC26XX_writeCancel)
                             000034f8                        : UARTCC26XX.oem4f (.text:UARTCC26XX_writeCancel)
                             00003c0e                        : SPICC26X2DMA.oem4f (.text:csnCallback)
                             00003c3e                        : SPICC26X2DMA.oem4f (.text:csnCallback)
                             00003ff2                        : UARTCC26XX.oem4f (.text:UARTCC26XX_control)
                             000040c6                        : GPIOCC26XX.oem4f (.text:GPIO_write)
                             00004322                        : PowerCC26X2_calibrateRCOSC.oem4f (.text:PowerCC26X2_initiateCalibration)
                             000044c2                        : UARTCC26XX.oem4f (.text:UARTCC26XX_readCancel)
                             000044d6                        : UARTCC26XX.oem4f (.text:UARTCC26XX_readCancel)
                             00004524                        : UDMACC26XX.oem4f (.text:UDMACC26XX_open)
                             000045a0                        : PowerCC26X2.oem4f (.text:switchXOSCHF)
                             00004692                        : PINCC26XX.oem4f (.text:PIN_setOutputEnable)
                             000047da                        : RingBuf.oem4f (.text:RingBuf_put)
                             00004804                        : RingBuf.oem4f (.text:RingBuf_put)
                             00004882                        : SPI.oem4f (.text:SPI_init)
                             000048c6                        : UART.oem4f (.text:UART_init)
                             0000498c                        : RingBuf.oem4f (.text:RingBuf_get)
                             00004994                        : RingBuf.oem4f (.text:RingBuf_get)
                             00004d88                        : UDMACC26XX.oem4f (.text:UDMACC26XX_close)
                             00004fac                        : PowerCC26X2.oem4f (.text:Power_releaseConstraint)
                             00004fdc                        : PowerCC26X2.oem4f (.text:Power_setConstraint)
                             000052f0                        : List.oem4f (.text:List_put)
                             00005316                        : List.oem4f (.text:List_remove)
                             00005470                        : PowerCC26X2.oem4f (.text:Power_unregisterNotify)
                             00005496                        : UARTCC26XX.oem4f (.text:threadSafeStdbyDisRelease)
                             000054b6                        : UARTCC26XX.oem4f (.text:threadSafeStdbyDisSet)
ti_sysbios_knl_Swi_restore__E  $Tramp$TT$L$PI$$ti_sysbios_knl_Swi_restore__E
   1002db61     00005b0c     00000ce4   drivers_cc13x2.aem4f : PowerCC26X2.oem4f (.text:Power_sleep)
                             000055ee   dpl_cc13x2.aem4f : PowerCC26X2_tirtos.oem4f (.text:PowerCC26XX_schedulerRestore)
xdc_runtime_System_doPrint__I  $Tramp$TT$L$PI$$xdc_runtime_System_doPrint__I
   1002ecf1     00005b14     0000121e   release_pem4f.oem4f (.text:xdc_runtime_System_printfExtend__I)
ti_sysbios_knl_Task_Params__init__S  $Tramp$TT$L$PI$$ti_sysbios_knl_Task_Params__init__S
   1002ec09     00005b1c     0000261e   rom_sysbios.aem4f : rom_sysbios.obj (.text:pthread_create)
xdc_runtime_Memory_alloc__E  $Tramp$TT$L$PI$$xdc_runtime_Memory_alloc__E
   1002f289     00005b24     00002632   rom_sysbios.aem4f : rom_sysbios.obj (.text:pthread_create)
                             000050c2   release_pem4f.oem4f (.text:ti_sysbios_rts_gnu_MemAlloc_alloc)
ti_sysbios_knl_Queue_construct  $Tramp$TT$L$PI$$ti_sysbios_knl_Queue_construct
   1002dee5     00005b2c     0000268a   rom_sysbios.aem4f : rom_sysbios.obj (.text:pthread_create)
ti_sysbios_knl_Semaphore_Params__init__S  $Tramp$TT$L$PI$$ti_sysbios_knl_Semaphore_Params__init__S
   1002ebe5     00005b34     00002696   rom_sysbios.aem4f : rom_sysbios.obj (.text:pthread_create)
                             000050e8   dpl_cc13x2.aem4f : SemaphoreP_tirtos.oem4f (.text:SemaphoreP_constructBinary)
                             00005114                    : SemaphoreP_tirtos.oem4f (.text:SemaphoreP_createBinary)
ti_sysbios_knl_Semaphore_construct  $Tramp$TT$L$PI$$ti_sysbios_knl_Semaphore_construct
   1002ddc1     00005b3c     000026a8   rom_sysbios.aem4f : rom_sysbios.obj (.text:pthread_create)
                             000050f8   dpl_cc13x2.aem4f : SemaphoreP_tirtos.oem4f (.text:SemaphoreP_constructBinary)
ti_sysbios_knl_Task_create  $Tramp$TT$L$PI$$ti_sysbios_knl_Task_create
   1002d529     00005b44     000026b2   rom_sysbios.aem4f : rom_sysbios.obj (.text:pthread_create)
ti_sysbios_knl_Clock_setTimeout__E  $Tramp$TT$L$PI$$ti_sysbios_knl_Clock_setTimeout__E
   1002ecc3     00005b4c     00002e84   dpl_cc13x2.aem4f : PowerCC26X2_tirtos.oem4f (.text:PowerCC26XX_standbyPolicy)
                             00005aa4                    : ClockP_tirtos.oem4f (.text:ClockP_setTimeout)
ti_sysbios_knl_Clock_start__E  $Tramp$TT$L$PI$$ti_sysbios_knl_Clock_start__E
   1002e9e7     00005b54     00002e8a   dpl_cc13x2.aem4f : PowerCC26X2_tirtos.oem4f (.text:PowerCC26XX_standbyPolicy)
                             00005aa8                    : ClockP_tirtos.oem4f (.text:ClockP_start)
ti_sysbios_knl_Clock_stop__E  $Tramp$TT$L$PI$$ti_sysbios_knl_Clock_stop__E
   1002e2c5     00005b5c     00002e96   dpl_cc13x2.aem4f : PowerCC26X2_tirtos.oem4f (.text:PowerCC26XX_standbyPolicy)
                             00005aac                    : ClockP_tirtos.oem4f (.text:ClockP_stop)
ti_sysbios_knl_Task_disable__E  $Tramp$TT$L$PI$$ti_sysbios_knl_Task_disable__E
   1002ea4d     00005b64     0000318c   rom_sysbios.aem4f : rom_sysbios.obj (.text:ti_sysbios_knl_Task_setPri__E)
                             000036c2                     : rom_sysbios.obj (.text:_pthread_removeThreadKeys)
                             0000438a                     : rom_sysbios.obj (.text:pthread_exit)
                             00004fee   release_pem4f.oem4f (.text:ti_sysbios_BIOS_atExitFunc__I)
                             00005366   rom_sysbios.aem4f : rom_sysbios.obj (.text:_pthread_cleanupFxn)
                             000055ce   dpl_cc13x2.aem4f : PowerCC26X2_tirtos.oem4f (.text:PowerCC26XX_schedulerDisable)
ti_sysbios_knl_Queue_remove__E  $Tramp$TT$L$PI$$ti_sysbios_knl_Queue_remove__E
   1002eb2f     00005b6c     000031c6   rom_sysbios.aem4f : rom_sysbios.obj (.text:ti_sysbios_knl_Task_setPri__E)
                             00003702                     : rom_sysbios.obj (.text:_pthread_removeThreadKeys)
                             00003708                     : rom_sysbios.obj (.text:_pthread_removeThreadKeys)
ti_sysbios_knl_Queue_empty__E  $Tramp$TT$L$PI$$ti_sysbios_knl_Queue_empty__E
   1002eb21     00005b74     000031cc   rom_sysbios.aem4f : rom_sysbios.obj (.text:ti_sysbios_knl_Task_setPri__E)
                             000036cc                     : rom_sysbios.obj (.text:_pthread_removeThreadKeys)
ti_sysbios_knl_Queue_enqueue__E  $Tramp$TT$L$PI$$ti_sysbios_knl_Queue_enqueue__E
   1002ebd9     00005b7c     000031e4   rom_sysbios.aem4f : rom_sysbios.obj (.text:ti_sysbios_knl_Task_setPri__E)
                             00005af4                     : rom_sysbios.obj (.text:ti_sysbios_knl_Queue_insert__E)
ti_sysbios_knl_Task_restore__E  $Tramp$TT$L$PI$$ti_sysbios_knl_Task_restore__E
   1002df45     00005b84     00003212   rom_sysbios.aem4f : rom_sysbios.obj (.text:ti_sysbios_knl_Task_setPri__E)
                             000036d4                     : rom_sysbios.obj (.text:_pthread_removeThreadKeys)
                             00003734                     : rom_sysbios.obj (.text:_pthread_removeThreadKeys)
                             00004396                     : rom_sysbios.obj (.text:pthread_exit)
                             00005374                     : rom_sysbios.obj (.text:_pthread_cleanupFxn)
                             000055f6   dpl_cc13x2.aem4f : PowerCC26X2_tirtos.oem4f (.text:PowerCC26XX_schedulerRestore)
ti_sysbios_knl_Semaphore_pend__E  $Tramp$TT$L$PI$$ti_sysbios_knl_Semaphore_pend__E
   1002bfb1     00005b8c     000036e0   rom_sysbios.aem4f : rom_sysbios.obj (.text:_pthread_removeThreadKeys)
                             000058c0   dpl_cc13x2.aem4f : SemaphoreP_tirtos.oem4f (.text:SemaphoreP_pend)
ti_sysbios_knl_Queue_head__E  $Tramp$TT$L$PI$$ti_sysbios_knl_Queue_head__E
   1002ecd3     00005b94     000036e6   rom_sysbios.aem4f : rom_sysbios.obj (.text:_pthread_removeThreadKeys)
ti_sysbios_knl_Queue_next__E  $Tramp$TT$L$PI$$ti_sysbios_knl_Queue_next__E
   1002ecd7     00005b9c     000036fa   rom_sysbios.aem4f : rom_sysbios.obj (.text:_pthread_removeThreadKeys)
xdc_runtime_Memory_free__E  $Tramp$TT$L$PI$$xdc_runtime_Memory_free__E
   1002f81d     00005ba4     00003720   rom_sysbios.aem4f : rom_sysbios.obj (.text:_pthread_removeThreadKeys)
                             00005150                     : rom_sysbios.obj (.text:_pthread_delete$45)
                             000056bc   release_pem4f.oem4f (.text:free)
ti_sysbios_knl_Semaphore_post__E  $Tramp$TT$L$PI$$ti_sysbios_knl_Semaphore_post__E
   1002cd21     00005bac     0000372a   rom_sysbios.aem4f : rom_sysbios.obj (.text:_pthread_removeThreadKeys)
                             00004384                     : rom_sysbios.obj (.text:pthread_exit)
                             00005ac8   dpl_cc13x2.aem4f : SemaphoreP_tirtos.oem4f (.text:SemaphoreP_post)
ti_sysbios_family_arm_m3_Hwi_excFillContext__I  $Tramp$TT$L$PI$$ti_sysbios_family_arm_m3_Hwi_excFillContext__I
   1002bda9     00005bb4     00003a00   rom_sysbios.aem4f : rom_sysbios.obj (.text:ti_sysbios_family_arm_m3_Hwi_excHandlerMin__I)
[...]
1002e505  ti_sysbios_gates_GateMutex_destruct                             
1002e529  ti_sysbios_heaps_HeapMem_Handle__label__S                       
1002e529  xdc_runtime_Memory_HeapProxy_Handle__label__S                   
1002e54d  ti_sysbios_heaps_HeapMem_Object__delete__S                      
1002e571  ti_sysbios_heaps_HeapTrack_Handle__label__S                     
1002e595  ti_sysbios_heaps_HeapTrack_Instance_init__E                     
1002e5b9  ti_sysbios_heaps_HeapTrack_Object__delete__S                    
1002e5dd  ti_sysbios_heaps_HeapTrack_getStats__E                          
1002e601  ti_sysbios_knl_Clock_Module_startup__E                          
1002e625  ti_sysbios_knl_Clock_addI__E                                    
1002e649  ti_sysbios_knl_Clock_destruct                                   
1002e66d  ti_sysbios_knl_Event_Object__delete__S                          
1002e691  ti_sysbios_knl_Mailbox_destruct                                 
1002e6b5  ti_sysbios_knl_Queue_Object__delete__S                          
1002e6d9  ti_sysbios_knl_Semaphore_Instance_finalize__E                   
1002e6fd  ti_sysbios_knl_Semaphore_destruct                               
1002e721  ti_sysbios_knl_Swi_Handle__label__S                             
1002e745  ti_sysbios_knl_Swi_Module_startup__E                            
1002e769  ti_sysbios_knl_Swi_Object__delete__S                            
1002e78d  ti_sysbios_knl_Task_Handle__label__S                            
1002e7b1  ti_sysbios_knl_Task_Object__get__S                              
1002e7d5  ti_sysbios_knl_Task_destruct                                    
1002e7f9  ti_sysbios_knl_Task_enter__I                                    
1002e81d  ti_sysbios_knl_Clock_scheduleNextTick__E                        
1002e83d  ti_sysbios_knl_Event_checkEvents__I                             
1002e85d  ti_sysbios_knl_Event_destruct                                   
1002e87d  ti_sysbios_knl_Queue_Object__get__S                             
1002e89d  ti_sysbios_knl_Queue_destruct                                   
1002e8bd  ti_sysbios_knl_Swi_destruct                                     
1002e8dd  ti_sysbios_hal_Hwi_Instance_init__E                             
1002e8fd  ti_sysbios_family_arm_m3_Hwi_plug__E                            
1002e919  ti_sysbios_family_arm_m3_Hwi_setPriority__E                     
1002e935  ti_sysbios_family_arm_m3_Hwi_switchFromBootStack__E             
1002e935  ti_sysbios_hal_Hwi_HwiProxy_switchFromBootStack__E              
1002e935  ti_sysbios_hal_Hwi_HwiProxy_switchFromBootStack__E              
1002e935  ti_sysbios_hal_Hwi_switchFromBootStack__E                       
1002e935  ti_sysbios_hal_Hwi_switchFromBootStack__E                       
1002e951  ti_sysbios_knl_Queue_get__E                                     
1002e96d  ti_sysbios_knl_Queue_put__E                                     
1002e989  ti_sysbios_knl_Task_sleepTimeout__I                             
1002e9a3  ti_sysbios_knl_Task_unblock__E                                  
1002e9bb  ti_sysbios_gates_GateMutex_Instance_init__E                     
1002e9d1  ti_sysbios_knl_Clock_Instance_finalize__E                       
1002e9e7  ti_sysbios_knl_Clock_start__E                                   
1002e9fd  ti_sysbios_BIOS_getCpuFreq__E                                   
1002ea11  ti_sysbios_BIOS_setThreadType__E                                
1002ea25  ti_sysbios_knl_Swi_disable__E                                   
1002ea39  ti_sysbios_knl_Swi_enabled__E                                   
1002ea4d  ti_sysbios_knl_Task_disable__E                                  
1002ea61  ti_sysbios_hal_Hwi_Module_startup__E                            
1002ea73  ti_sysbios_knl_Event_sync__E                                    
1002ea85  ti_sysbios_BIOS_exit__E                                         
1002ea95  ti_sysbios_BIOS_getThreadType__E                                
1002eaa5  ti_sysbios_BIOS_start__E                                        
1002eab5  ti_sysbios_family_arm_m3_TaskSupport_getStackAlignment__E       
1002eab5  ti_sysbios_knl_Task_SupportProxy_getStackAlignment__E           
1002eab5  ti_sysbios_knl_Task_SupportProxy_getStackAlignment__E           
1002eac5  ti_sysbios_knl_Clock_TimerProxy_getCurrentTick__E               
1002ead5  ti_sysbios_knl_Clock_TimerProxy_getMaxTicks__E                  
1002eae5  ti_sysbios_knl_Clock_TimerProxy_setNextTick__E                  
1002eaf5  ti_sysbios_knl_Task_self__E                                     
1002eb05  ti_sysbios_gates_GateMutex_leave__E                             
1002eb13  ti_sysbios_heaps_HeapMem_restore__E                             
1002eb21  ti_sysbios_knl_Queue_empty__E                                   
1002eb2f  ti_sysbios_knl_Queue_remove__E                                  
1002eb3d  ti_sysbios_family_arm_cc26xx_TimestampProvider_getFreq__E       
1002eb3d  xdc_runtime_Timestamp_SupportProxy_getFreq__E                   
1002eb3d  xdc_runtime_Timestamp_SupportProxy_getFreq__E                   
1002eb3d  xdc_runtime_Timestamp_getFreq__E                                
1002eb3d  xdc_runtime_Timestamp_getFreq__E                                
1002eb49  ti_sysbios_family_arm_m3_Hwi_Params__init__S                    
1002eb49  ti_sysbios_hal_Hwi_HwiProxy_Params__init__S                     
1002eb55  ti_sysbios_family_arm_m3_Hwi_disableFxn__E                      
1002eb61  ti_sysbios_family_arm_m3_Hwi_enableFxn__E                       
1002eb6d  ti_sysbios_gates_GateHwi_enter__E                               
1002eb79  ti_sysbios_BIOS_RtsGateProxy_Params__init__S                    
1002eb79  ti_sysbios_gates_GateMutex_Params__init__S                      
1002eb79  ti_sysbios_heaps_HeapMem_Module_GateProxy_Params__init__S       
1002eb85  ti_sysbios_heaps_HeapTrack_Params__init__S                      
1002eb91  ti_sysbios_heaps_HeapTrack_isBlocking__E                        
1002eb9d  ti_sysbios_knl_Clock_Params__init__S                            
1002eba9  ti_sysbios_knl_Clock_getTimerHandle__E                          
1002ebb5  ti_sysbios_knl_Event_Params__init__S                            
1002ebc1  ti_sysbios_knl_Mailbox_Params__init__S                          
1002ebcd  ti_sysbios_knl_Queue_dequeue__E                                 
1002ebd9  ti_sysbios_knl_Queue_enqueue__E                                 
1002ebe5  ti_sysbios_knl_Semaphore_Params__init__S                        
1002ebf1  ti_sysbios_knl_Swi_Params__init__S                              
1002ebfd  ti_sysbios_knl_Swi_self__E                                      
1002ec09  ti_sysbios_knl_Task_Params__init__S                             
1002ec15  ti_sysbios_hal_Hwi_Instance_finalize__E                         
1002ec1f  ti_sysbios_knl_Event_Instance_init__E                           
1002ec29  ti_sysbios_family_arm_m3_Hwi_doSwiRestore__I                    
1002ec31  ti_sysbios_family_arm_m3_Hwi_startup__E                         
1002ec31  ti_sysbios_hal_Hwi_HwiProxy_startup__E                          
1002ec31  ti_sysbios_hal_Hwi_HwiProxy_startup__E                          
1002ec31  ti_sysbios_hal_Hwi_startup__E                                   
1002ec31  ti_sysbios_hal_Hwi_startup__E                                   
1002ec39  ti_sysbios_knl_Idle_loop__E                                     
1002ec41  ti_sysbios_family_arm_m3_Hwi_doTaskRestore__I                   
1002ec47  HwiP_restore                                                    
1002ec47  ti_sysbios_family_arm_m3_Hwi_restoreFxn__E                      
1002ec4d  ti_sysbios_gates_GateHwi_leave__E                               
1002ec53  ti_sysbios_gates_GateMutex_Instance_finalize__E                 
1002ec59  ti_sysbios_heaps_HeapMem_isBlocking__E                          
1002ec5f  ti_sysbios_knl_Queue_Instance_init__E                           
1002ec65  ti_sysbios_knl_Queue_elemClear__E                               
1002ec6b  ti_sysbios_knl_Swi_startup__E                                   
1002ec71  ti_sysbios_knl_Task_enable__E                                   
1002ec77  ti_sysbios_BIOS_RtsGateProxy_enter__E                           
1002ec7b  ti_sysbios_BIOS_RtsGateProxy_leave__E                           
1002ec7f  ti_sysbios_family_arm_cc26xx_Timer_getExpiredTicks__E           
1002ec83  ti_sysbios_family_arm_cc26xx_Timer_getPeriod__E                 
1002ec87  ti_sysbios_family_arm_cc26xx_Timer_setPeriod__E                 
1002ec8b  ti_sysbios_family_arm_m3_Hwi_delete                             
1002ec8f  ti_sysbios_family_arm_m3_TaskSupport_Module__startupDone__S     
1002ec8f  ti_sysbios_knl_Task_SupportProxy_Module__startupDone__S         
1002ec93  ti_sysbios_gates_GateHwi_query__E                               
1002ec93  xdc_runtime_Main_Module_GateProxy_query__E                      
1002ec93  xdc_runtime_System_Module_GateProxy_query__E                    
1002ec93  xdc_runtime_System_Module_GateProxy_query__E                    
1002ec97  ti_sysbios_gates_GateMutex_delete                               
1002ec9b  ti_sysbios_BIOS_RtsGateProxy_query__E                           
1002ec9b  ti_sysbios_BIOS_RtsGateProxy_query__E                           
1002ec9b  ti_sysbios_gates_GateMutex_query__E                             
1002ec9b  ti_sysbios_heaps_HeapMem_Module_GateProxy_query__E              
1002ec9b  ti_sysbios_heaps_HeapMem_Module_GateProxy_query__E              
1002ec9f  ti_sysbios_hal_Hwi_HwiProxy_create                              
1002eca3  ti_sysbios_hal_Hwi_HwiProxy_delete                              
1002eca7  ti_sysbios_hal_Hwi_delete                                       
1002ecab  ti_sysbios_heaps_HeapMem_Module_GateProxy_enter__E              
1002ecaf  ti_sysbios_heaps_HeapMem_Module_GateProxy_leave__E              
1002ecb3  ti_sysbios_knl_Clock_TimerProxy_getExpiredTicks__E              
1002ecb7  ti_sysbios_knl_Clock_TimerProxy_getPeriod__E                    
1002ecbb  ti_sysbios_knl_Clock_delete                                     
1002ecbf  ti_sysbios_knl_Clock_removeI__E                                 
1002ecc3  ti_sysbios_knl_Clock_setTimeout__E                              
1002ecc7  ti_sysbios_knl_Event_delete                                     
1002eccb  ti_sysbios_knl_Mailbox_delete                                   
1002eccf  ti_sysbios_knl_Queue_delete                                     
1002ecd3  ti_sysbios_knl_Queue_head__E                                    
1002ecd7  ti_sysbios_knl_Queue_next__E                                    
1002ecdb  ti_sysbios_knl_Semaphore_delete                                 
1002ecdf  ti_sysbios_knl_Swi_delete                                       
1002ece3  ti_sysbios_knl_Swi_postInit__I                                  
1002ece7  ti_sysbios_knl_Task_delete                                      
1002eceb  ti_sysbios_knl_Task_startup__E                                  
1002ecf1  xdc_runtime_System_doPrint__I                                   
1002f055  xdc_runtime_Startup_startMods__I                                
1002f15d  xdc_runtime_Text_putSite__E                                     
1002f1f7  xdc_runtime_Error_policySpin__E                                 
1002f1f9  xdc_runtime_Text_putMod__E                                      
1002f289  xdc_runtime_Memory_alloc__E                                     
1002f2f9  xdc_runtime_Core_createObject__I                                
1002f367  xdc_runtime_Core_deleteObject__I                                
1002f3c5  xdc_runtime_Text_putLab__E                                      
1002f421  xdc_runtime_Assert_raise__I                                     
1002f475  xdc_runtime_Startup_exec__E                                     
1002f4c9  xdc_runtime_Core_assignParams__I                                
1002f511  xdc_runtime_Core_constructObject__I                             
1002f559  xdc_runtime_System_atexit__E                                    
1002f5a1  xdc_runtime_Text_xprintf__I                                     
1002f5e5  xdc_runtime_System_processAtExit__E                             
1002f625  xdc_runtime_System_putchar__I                                   
1002f659  xdc_runtime_Core_assignLabel__I                                 
1002f689  xdc_runtime_Text_printVisFxn__I                                 
1002f6b9  xdc_runtime_System_vprintf__E                                   
1002f6e5  xdc_runtime_Text_cordText__E                                    
1002f711  xdc_runtime_System_abort__E                                     
1002f739  xdc_runtime_Error_raiseX__E                                     
1002f759  xdc_runtime_Registry_findById__E                                
1002f779  xdc_runtime_Error_check__E                                      
1002f795  xdc_runtime_Memory_valloc__E                                    
1002f7b1  xdc_runtime_System_exit__E                                      
1002f7cd  xdc_runtime_Text_ropeText__E                                    
1002f7e9  xdc_runtime_System_printf__E                                    
1002f803  xdc_runtime_Core_destructObject__I                              
1002f81b  xdc_runtime_System_abortSpin__E                                 
1002f81d  xdc_runtime_Memory_free__E                                      
1002f831  xdc_runtime_Memory_getStats__E                                  
1002f845  xdc_runtime_SysCallback_abort__E                                
1002f845  xdc_runtime_System_SupportProxy_abort__E                        
1002f859  xdc_runtime_SysCallback_exit__E                                 
1002f859  xdc_runtime_System_SupportProxy_exit__E                         
1002f86d  xdc_runtime_SysCallback_flush__E                                
1002f86d  xdc_runtime_System_SupportProxy_flush__E                        
1002f86d  xdc_runtime_System_flush__E                                     
1002f881  xdc_runtime_SysCallback_putch__E                                
1002f881  xdc_runtime_System_SupportProxy_putch__E                        
1002f895  xdc_runtime_SysCallback_ready__E                                
1002f895  xdc_runtime_System_SupportProxy_ready__E                        
1002f8a9  xdc_runtime_Memory_getMaxDefaultTypeAlign__E                    
1002f8b9  xdc_runtime_System_vsnprintf__E                                 
1002f8c9  xdc_runtime_Timestamp_SupportProxy_get32__E                     
1002f8c9  xdc_runtime_Timestamp_SupportProxy_get32__E                     
1002f8c9  xdc_runtime_Timestamp_get32__E                                  
1002f8c9  xdc_runtime_Timestamp_get32__E                                  
1002f8d9  xdc_runtime_Memory_calloc__E                                    
1002f8e5  xdc_runtime_Startup_rtsDone__E                                  
1002f8f1  xdc_runtime_Memory_HeapProxy_alloc__E                           
1002f8fb  xdc_runtime_Memory_HeapProxy_free__E                            
1002f905  xdc_runtime_Memory_HeapProxy_getStats__E                        
1002f90f  xdc_runtime_Gate_leaveSystem__E                                 
1002f915  xdc_runtime_System_Module_startup__E                            
1002f91b  xdc_runtime_Gate_enterSystem__E                                 
1002f91f  xdc_runtime_SysCallback_Module__startupDone__S                  
1002f91f  xdc_runtime_System_SupportProxy_Module__startupDone__S          
1002f923  xdc_runtime_System_Module_GateProxy_enter__E                    
1002f927  xdc_runtime_System_Module_GateProxy_leave__E                    
1002f92b  xdc_runtime_System_printf_va__F                                 
1002f92f  xdc_runtime_System_exitSpin__E                                  
1002f931  ti_sysbios_family_arm_m3_Hwi_dispatch__I                        
1002fa11  ti_sysbios_family_arm_m3_Hwi_interruptsAreDisabledButShouldNotBe
1002fa2d  ti_sysbios_family_arm_m3_TaskSupport_buildTaskStack             
1002fab9  ti_sysbios_family_arm_m3_Hwi_initStacks__E                      
1002fb11  ti_sysbios_family_arm_m3_Hwi_pendSV__I                          
1002fb35  ti_sysbios_family_arm_m3_Hwi_return                             
1002fb39  ti_sysbios_family_arm_m3_Hwi_excHandlerAsm__I                   
1002fb59  ti_sysbios_family_xxx_Hwi_switchAndRunFunc                      
1002fb77  ti_sysbios_family_arm_m3_TaskSupport_swap__E                    
1002fb77  ti_sysbios_knl_Task_SupportProxy_swap__E                        
1002fb77  ti_sysbios_knl_Task_SupportProxy_swap__E                        
1002fb83  ti_sysbios_knl_Task_swapReturn                                  
1002fb8f  ti_sysbios_family_arm_m3_TaskSupport_glue                       
1002fba0  ti_sysbios_knl_Task_Object__PARAMS__C                           
1002fbdc  ti_sysbios_knl_Mailbox_Object__PARAMS__C                        
1002fc10  ti_sysbios_family_arm_m3_Hwi_Object__PARAMS__C                  
1002fc40  ti_sysbios_hal_Hwi_Object__PARAMS__C                            
1002fc6c  ti_sysbios_knl_Swi_Object__PARAMS__C                            
1002fc94  ti_sysbios_heaps_HeapMem_Object__PARAMS__C                      
1002fcb8  ti_sysbios_knl_Clock_Object__PARAMS__C                          
1002fcdc  ti_sysbios_knl_Semaphore_Object__PARAMS__C                      
1002fd00  ti_sysbios_gates_GateHwi_Object__PARAMS__C                      
1002fd18  ti_sysbios_gates_GateMutex_Object__PARAMS__C                    
1002fd30  ti_sysbios_knl_Event_Object__PARAMS__C                          
1002fd48  ti_sysbios_knl_Queue_Object__PARAMS__C                          
1002fd80  ti_sysbios_heaps_HeapTrack_Object__PARAMS__C                    
1002fd9c  ti_sysbios_heaps_HeapTrack_Instance_State_trackQueue__O         
1002fda0  ti_sysbios_heaps_HeapTrack_Module__diagsEnabled__C              
1002fda4  ti_sysbios_heaps_HeapTrack_Module__diagsIncluded__C             
1002fda8  ti_sysbios_heaps_HeapTrack_Module__diagsMask__C                 
1002fddb  strlen                                                          
20000000  ti_sysbios_family_arm_m3_Hwi_ramVectors                         
20000100  xdcRomConstPtr                                                  
20000104  xdcRomExternFuncPtr                                             
20000108  xdcRomStatePtr                                                  
e000e000  ti_sysbios_family_arm_m3_Hwi_nvic                               
ffffffff  __TI_pprof_out_hndl                                             
ffffffff  __TI_prof_data_size                                             
ffffffff  __TI_prof_data_start                                            
ffffffff  __binit__                                                       
ffffffff  __c_args__                                                      
ffffffff  binit                                                           
UNDEFED   __aeabi_cdcmple                                                 
UNDEFED   __aeabi_cdrcmple                                                
UNDEFED   __aeabi_d2iz                                                    
UNDEFED   __aeabi_d2uiz                                                   
UNDEFED   __aeabi_dmul                                                    
UNDEFED   __aeabi_dsub                                                    
UNDEFED   __aeabi_f2d                                                     
UNDEFED   __aeabi_i2d                                                     
UNDEFED   __aeabi_uidivmod                                                
UNDEFED   __mpu_init                                                      
UNDEFED   __primary_heap_end__                                            
UNDEFED   __primary_heap_start__                                          
UNDEFED   _system_post_cinit                                              

[945 symbols]
