******************************************************************************
                  TI ARM Linker Unix v18.12.2                  
******************************************************************************
>> Linked Mon Oct 28 14:58:06 2019

OUTPUT FILE NAME:   <spimaster_CC1352P1_LAUNCHXL_tirtos_ccs.out>
ENTRY POINT SYMBOL: "ResetISR"  address: 00003ee1


MEMORY CONFIGURATION

         name            origin    length      used     unused   attr    fill
----------------------  --------  ---------  --------  --------  ----  --------
  FLASH                 00000000   00058000  000063ec  00051c14  R  X
  GPRAM                 11000000   00002000  00000000  00002000  RW X
  SRAM                  20000000   00014000  0000244e  00011bb2  RW X


SEGMENT ALLOCATION MAP

run origin  load origin   length   init length attrs members
----------  ----------- ---------- ----------- ----- -------
00000000    00000000    00006398   00006398    r-x
  00000000    00000000    0000003c   0000003c    r-- .resetVecs
  0000003c    0000003c    000058d8   000058d8    r-x .text
  00005914    00005914    00000800   00000800    r-- .const
  00006118    00006118    00000280   00000280    r-- .cinit
00057fa8    00057fa8    00000058   00000058    r--
  00057fa8    00057fa8    00000058   00000058    r-- .ccfg
20000100    20000100    0000000c   00000000    rw-
  20000100    20000100    00000004   00000000    rw- .data:xdcRomConstPtr
  20000104    20000104    00000004   00000000    rw- .data:xdcRomExternFuncPtr
  20000108    20000108    00000004   00000000    rw- .data:xdcRomStatePtr
20000110    20000110    00001000   00000000    r--
  20000110    20000110    00001000   00000000    r-- .priheap
20001110    20001110    00000565   00000000    rw-
  20001110    20001110    00000565   00000000    rw- .data
20001830    20001830    00000010   00000000    rw-
  20001830    20001830    00000010   00000000    rw- .TI.bound:dmaSpi0RxControlTableEntry
20001840    20001840    00000010   00000000    rw-
  20001840    20001840    00000010   00000000    rw- .TI.bound:dmaSpi0TxControlTableEntry
20001900    20001900    00000010   00000000    rw-
  20001900    20001900    00000010   00000000    rw- .TI.bound:dmaSpi1RxControlTableEntry
20001910    20001910    00000010   00000000    rw-
  20001910    20001910    00000010   00000000    rw- .TI.bound:dmaSpi1TxControlTableEntry
20001a30    20001a30    00000010   00000000    rw-
  20001a30    20001a30    00000010   00000000    rw- .TI.bound:dmaSpi0RxAltControlTableEntry
20001a40    20001a40    00000010   00000000    rw-
  20001a40    20001a40    00000010   00000000    rw- .TI.bound:dmaSpi0TxAltControlTableEntry
20001b00    20001b00    00000010   00000000    rw-
  20001b00    20001b00    00000010   00000000    rw- .TI.bound:dmaSpi1RxAltControlTableEntry
20001b10    20001b10    00000995   00000000    rw-
  20001b10    20001b10    00000010   00000000    rw- .TI.bound:dmaSpi1TxAltControlTableEntry
  20001b20    20001b20    00000985   00000000    rw- .bss
20013c00    20013c00    00000400   00000000    rw-
  20013c00    20013c00    00000400   00000000    rw- .stack


SECTION ALLOCATION MAP

 output                                  attributes/
section   page    origin      length       input sections
--------  ----  ----------  ----------   ----------------
.binit     0    00000000    00000000     

.cinit     0    00006118    00000280     
                  00006118    000001a8     (.cinit..data.load) [load image, compression = lzss]
                  000062c0    0000000c     (__TI_handler_table)
                  000062cc    00000004     --HOLE-- [fill = 0]
                  000062d0    00000008     (.cinit..TI.bound:dmaSpi0RxAltControlTableEntry.load) [load image, compression = zero_init]
                  000062d8    00000008     (.cinit..TI.bound:dmaSpi0RxControlTableEntry.load) [load image, compression = zero_init]
                  000062e0    00000008     (.cinit..TI.bound:dmaSpi0TxAltControlTableEntry.load) [load image, compression = zero_init]
                  000062e8    00000008     (.cinit..TI.bound:dmaSpi0TxControlTableEntry.load) [load image, compression = zero_init]
                  000062f0    00000008     (.cinit..TI.bound:dmaSpi1RxAltControlTableEntry.load) [load image, compression = zero_init]
                  000062f8    00000008     (.cinit..TI.bound:dmaSpi1RxControlTableEntry.load) [load image, compression = zero_init]
                  00006300    00000008     (.cinit..TI.bound:dmaSpi1TxAltControlTableEntry.load) [load image, compression = zero_init]
                  00006308    00000008     (.cinit..TI.bound:dmaSpi1TxControlTableEntry.load) [load image, compression = zero_init]
                  00006310    00000008     (.cinit..bss.load) [load image, compression = zero_init]
                  00006318    00000008     (.cinit..data:xdcRomConstPtr.load) [load image, compression = lzss]
                  00006320    00000008     (.cinit..data:xdcRomExternFuncPtr.load) [load image, compression = lzss]
                  00006328    00000008     (.cinit..data:xdcRomStatePtr.load) [load image, compression = lzss]
                  00006330    00000068     (__TI_cinit_table)

.init_array 
*          0    00000000    00000000     UNINITIALIZED

.ccfg      0    00057fa8    00000058     
                  00057fa8    00000058     ccfg.obj (.ccfg:retain)

.data      0    20001110    00000565     UNINITIALIZED
                  20001110    00000110     drivers_cc13x2.aem4f : PowerCC26X2.oem4f (.data:PowerCC26X2_module)
                  20001220    0000010c     release_pem4f.oem4f (.data:ROM_stateStruct)
                  2000132c    00000088     rom_sysbios.aem4f : rom_sysbios.obj (.data:$O1$$)
                  200013b4    00000054     release_pem4f.oem4f (.data:ti_sysbios_gates_GateMutex_Object__table__V)
                  20001408    0000004c     release_pem4f.oem4f (.data:ti_sysbios_knl_Task_Object__table__V)
                  20001454    00000004     drivers_cc13x2.aem4f : GPIOCC26XX.oem4f (.data:gpioPinTable)
                  20001458    00000048     release_pem4f.oem4f (.data:ti_sysbios_family_arm_cc26xx_Timer_Object__table__V)
                  200014a0    00000034     CC1352P1_LAUNCHXL.obj (.data:gpioPinConfigs)
                  200014d4    00000030     release_pem4f.oem4f (.data:ti_sysbios_knl_Swi_Module_State_0_readyQ__A)
                  20001504    00000030     release_pem4f.oem4f (.data:ti_sysbios_knl_Swi_Object__table__V)
                  20001534    00000030     release_pem4f.oem4f (.data:ti_sysbios_knl_Task_Module_State_0_readyQ__A)
                  20001564    00000020     release_pem4f.oem4f (.data:ti_sysbios_knl_Clock_Object__table__V)
                  20001584    00000020     release_pem4f.oem4f (.data:xdc_runtime_Error_IgnoreBlock)
                  200015a4    00000018     release_pem4f.oem4f (.data:ti_sysbios_family_arm_m3_Hwi_Object__table__V)
                  200015bc    00000018     release_pem4f.oem4f (.data:ti_sysbios_heaps_HeapMem_Object__table__V)
                  200015d4    00000010     CC1352P1_LAUNCHXL.obj (.data:gpioCallbackFunctions)
                  200015e4    00000008     rtsv7M4_T_le_v4SPD16_eabi.lib : _lock.c.obj (.data:$O1$$)
                  200015ec    00000008     drivers_cc13x2.aem4f : PINCC26XX.oem4f (.data)
                  200015f4    00000008     release_pem4f.oem4f (.data:ti_sysbios_family_arm_m3_Hwi_Module__root__V)
                  200015fc    00000008     release_pem4f.oem4f (.data:ti_sysbios_gates_GateHwi_Module__root__V)
                  20001604    00000008     release_pem4f.oem4f (.data:ti_sysbios_gates_GateMutex_Module__root__V)
                  2000160c    00000008     release_pem4f.oem4f (.data:ti_sysbios_hal_Hwi_Module__root__V)
                  20001614    00000008     release_pem4f.oem4f (.data:ti_sysbios_heaps_HeapMem_Module__root__V)
                  2000161c    00000008     release_pem4f.oem4f (.data:ti_sysbios_knl_Clock_Module__root__V)
                  20001624    00000008     release_pem4f.oem4f (.data:ti_sysbios_knl_Event_Module__root__V)
                  2000162c    00000008     release_pem4f.oem4f (.data:ti_sysbios_knl_Mailbox_Module__root__V)
                  20001634    00000008     release_pem4f.oem4f (.data:ti_sysbios_knl_Queue_Module__root__V)
                  2000163c    00000008     release_pem4f.oem4f (.data:ti_sysbios_knl_Semaphore_Module__root__V)
                  20001644    00000008     release_pem4f.oem4f (.data:ti_sysbios_knl_Swi_Module__root__V)
                  2000164c    00000008     release_pem4f.oem4f (.data:ti_sysbios_knl_Task_Module__root__V)
                  20001654    00000008     release_pem4f.oem4f (.data:xdc_runtime_System_Module_State_0_atexitHandlers__A)
                  2000165c    00000005     drivers_cc13x2.aem4f : GPIOCC26XX.oem4f (.data)
                  20001661    00000001                          : SPI.oem4f (.data)
                  20001662    00000002     release_pem4f.oem4f (.data:ti_sysbios_family_arm_m3_Hwi_Module_State_0_excActive__A)
                  20001664    00000004     rtsv7M4_T_le_v4SPD16_eabi.lib : stkdepth_vars.c.obj (.data)
                  20001668    00000004     release_pem4f.oem4f (.data:ti_sysbios_family_arm_m3_Hwi_Module_State_0_excContext__A)
                  2000166c    00000004     release_pem4f.oem4f (.data:ti_sysbios_family_arm_m3_Hwi_Module_State_0_excStack__A)
                  20001670    00000004     release_pem4f.oem4f (.data:ti_sysbios_knl_Task_Module_State_0_idleTask__A)
                  20001674    00000001     drivers_cc13x2.aem4f : UART.oem4f (.data)

.bss       0    20001b20    00000985     UNINITIALIZED
                  20001b20    00000258     (.common:uartCC26XXObjects)
                  20001d78    00000200     release_pem4f.oem4f (.bss:taskStackSection)
                  20001f78    000001a8     (.common:spiCC26X2DMAObjects)
                  20002120    000000d8     (.common:ti_sysbios_family_arm_m3_Hwi_dispatchTable)
                  200021f8    00000080     CC1352P1_LAUNCHXL.obj (.bss:uartStringBuf)
                  20002278    0000007c     (.common:pinHandleTable)
                  200022f4    00000040     (.common:uartCC26XXRingBuffer)
                  20002334    00000034     drivers_cc13x2.aem4f : PINCC26XX.oem4f (.bss:pinSwi)
                  20002368    00000020                          : GPIOCC26XX.oem4f (.bss:gpioCallbackInfo)
                  20002388    00000020                          : PINCC26XX.oem4f (.bss:pinGpioConfigTable)
                  200023a8    00000020     (.common:spiParams)
                  200023c8    00000020     (.common:udmaObjects)
                  200023e8    0000001c     driverlib.lib : osc.obj (.bss:$O1$$)
                  20002404    0000001c     drivers_cc13x2.aem4f : PINCC26XX.oem4f (.bss:pinHwi)
                  20002420    0000001c                          : PINCC26XX.oem4f (.bss:pinSemaphore)
                  2000243c    00000018     (.common:controlReg)
                  20002454    0000000c     CC1352P1_LAUNCHXL_fxns.obj (.bss:antennaState)
                  20002460    0000000c     drivers_cc13x2.aem4f : GPIOCC26XX.oem4f (.bss:gpioPinState)
                  2000246c    0000000c     (.common:displayUartObject)
                  20002478    00000008                          : GPIOCC26XX.oem4f (.bss)
                  20002480    00000004     CC1352P1_LAUNCHXL_fxns.obj (.bss)
                  20002484    00000004     drivers_cc13x2.aem4f : PINCC26XX.oem4f (.bss)
                  20002488    00000004     spimaster.obj (.bss)
                  2000248c    00000004     (.common:ClockP_tickPeriod)
                  20002490    00000004     (.common:PowerCC26XX_swiKey)
                  20002494    00000004     (.common:PowerCC26XX_taskKey)
                  20002498    00000004     (.common:masterRxBuffer_eight)
                  2000249c    00000004     (.common:masterSpi)
                  200024a0    00000004     (.common:masterTxBuffer_eight)
                  200024a4    00000001     (.common:driverlib_release_0_55675)

.stack     0    20013c00    00000400     UNINITIALIZED
                  20013c00    00000400     --HOLE--

.priheap   0    20000110    00001000     UNINITIALIZED
                  20000110    00001000     --HOLE--

.data:xdcRomConstPtr 
*          0    20000100    00000004     UNINITIALIZED
                  20000100    00000004     release_pem4f.oem4f (.data:xdcRomConstPtr)

.data:xdcRomExternFuncPtr 
*          0    20000104    00000004     UNINITIALIZED
                  20000104    00000004     release_pem4f.oem4f (.data:xdcRomExternFuncPtr)

.data:xdcRomStatePtr 
*          0    20000108    00000004     UNINITIALIZED
                  20000108    00000004     release_pem4f.oem4f (.data:xdcRomStatePtr)

.bootVecs 
*          0    00000000    00000008     DSECT
                  00000000    00000008     boot.aem4f : boot.oem4f (.bootVecs)

.resetVecs 
*          0    00000000    0000003c     
                  00000000    0000003c     release_pem4f.oem4f (.resetVecs)

.vecs      0    20000000    000000d8     NOLOAD SECTION
                  20000000    000000d8     release_pem4f.oem4f (.vecs)

xdc.meta   0    00000000    00000117     COPY SECTION
                  00000000    00000117     release_pem4f.oem4f (xdc.meta)

xdc.noload 
*          0    00000000    00000000     COPY SECTION

.TI.bound:dmaSpi0RxControlTableEntry 
*          0    20001830    00000010     UNINITIALIZED
                  20001830    00000010     drivers_cc13x2.aem4f : SPICC26X2DMA.oem4f (.TI.bound:dmaSpi0RxControlTableEntry)

.TI.bound:dmaSpi0TxControlTableEntry 
*          0    20001840    00000010     UNINITIALIZED
                  20001840    00000010     drivers_cc13x2.aem4f : SPICC26X2DMA.oem4f (.TI.bound:dmaSpi0TxControlTableEntry)

.TI.bound:dmaSpi1RxControlTableEntry 
*          0    20001900    00000010     UNINITIALIZED
                  20001900    00000010     drivers_cc13x2.aem4f : SPICC26X2DMA.oem4f (.TI.bound:dmaSpi1RxControlTableEntry)

.TI.bound:dmaSpi1TxControlTableEntry 
*          0    20001910    00000010     UNINITIALIZED
                  20001910    00000010     drivers_cc13x2.aem4f : SPICC26X2DMA.oem4f (.TI.bound:dmaSpi1TxControlTableEntry)

.TI.bound:dmaSpi0RxAltControlTableEntry 
*          0    20001a30    00000010     UNINITIALIZED
                  20001a30    00000010     drivers_cc13x2.aem4f : SPICC26X2DMA.oem4f (.TI.bound:dmaSpi0RxAltControlTableEntry)

.TI.bound:dmaSpi0TxAltControlTableEntry 
*          0    20001a40    00000010     UNINITIALIZED
                  20001a40    00000010     drivers_cc13x2.aem4f : SPICC26X2DMA.oem4f (.TI.bound:dmaSpi0TxAltControlTableEntry)

.TI.bound:dmaSpi1RxAltControlTableEntry 
*          0    20001b00    00000010     UNINITIALIZED
                  20001b00    00000010     drivers_cc13x2.aem4f : SPICC26X2DMA.oem4f (.TI.bound:dmaSpi1RxAltControlTableEntry)

.TI.bound:dmaSpi1TxAltControlTableEntry 
*          0    20001b10    00000010     UNINITIALIZED
                  20001b10    00000010     drivers_cc13x2.aem4f : SPICC26X2DMA.oem4f (.TI.bound:dmaSpi1TxAltControlTableEntry)

.text      0    0000003c    000058d8     
                  0000003c    000002ec     drivers_cc13x2.aem4f : SPICC26X2DMA.oem4f (.text:SPICC26X2DMA_transfer)
                  00000328    0000025c                          : SPICC26X2DMA.oem4f (.text:SPICC26X2DMA_hwiFxn)
                  00000584    000001c0                          : PINCC26XX.oem4f (.text:PIN_init)
                  00000744    000001b6     rtsv7M4_T_le_v4SPD16_eabi.lib : fd_add_t2.asm.obj (.text)
                  000008fa    00000002     display.aem4f : DisplayUart.oem4f (.text:DisplayUartMin_clear)
                  000008fc    000001a8     drivers_cc13x2.aem4f : PowerCC26X2.oem4f (.text:Power_sleep)
                  00000aa4    00000190                          : PowerCC26X2_calibrateRCOSC.oem4f (.text:calibrateRcoscHf1)
                  00000c34    0000018c                          : PowerCC26X2.oem4f (.text:Power_init)
                  00000dc0    0000018c                          : PowerCC26X2_calibrateRCOSC.oem4f (.text:runCalibrateFsm)
                  00000f4c    00000178     release_pem4f.oem4f (.text:xdc_runtime_System_printfExtend__I)
                  000010c4    00000174     drivers_cc13x2.aem4f : SPICC26X2DMA.oem4f (.text:configNextTransfer)
                  00001238    00000170                          : SPICC26X2DMA.oem4f (.text:SPICC26X2DMA_transferCancel)
                  000013a8    00000164                          : UARTCC26XX.oem4f (.text:UARTCC26XX_open)
                  0000150c    00000154                          : UARTCC26XX.oem4f (.text:UARTCC26XX_hwiIntFxn)
                  00001660    00000150                          : SPICC26X2DMA.oem4f (.text:SPICC26X2DMA_open)
                  000017b0    00000150     spimaster.obj (.text:mainThread)
                  00001900    00000140     drivers_cc13x2.aem4f : SPICC26X2DMA.oem4f (.text:initIO)
                  00001a40    0000013a                          : UARTCC26XX.oem4f (.text:UARTCC26XX_read)
                  00001b7a    00000002     display.aem4f : DisplayUart.oem4f (.text:DisplayUartMin_clearLines)
                  00001b7c    00000110     drivers_cc13x2.aem4f : GPIOCC26XX.oem4f (.text:GPIO_setConfig)
                  00001c8c    00000100                          : PowerCC26X2.oem4f (.text:configureXOSCHF)
                  00001d8c    000000fc     driverlib.lib : sys_ctrl.obj (.text:NOROM_SysCtrlStandby)
                  00001e88    000000fc     rtsv7M4_T_le_v4SPD16_eabi.lib : fd_mul_t2.asm.obj (.text)
                  00001f84    000000f8     drivers_cc13x2.aem4f : PINCC26XX.oem4f (.text:PINCC26XX_setIoCfg)
                  0000207c    000000f4                          : SPICC26X2DMA.oem4f (.text:SPICC26X2DMA_control)
                  00002170    000000ec     rom_sysbios.aem4f : rom_sysbios.obj (.text:pthread_create)
                  0000225c    000000e8     spimaster.obj (.text:spi_write)
                  00002344    000000e0     drivers_cc13x2.aem4f : UARTCC26XX.oem4f (.text:UARTCC26XX_write)
                  00002424    000000cc     spimaster.obj (.text:masterThread)
                  000024f0    000000c8     drivers_cc13x2.aem4f : PowerCC26X2.oem4f (.text:Power_releaseDependency)
                  000025b8    000000c4                          : GPIOCC26XX.oem4f (.text:GPIO_init)
                  0000267c    000000c4                          : PowerCC26X2.oem4f (.text:Power_setDependency)
                  00002740    000000c0                          : UARTCC26XX.oem4f (.text:UARTCC26XX_initIO)
                  00002800    000000bc     spimaster.obj (.text:bitFieldClear)
                  000028bc    000000bc     spimaster.obj (.text:bitFieldSet)
                  00002978    000000b8     drivers_cc13x2.aem4f : UARTCC26XX.oem4f (.text:UARTCC26XX_initHw)
                  00002a30    000000b4     dpl_cc13x2.aem4f : PowerCC26X2_tirtos.oem4f (.text:PowerCC26XX_standbyPolicy)
                  00002ae4    000000b4     spimaster.obj (.text:setClock)
                  00002b98    000000ac     drivers_cc13x2.aem4f : PINCC26XX.oem4f (.text:PIN_open)
                  00002c44    000000ac     driverlib.lib : setup.obj (.text:TrimAfterColdResetWakeupFromShutDown)
                  00002cf0    000000a0     auto_init.aem4f : auto_init.oem4f (.text)
                  00002d90    000000a0     rom_sysbios.aem4f : rom_sysbios.obj (.text:ti_sysbios_knl_Task_setPri__E)
                  00002e30    0000009c     rtsv7M4_T_le_v4SPD16_eabi.lib : memcpy_t2.asm.obj (.text)
                  00002ecc    00000098     driverlib.lib : setup.obj (.text:NOROM_SetupTrimDevice)
                  00002f64    00000098     drivers_cc13x2.aem4f : UARTCC26XX.oem4f (.text:writeTxFifoFlush)
                  00002ffc    00000096     rtsv7M4_T_le_v4SPD16_eabi.lib : ull_div_t2.asm.obj (.text)
                  00003092    00000092     drivers_cc13x2.aem4f : UARTCC26XX.oem4f (.text:UARTCC26XX_writeCancel)
                  00003124    00000088     driverlib.lib : osc.obj (.text:NOROM_OSCHF_AttemptToSwitchToXosc)
                  000031ac    00000088     rom_sysbios.aem4f : rom_sysbios.obj (.text:_pthread_removeThreadKeys)
                  00003234    00000088     drivers_cc13x2.aem4f : PowerCC26X2_calibrateRCOSC.oem4f (.text:calibrateRcoscHf2)
                  000032bc    00000088                          : PowerCC26X2.oem4f (.text:disableLFClockQualifiers)
                  00003344    00000088                          : PowerCC26X2_calibrateRCOSC.oem4f (.text:updateSubSecInc)
                  000033cc    00000086     rtsv7M4_T_le_v4SPD16_eabi.lib : fd_cmp_t2.asm.obj (.text:__aeabi_cdcmple)
                  00003452    00000086                                   : fd_cmp_t2.asm.obj (.text:__aeabi_cdrcmple)
                  000034d8    00000084     CC1352P1_LAUNCHXL_fxns.obj (.text:CC1352P1_LAUNCHXL_sendExtFlashByte)
                  0000355c    00000084     drivers_cc13x2.aem4f : UARTCC26XX.oem4f (.text:UARTCC26XX_close)
                  000035e0    00000084     rom_sysbios.aem4f : rom_sysbios.obj (.text:ti_sysbios_family_arm_m3_Hwi_excHandlerMin__I)
                  00003664    00000080                       : rom_sysbios.obj (.text:ti_sysbios_family_arm_cc26xx_Timer_start__E)
                  000036e4    0000007a     rtsv7M4_T_le_v4SPD16_eabi.lib : memset_t2.asm.obj (.text)
                  0000375e    00000002     display.aem4f : DisplayUart.oem4f (.text:DisplayUartMin_init)
                  00003760    00000074     drivers_cc13x2.aem4f : PowerCC26X2_calibrateRCOSC.oem4f (.text:PowerCC26X2_auxISR)
                  000037d4    00000074     spimaster.obj (.text:whichBank)
                  00003848    00000072     drivers_cc13x2.aem4f : SPICC26X2DMA.oem4f (.text:csnCallback)
                  000038ba    00000002     rtsv7M4_T_le_v4SPD16_eabi.lib : _lock.c.obj (.text:_nop)
                  000038bc    00000070     drivers_cc13x2.aem4f : PINCC26XX.oem4f (.text:PIN_add)
                  0000392c    0000006d     rom_sysbios.aem4f : rom_sysbios.obj (.text:xdc_runtime_System_formatNum__I)
                  00003999    00000001     --HOLE-- [fill = 0]
                  0000399a    00000002     drivers_cc13x2.aem4f : PowerCC26X2.oem4f (.text:emptyClockFunc)
                  0000399c    00000068     driverlib.lib : osc.obj (.text:NOROM_OSCHF_SwitchToRcOscTurnOffXosc)
                  00003a04    00000068                   : sys_ctrl.obj (.text:NOROM_SysCtrlSetRechargeBeforePowerDown)
                  00003a6c    00000068     rtsv7M4_T_le_v4SPD16_eabi.lib : copy_decompress_lzss.c.obj (.text:decompress:lzss:__TI_decompress_lzss)
                  00003ad4    00000064     drivers_cc13x2.aem4f : UARTCC26XX.oem4f (.text:UARTCC26XX_control)
                  00003b38    00000064     main_tirtos.obj (.text:main)
                  00003b9c    00000062     drivers_cc13x2.aem4f : UARTCC26XX.oem4f (.text:UARTCC26XX_swiIntFxn)
                  00003bfe    00000002     rtsv7M4_T_le_v4SPD16_eabi.lib : div0.asm.obj (.text)
                  00003c00    00000060     drivers_cc13x2.aem4f : GPIOCC26XX.oem4f (.text:GPIO_write)
                  00003c60    0000005c     display.aem4f : Display.oem4f (.text:Display_doOpen)
                  00003cbc    0000005c     drivers_cc13x2.aem4f : PINCC26XX.oem4f (.text:PIN_remove)
                  00003d18    0000005c                          : SPICC26X2DMA.oem4f (.text:initHw)
                  00003d74    0000005c     spimaster.obj (.text:selectMemBank)
                  00003dd0    0000005c     rom_sysbios.aem4f : rom_sysbios.obj (.text:ti_sysbios_heaps_HeapMem_initPrimary__I)
                  00003e2c    0000005c     release_pem4f.oem4f (.text:xdc_runtime_Startup_getState__I)
                  00003e88    00000058     drivers_cc13x2.aem4f : PowerCC26X2_calibrateRCOSC.oem4f (.text:PowerCC26X2_initiateCalibration)
                  00003ee0    00000058     boot.aem4f : boot.oem4f (.text)
                  00003f38    00000058     rom_sysbios.aem4f : rom_sysbios.obj (.text:pthread_exit)
                  00003f90    00000052     spimaster.obj (.text:test_clocks)
                  00003fe2    00000002     release_pem4f.oem4f (.text:ti_sysbios_BIOS_nullFunc__I)
                  00003fe4    00000050     dpl_cc13x2.aem4f : ClockP_tirtos.oem4f (.text:ClockP_construct)
                  00004034    00000050     driverlib.lib : chipinfo.obj (.text:NOROM_ChipInfo_GetChipType)
                  00004084    00000050     drivers_cc13x2.aem4f : SPICC26X2DMA.oem4f (.text:SPICC26X2DMA_close)
                  000040d4    0000004c     CC1352P1_LAUNCHXL_fxns.obj (.text:CC1352P1_LAUNCHXL_wakeUpExtFlash)
                  00004120    0000004c     drivers_cc13x2.aem4f : UARTCC26XX.oem4f (.text:UARTCC26XX_readCancel)
                  0000416c    0000004c                          : UDMACC26XX.oem4f (.text:UDMACC26XX_open)
                  000041b8    0000004c     rtsv7M4_T_le_v4SPD16_eabi.lib : cpy_tbl.c.obj (.text:copy_in)
                  00004204    0000004c     drivers_cc13x2.aem4f : UARTCC26XX.oem4f (.text:startTxFifoEmptyClk)
                  00004250    0000004c                          : PowerCC26X2.oem4f (.text:switchXOSCHF)
                  0000429c    0000004a     display.aem4f : DisplayUart.oem4f (.text:DisplayUartMin_open)
                  000042e6    00000002     rom_sysbios.aem4f : rom_sysbios.obj (.text:xdc_runtime_SysCallback_defaultAbort)
                  000042e8    00000048     drivers_cc13x2.aem4f : PINCC26XX.oem4f (.text:PIN_setOutputEnable)
                  00004330    00000048                          : PowerCC26X2_calibrateRCOSC.oem4f (.text:PowerCC26X2_RCOSC_clockFunc)
                  00004378    00000048     rtsv7M4_T_le_v4SPD16_eabi.lib : fd_toi_t2.asm.obj (.text)
                  000043c0    00000048     drivers_cc13x2.aem4f : UARTCC26XX.oem4f (.text:writeFinishedDoCallback)
                  00004408    00000046     display.aem4f : DisplayUart.oem4f (.text:DisplayUartMin_vprintf)
                  0000444e    00000046     drivers_cc13x2.aem4f : RingBuf.oem4f (.text:RingBuf_put)
                  00004494    00000044     driverlib.lib : chipinfo.obj (.text:NOROM_ChipInfo_GetHwRevision)
                  000044d8    00000044     drivers_cc13x2.aem4f : PINCC26XX.oem4f (.text:PIN_swi)
                  0000451c    00000044                          : SPI.oem4f (.text:SPI_init)
                  00004560    00000044                          : UART.oem4f (.text:UART_init)
                  000045a4    00000044     rtsv7M4_T_le_v4SPD16_eabi.lib : fd_tou_t2.asm.obj (.text)
                  000045e8    00000042     drivers_cc13x2.aem4f : SPICC26X2DMA.oem4f (.text:SPICC26X2DMA_swiFxn)
                  0000462a    00000002     rom_sysbios.aem4f : rom_sysbios.obj (.text:xdc_runtime_SysCallback_defaultExit)
                  0000462c    00000040     CC1352P1_LAUNCHXL_fxns.obj (.text:CC1352P1_LAUNCHXL_shutDownExtFlash)
                  0000466c    00000040     drivers_cc13x2.aem4f : RingBuf.oem4f (.text:RingBuf_get)
                  000046ac    00000040                          : SPI.oem4f (.text:SPI_open)
                  000046ec    00000040                          : UART.oem4f (.text:UART_open)
                  0000472c    00000040     rtsv7M4_T_le_v4SPD16_eabi.lib : u_divt2.asm.obj (.text)
                  0000476c    00000040     rom_sysbios.aem4f : rom_sysbios.obj (.text:ti_sysbios_family_arm_cc26xx_Timer_setThreshold__I)
                  000047ac    0000003e     dpl_cc13x2.aem4f : HwiP_tirtos.oem4f (.text:HwiP_construct)
                  000047ea    00000002     rom_sysbios.aem4f : rom_sysbios.obj (.text:xdc_runtime_SysCallback_defaultFlush)
                  000047ec    0000003c     drivers_cc13x2.aem4f : PINCC26XX.oem4f (.text:PIN_setInterrupt)
                  00004828    0000003c                          : PINCC26XX.oem4f (.text:PIN_setOutputValue)
                  00004864    0000003c     dpl_cc13x2.aem4f : SwiP_tirtos.oem4f (.text:SwiP_construct)
                  000048a0    0000003c     spimaster.obj (.text:setBitClearField)
                  000048dc    0000003c     spimaster.obj (.text:setBitSetField)
                  00004918    0000003c     rom_sysbios.aem4f : rom_sysbios.obj (.text:sleep)
                  00004954    0000003c                       : rom_sysbios.obj (.text:ti_sysbios_family_arm_m3_Hwi_construct2__E)
                  00004990    00000038     driverlib.lib : osc.obj (.text:NOROM_OSC_HPOSCRelativeFrequencyOffsetGet)
                  000049c8    00000038     drivers_cc13x2.aem4f : PINCC26XX.oem4f (.text:PIN_setConfig)
                  00004a00    00000038                          : PowerCC26X2.oem4f (.text:notify)
                  00004a38    00000038                          : UARTCC26XX.oem4f (.text:readData)
                  00004a70    00000038     rtsv7M4_T_le_v4SPD16_eabi.lib : fs_tod_t2.asm.obj (.text)
                  00004aa8    00000038     drivers_cc13x2.aem4f : UARTCC26XX.oem4f (.text:writeData)
                  00004ae0    00000036                          : UDMACC26XX.oem4f (.text:UDMACC26XX_close)
                  00004b16    00000036     rom_sysbios.aem4f : rom_sysbios.obj (.text:ti_sysbios_family_arm_cc26xx_Timer_setNextTick__E)
                  00004b4c    00000034     driverlib.lib : aux_sysif.obj (.text:NOROM_AUXSYSIFOpModeChange)
                  00004b80    00000034                   : sys_ctrl.obj (.text:NOROM_SysCtrlIdle)
                  00004bb4    00000034     drivers_cc13x2.aem4f : UARTCC26XX.oem4f (.text:readData2RingBuf)
                  00004be8    00000030                          : GPIOCC26XX.oem4f (.text:GPIO_hwiIntFxn)
                  00004c18    00000030                          : GPIOCC26XX.oem4f (.text:GPIO_setCallback)
                  00004c48    00000030                          : PINCC26XX.oem4f (.text:PINCC26XX_setMux)
                  00004c78    00000030                          : PowerCC26X2.oem4f (.text:Power_releaseConstraint)
                  00004ca8    00000030                          : PowerCC26X2.oem4f (.text:Power_setConstraint)
                  00004cd8    00000030     release_pem4f.oem4f (.text:ti_sysbios_BIOS_atExitFunc__I)
                  00004d08    00000030     release_pem4f.oem4f (.text:ti_sysbios_BIOS_startFunc__I)
                  00004d38    00000030     rom_sysbios.aem4f : rom_sysbios.obj (.text:ti_sysbios_family_arm_cc26xx_Timer_getCurrentTick__E)
                  00004d68    00000030                       : rom_sysbios.obj (.text:ti_sysbios_family_arm_cc26xx_Timer_initDevice__I)
                  00004d98    0000002e     rtsv7M4_T_le_v4SPD16_eabi.lib : i_tofd_t2.asm.obj (.text)
                  00004dc6    0000002c     dpl_cc13x2.aem4f : SemaphoreP_tirtos.oem4f (.text:SemaphoreP_constructBinary)
                  00004df2    00000002     rom_sysbios.aem4f : rom_sysbios.obj (.text:xdc_runtime_SysCallback_defaultPutch)
                  00004df4    0000002c     dpl_cc13x2.aem4f : SemaphoreP_tirtos.oem4f (.text:SemaphoreP_createBinary)
                  00004e20    0000002c     rom_sysbios.aem4f : rom_sysbios.obj (.text:_pthread_delete$45)
                  00004e4c    0000002c     CC1352P1_LAUNCHXL_fxns.obj (.text:initAntennaSwitch)
                  00004e78    0000002c     rom_sysbios.aem4f : rom_sysbios.obj (.text:pthread_setcancelstate)
                  00004ea4    0000002c                       : rom_sysbios.obj (.text:ti_sysbios_knl_Clock_getTicksUntilInterrupt__E)
                  00004ed0    0000002a     display.aem4f : Display.oem4f (.text:Display_doPrintf)
                  00004efa    00000002     --HOLE-- [fill = 0]
                  00004efc    00000028                   : Display.oem4f (.text:Display_doInit)
                  00004f24    00000028     driverlib.lib : osc.obj (.text:NOROM_OSCHF_TurnOnXosc)
                  00004f4c    00000028     drivers_cc13x2.aem4f : PowerCC26X2.oem4f (.text:Power_registerNotify)
                  00004f74    00000028                          : SPICC26X2DMA.oem4f (.text:flushFifos)
                  00004f9c    00000028                          : PowerCC26X2.oem4f (.text:oscillatorISR)
                  00004fc4    00000026                          : List.oem4f (.text:List_put)
                  00004fea    00000026                          : List.oem4f (.text:List_remove)
                  00005010    00000024     rom_sysbios.aem4f : rom_sysbios.obj (.text:_pthread_cleanupFxn)
                  00005034    00000024     drivers_cc13x2.aem4f : PowerCC26X2_calibrateRCOSC.oem4f (.text:getTdcSemaphore)
                  00005058    00000024     rom_sysbios.aem4f : rom_sysbios.obj (.text:pthread_attr_init)
                  0000507c    00000024     release_pem4f.oem4f (.text:ti_sysbios_BIOS_registerRTSLock__I)
                  000050a0    00000024     release_pem4f.oem4f (.text:ti_sysbios_BIOS_removeRTSLock__I)
                  000050c4    00000024     rom_sysbios.aem4f : rom_sysbios.obj (.text:ti_sysbios_family_arm_cc26xx_Timer_getMaxTicks__E)
                  000050e8    00000020     drivers_cc13x2.aem4f : PINCC26XX.oem4f (.text:PINCC26XX_setIoCfgMux)
                  00005108    00000020                          : PowerCC26X2.oem4f (.text:Power_unregisterNotify)
                  00005128    00000020                          : UARTCC26XX.oem4f (.text:threadSafeStdbyDisRelease)
                  00005148    00000020                          : UARTCC26XX.oem4f (.text:threadSafeStdbyDisSet)
                  00005168    00000020     release_pem4f.oem4f (.text:ti_sysbios_BIOS_rtsLock__I)
                  00005188    00000020     rom_sysbios.aem4f : rom_sysbios.obj (.text:ti_sysbios_family_arm_cc26xx_Timer_dynamicStub__E)
                  000051a8    00000020                       : rom_sysbios.obj (.text:xdc_runtime_Error_policyMin__E)
                  000051c8    0000001e     drivers_cc13x2.aem4f : PINCC26XX.oem4f (.text:PIN_close)
                  000051e6    0000001e                          : PowerCC26X2.oem4f (.text:Power_getTransitionLatency)
                  00005204    0000001c     CC1352P1_LAUNCHXL.obj (.text:CC1352P1_LAUNCHXL_initGeneral)
                  00005220    0000001c     driverlib.lib : chipinfo.obj (.text:NOROM_ChipInfo_GetChipFamily)
                  0000523c    0000001c     drivers_cc13x2.aem4f : PINCC26XX.oem4f (.text:PIN_hwi)
                  00005258    0000001c     dpl_cc13x2.aem4f : PowerCC26X2_tirtos.oem4f (.text:PowerCC26XX_schedulerDisable)
                  00005274    0000001c                      : PowerCC26X2_tirtos.oem4f (.text:PowerCC26XX_schedulerRestore)
                  00005290    0000001c     drivers_cc13x2.aem4f : UDMACC26XX.oem4f (.text:UDMACC26XX_initHw)
                  000052ac    0000001c     rom_sysbios.aem4f : rom_sysbios.obj (.text:ti_sysbios_family_arm_m3_Hwi_clearInterrupt__E)
                  000052c8    0000001c                       : rom_sysbios.obj (.text:ti_sysbios_knl_Swi_construct2__E)
                  000052e4    0000001c     release_pem4f.oem4f (.text:xdc_runtime_Startup_exec__I)
                  00005300    0000001a     drivers_cc13x2.aem4f : PowerCC26X2.oem4f (.text:PowerCC26XX_calibrate)
                  0000531a    00000002     --HOLE-- [fill = 0]
                  0000531c    00000018     driverlib.lib : chipinfo.obj (.text:NOROM_ChipInfo_GetPackageType)
                  00005334    00000018     drivers_cc13x2.aem4f : PowerCC26X2.oem4f (.text:Power_idleFunc)
                  0000534c    00000018                          : UART.oem4f (.text:UART_Params_init)
                  00005364    00000018     rtsv7M4_T_le_v4SPD16_eabi.lib : args_main.c.obj (.text:_args_main)
                  0000537c    00000018                                   : ll_mul_t2.asm.obj (.text)
                  00005394    00000018     release_pem4f.oem4f (.text:ti_sysbios_BIOS_rtsUnlock__I)
                  000053ac    00000018     rom_sysbios.aem4f : rom_sysbios.obj (.text:ti_sysbios_knl_Swi_or__E)
                  000053c4    00000018                       : rom_sysbios.obj (.text:xdc_runtime_Error_init__E)
                  000053dc    00000016     display.aem4f : DisplayUart.oem4f (.text:DisplayUartMin_close)
                  000053f2    00000016     driverlib.lib : chipinfo.obj (.text:NOROM_ThisLibraryIsFor_CC13x2_CC26x2_HwRev20AndLater_HaltIfViolated)
                  00005408    00000016     rom_sysbios.aem4f : rom_sysbios.obj (.text:_pthread_cleanup_pop)
                  0000541e    00000016     release_pem4f.oem4f (.text:ti_sysbios_BIOS_exitFunc__I)
                  00005434    00000014     drivers_cc13x2.aem4f : PINCC26XX.oem4f (.text:PINCC26XX_getInputValue)
                  00005448    00000014                          : PowerCC26X2_calibrateRCOSC.oem4f (.text:PowerCC26X2_calibrate)
                  0000545c    00000014                          : SPI.oem4f (.text:SPI_Params_init)
                  00005470    00000014                          : PowerCC26X2.oem4f (.text:configureRFCoreClocks)
                  00005484    00000014     rom_sysbios.aem4f : rom_sysbios.obj (.text:pthread_attr_setschedparam)
                  00005498    00000014     drivers_cc13x2.aem4f : PowerCC26X2.oem4f (.text:switchToTCXO)
                  000054ac    00000014     rom_sysbios.aem4f : rom_sysbios.obj (.text:ti_sysbios_family_arm_cc26xx_Timer_getCount64__E)
                  000054c0    00000014     release_pem4f.oem4f (.text:ti_sysbios_knl_Clock_doTick__I)
                  000054d4    00000012     drivers_cc13x2.aem4f : RingBuf.oem4f (.text:RingBuf_construct)
                  000054e6    00000012     dpl_cc13x2.aem4f : SemaphoreP_tirtos.oem4f (.text:SemaphoreP_pend)
                  000054f8    00000012     rom_sysbios.aem4f : rom_sysbios.obj (.text:_pthread_runStub$45)
                  0000550a    00000010     dpl_cc13x2.aem4f : HwiP_tirtos.oem4f (.text:HwiP_Params_init)
                  0000551a    00000002     --HOLE-- [fill = 0]
                  0000551c    00000010     drivers_cc13x2.aem4f : PINCC26XX.oem4f (.text:PINCC26XX_getPinCount)
                  0000552c    00000010     dpl_cc13x2.aem4f : SwiP_tirtos.oem4f (.text:SwiP_Params_init)
                  0000553c    00000010     drivers_cc13x2.aem4f : UARTCC26XX.oem4f (.text:uartPostNotify)
                  0000554c    0000000e     rtsv7M4_T_le_v4SPD16_eabi.lib : copy_decompress_none.c.obj (.text:decompress:none:__TI_decompress_none)
                  0000555a    0000000e     rom_sysbios.aem4f : rom_sysbios.obj (.text:pthread_attr_setdetachstate)
                  00005568    0000000e                       : rom_sysbios.obj (.text:ti_sysbios_family_arm_cc26xx_TimestampProvider_get32__E)
                  00005576    0000000c     CC1352P1_LAUNCHXL_fxns.obj (.text:Board_initHook)
                  00005582    0000000c     driverlib.lib : cpu.obj (.text:NOROM_CPUcpsid)
                  0000558e    0000000c                   : cpu.obj (.text:NOROM_CPUcpsie)
                  0000559a    0000000c     drivers_cc13x2.aem4f : PINCC26XX.oem4f (.text:PIN_registerIntCb)
                  000055a6    00000002     --HOLE-- [fill = 0]
                  000055a8    0000000c                          : PowerCC26X2.oem4f (.text:Power_getConstraintMask)
                  000055b4    0000000c                          : PowerCC26X2.oem4f (.text:Power_getDependencyCount)
                  000055c0    0000000c     dpl_cc13x2.aem4f : SemaphoreP_tirtos.oem4f (.text:SemaphoreP_delete)
                  000055cc    0000000c     rtsv7M4_T_le_v4SPD16_eabi.lib : _lock.c.obj (.text:_register_lock)
                  000055d8    0000000c                                   : _lock.c.obj (.text:_register_unlock)
                  000055e4    0000000c                                   : copy_zero_init.c.obj (.text:decompress:ZI:__TI_zero_init)
                  000055f0    0000000c     rom_sysbios.aem4f : rom_sysbios.obj (.text:pthread_self)
                  000055fc    0000000c     drivers_cc13x2.aem4f : SPICC26X2DMA.oem4f (.text:spiPostNotify)
                  00005608    0000000c     rom_sysbios.aem4f : rom_sysbios.obj (.text:ti_sysbios_knl_Swi_getTrigger__E)
                  00005614    0000000a     dpl_cc13x2.aem4f : ClockP_tirtos.oem4f (.text:ClockP_Params_init)
                  0000561e    0000000a     drivers_cc13x2.aem4f : SPICC26X2DMA.oem4f (.text:SPICC26X2DMA_init)
                  00005628    0000000a                          : SPI.oem4f (.text:SPI_close)
                  00005632    0000000a                          : SPI.oem4f (.text:SPI_transfer)
                  0000563c    0000000a                          : UART.oem4f (.text:UART_close)
                  00005646    0000000a                          : UART.oem4f (.text:UART_control)
                  00005650    0000000a                          : UART.oem4f (.text:UART_write)
                  0000565a    0000000a                          : UDMACC26XX.oem4f (.text:UDMACC26XX_hwiIntFxn)
                  00005664    00000008     CC1352P1_LAUNCHXL.obj (.text:Board_init)
                  0000566c    00000008     drivers_cc13x2.aem4f : UARTCC26XX.oem4f (.text:UARTCC26XX_init)
                  00005674    00000008                          : SPICC26X2DMA.oem4f (.text:blockingTransferCallback)
                  0000567c    00000008                          : UARTCC26XX.oem4f (.text:readSemCallback)
                  00005684    00000008                          : UARTCC26XX.oem4f (.text:writeSemCallback)
                  0000568c    00000008     release_pem4f.oem4f (.text:xdc_runtime_Text_visitRope__I)
                  00005694    00000006     display.aem4f : DisplayUart.oem4f (.text:DisplayUartMin_control)
                  0000569a    00000006                   : DisplayUart.oem4f (.text:DisplayUartMin_getType)
                  000056a0    00000006     driverlib.lib : cpu.obj (.text:NOROM_CPUdelay)
                  000056a6    00000006     drivers_cc13x2.aem4f : UARTCC26XX.oem4f (.text:UARTCC26XX_readPolling)
                  000056ac    00000006                          : UARTCC26XX.oem4f (.text:UARTCC26XX_writePolling)
                  000056b2    00000006     rom_sysbios.aem4f : rom_sysbios.obj (.text:pthread_attr_setstacksize)
                  000056b8    00000004     dpl_cc13x2.aem4f : PowerCC26X2_tirtos.oem4f (.text:CPUwfi)
                  000056bc    00000004                      : ClockP_tirtos.oem4f (.text:ClockP_destruct)
                  000056c0    00000004                      : ClockP_tirtos.oem4f (.text:ClockP_getCpuFreq)
                  000056c4    00000004                      : ClockP_tirtos.oem4f (.text:ClockP_setTimeout)
                  000056c8    00000004                      : ClockP_tirtos.oem4f (.text:ClockP_start)
                  000056cc    00000004                      : ClockP_tirtos.oem4f (.text:ClockP_stop)
                  000056d0    00000004                      : HwiP_tirtos.oem4f (.text:HwiP_clearInterrupt)
                  000056d4    00000004                      : HwiP_tirtos.oem4f (.text:HwiP_destruct)
                  000056d8    00000004                      : HwiP_tirtos.oem4f (.text:HwiP_disable)
                  000056dc    00000004                      : HwiP_tirtos.oem4f (.text:HwiP_disableInterrupt)
                  000056e0    00000004                      : HwiP_tirtos.oem4f (.text:HwiP_enableInterrupt)
                  000056e4    00000004                      : SemaphoreP_tirtos.oem4f (.text:SemaphoreP_destruct)
                  000056e8    00000004                      : SemaphoreP_tirtos.oem4f (.text:SemaphoreP_post)
                  000056ec    00000004                      : SwiP_tirtos.oem4f (.text:SwiP_destruct)
                  000056f0    00000004                      : SwiP_tirtos.oem4f (.text:SwiP_disable)
                  000056f4    00000004                      : SwiP_tirtos.oem4f (.text:SwiP_getTrigger)
                  000056f8    00000004                      : SwiP_tirtos.oem4f (.text:SwiP_or)
                  000056fc    00000004                      : SwiP_tirtos.oem4f (.text:SwiP_post)
                  00005700    00000004                      : SystemP_tirtos.oem4f (.text:SystemP_vsnprintf)
                  00005704    00000004     drivers_cc13x2.aem4f : PowerCC26X2.oem4f (.text:nopResourceHandler)
                  00005708    00000004     rom_sysbios.aem4f : rom_sysbios.obj (.text:ti_sysbios_knl_Queue_insert__E)
                  0000570c    00000004                       : rom_sysbios.obj (.text:ti_sysbios_knl_Task_getArg1__E)
                  00005710    00000004                       : rom_sysbios.obj (.text:ti_sysbios_knl_Task_getEnv__E)
                  00005714    00000004     release_pem4f.oem4f (.text:xdc_runtime_Startup_reset__I)
                  00005718    00000004     rom_sysbios.aem4f : rom_sysbios.obj (.text:xdc_runtime_SysCallback_defaultReady)
                  0000571c    00000008     (.tramp.xdc_runtime_System_vsnprintf__E.1)
                  00005724    00000008     (.tramp.ti_sysbios_knl_Swi_destruct.1)
                  0000572c    00000008     (.tramp.ti_sysbios_family_arm_m3_Hwi_enableInterrupt__E.1)
                  00005734    00000008     (.tramp.ti_sysbios_family_arm_m3_Hwi_disableInterrupt__E.1)
                  0000573c    00000008     (.tramp.ti_sysbios_family_arm_m3_Hwi_disableFxn__E.1)
                  00005744    00000008     (.tramp.ti_sysbios_family_arm_m3_Hwi_destruct.1)
                  0000574c    00000008     (.tramp.ti_sysbios_BIOS_getCpuFreq__E.1)
                  00005754    00000008     (.tramp.ti_sysbios_knl_Clock_destruct.1)
                  0000575c    00000008     (.tramp.ti_sysbios_knl_Task_self__E.1)
                  00005764    00000008     (.tramp.ti_sysbios_knl_Semaphore_delete.1)
                  0000576c    00000008     (.tramp.ti_sysbios_knl_Clock_logTick__E.1)
                  00005774    00000008     (.tramp.ti_sysbios_knl_Swi_post__E.1)
                  0000577c    00000008     (.tramp.ti_sysbios_BIOS_RtsGateProxy_leave__E.1)
                  00005784    00000008     (.tramp.ti_sysbios_knl_Swi_construct.1)
                  0000578c    00000008     (.tramp.ti_sysbios_BIOS_RtsGateProxy_enter__E.1)
                  00005794    00000008     (.tramp.ti_sysbios_knl_Clock_TimerProxy_getCurrentTick__E.1)
                  0000579c    00000008     (.tramp.ti_sysbios_knl_Task_delete.1)
                  000057a4    00000008     (.tramp.ti_sysbios_knl_Semaphore_destruct.1)
                  000057ac    00000008     (.tramp.ti_sysbios_knl_Semaphore_create.1)
                  000057b4    00000008     (.tramp.ti_sysbios_knl_Task_startup__E.1)
                  000057bc    00000008     (.tramp.ti_sysbios_knl_Swi_startup__E.1)
                  000057c4    00000008     (.tramp.ti_sysbios_hal_Hwi_startup__E.1)
                  000057cc    00000008     (.tramp.ti_sysbios_family_arm_cc26xx_Timer_startup__E.1)
                  000057d4    00000008     (.tramp.xdc_runtime_System_atexit__E.1)
                  000057dc    00000008     (.tramp.ti_sysbios_BIOS_linkedWithIncorrectBootLibrary__E.1)
                  000057e4    00000008     (.tramp.xdc_runtime_Startup_rtsDone__E.1)
                  000057ec    00000008     (.tramp.ti_sysbios_knl_Swi_disable__E.1)
                  000057f4    00000008     (.tramp.ti_sysbios_family_arm_m3_Hwi_construct.1)
                  000057fc    00000008     (.tramp.ti_sysbios_knl_Task_sleep__E.1)
                  00005804    00000008     (.tramp.ti_sysbios_knl_Swi_Params__init__S.1)
                  0000580c    00000008     (.tramp.ti_sysbios_family_arm_m3_Hwi_Params__init__S.1)
                  00005814    00000008     (.tramp.strlen.1)
                  0000581c    00000008     (.tramp.ti_sysbios_knl_Clock_construct.1)
                  00005824    00000008     (.tramp.ti_sysbios_knl_Clock_Params__init__S.1)
                  0000582c    00000008     (.tramp.xdc_runtime_System_exit__E.1)
                  00005834    00000008     (.tramp.ti_sysbios_heaps_HeapMem_restore__E.1)
                  0000583c    00000008     (.tramp.ti_sysbios_heaps_HeapMem_Object__get__S.1)
                  00005844    00000008     (.tramp.ti_sysbios_BIOS_start__E.1)
                  0000584c    00000008     (.tramp.xdc_runtime_Error_raiseX__E.1)
                  00005854    00000008     (.tramp.ti_sysbios_BIOS_setThreadType__E.1)
                  0000585c    00000008     (.tramp.ti_sysbios_family_arm_m3_Hwi_excFillContext__I.1)
                  00005864    00000008     (.tramp.ti_sysbios_knl_Semaphore_post__E.1)
                  0000586c    00000008     (.tramp.xdc_runtime_Memory_free__E.1)
                  00005874    00000008     (.tramp.ti_sysbios_knl_Queue_next__E.1)
                  0000587c    00000008     (.tramp.ti_sysbios_knl_Queue_head__E.1)
                  00005884    00000008     (.tramp.ti_sysbios_knl_Semaphore_pend__E.1)
                  0000588c    00000008     (.tramp.ti_sysbios_knl_Task_restore__E.1)
                  00005894    00000008     (.tramp.ti_sysbios_knl_Queue_enqueue__E.1)
                  0000589c    00000008     (.tramp.ti_sysbios_knl_Queue_empty__E.1)
                  000058a4    00000008     (.tramp.ti_sysbios_knl_Queue_remove__E.1)
                  000058ac    00000008     (.tramp.ti_sysbios_knl_Task_disable__E.1)
                  000058b4    00000008     (.tramp.ti_sysbios_knl_Clock_stop__E.1)
                  000058bc    00000008     (.tramp.ti_sysbios_knl_Clock_start__E.1)
                  000058c4    00000008     (.tramp.ti_sysbios_knl_Clock_setTimeout__E.1)
                  000058cc    00000008     (.tramp.ti_sysbios_knl_Task_create.1)
                  000058d4    00000008     (.tramp.ti_sysbios_knl_Semaphore_construct.1)
                  000058dc    00000008     (.tramp.ti_sysbios_knl_Semaphore_Params__init__S.1)
                  000058e4    00000008     (.tramp.ti_sysbios_knl_Queue_construct.1)
                  000058ec    00000008     (.tramp.xdc_runtime_Memory_alloc__E.1)
                  000058f4    00000008     (.tramp.ti_sysbios_knl_Task_Params__init__S.1)
                  000058fc    00000008     (.tramp.xdc_runtime_System_doPrint__I.1)
                  00005904    00000008     (.tramp.ti_sysbios_knl_Swi_restore__E.1)
                  0000590c    00000008     (.tramp.ti_sysbios_family_arm_m3_Hwi_restoreFxn__E.1)

.const     0    00005914    00000800     
                  00005914    000003b8     release_pem4f.oem4f (.const:ROM_constStruct)
                  00005ccc    00000054     drivers_cc13x2.aem4f : PowerCC26X2.oem4f (.const:resourceDB)
                  00005d20    00000050     CC1352P1_LAUNCHXL.obj (.const:uartCC26XXHWAttrs)
                  00005d70    00000048     release_pem4f.oem4f (.const:.string)
                  00005db8    00000048     release_pem4f.oem4f (.const:ROM_externFuncPtrs)
                  00005e00    00000040     CC1352P1_LAUNCHXL.obj (.const:spiCC26X2DMAHWAttrs)
                  00005e40    00000038     CC1352P1_LAUNCHXL.obj (.const:BoardGpioInitTable)
                  00005e78    00000028     drivers_cc13x2.aem4f : UARTCC26XX.oem4f (.const:UARTCC26XX_fxnTable)
                  00005ea0    00000024                          : UART.oem4f (.const:UART_defaultParams)
                  00005ec4    00000024     release_pem4f.oem4f (.const:xdc_runtime_Startup_sfxnTab__A)
                  00005ee8    00000020     display.aem4f : DisplayUart.oem4f (.const:DisplayUartMin_fxnTable)
                  00005f08    00000020     drivers_cc13x2.aem4f : SPI.oem4f (.const:SPI_defaultParams)
                  00005f28    00000018                          : SPICC26X2DMA.oem4f (.const:SPICC26X2DMA_fxnTable)
                  00005f40    00000018     CC1352P1_LAUNCHXL.obj (.const:SPI_config)
                  00005f58    00000018     CC1352P1_LAUNCHXL.obj (.const:UART_config)
                  00005f70    00000018     drivers_cc13x2.aem4f : SPICC26X2DMA.oem4f (.const:frameFormat)
                  00005f88    00000018                          : GPIOCC26XX.oem4f (.const:interruptType)
                  00005fa0    00000016     CC1352P1_LAUNCHXL.obj (.const)
                  00005fb6    00000001     display.aem4f : Display.oem4f (.const:Display_defaultParams)
                  00005fb7    00000001     release_pem4f.oem4f (.const:xdc_runtime_Text_charTab__A)
                  00005fb8    00000014     CC1352P1_LAUNCHXL_fxns.obj (.const:$P$T1$2)
                  00005fcc    00000014     CC1352P1_LAUNCHXL.obj (.const:GPIOCC26XX_config)
                  00005fe0    00000014     CC1352P1_LAUNCHXL.obj (.const:PowerCC26X2_config)
                  00005ff4    00000014     CC1352P1_LAUNCHXL.obj (.const:displayUartHWAttrs)
                  00006008    00000014     drivers_cc13x2.aem4f : UARTCC26XX.oem4f (.const:parityType)
                  0000601c    00000012     release_pem4f.oem4f (.const:xdc_runtime_Startup_sfxnRts__A)
                  0000602e    00000002     --HOLE-- [fill = 0]
                  00006030    00000010     CC1352P1_LAUNCHXL_fxns.obj (.const:$P$T2$3)
                  00006040    00000010     drivers_cc13x2.aem4f : UARTCC26XX.oem4f (.const:dataLength)
                  00006050    00000010                          : GPIOCC26XX.oem4f (.const:outPinTypes)
                  00006060    0000000c     CC1352P1_LAUNCHXL.obj (.const:Display_config)
                  0000606c    0000000c     drivers_cc13x2.aem4f : GPIOCC26XX.oem4f (.const:inPinTypes)
                  00006078    0000000c                          : GPIOCC26XX.oem4f (.const:outPinStrengths)
                  00006084    0000000c     release_pem4f.oem4f (.const:xdc_runtime_Startup_firstFxns__A)
                  00006090    00000008     driverlib.lib : aux_sysif.obj (.const:$O1$$)
                  00006098    00000008     CC1352P1_LAUNCHXL_fxns.obj (.const:$P$T0$1)
                  000060a0    00000008     CC1352P1_LAUNCHXL.obj (.const:PINCC26XX_hwAttrs)
                  000060a8    00000008     CC1352P1_LAUNCHXL.obj (.const:UDMACC26XX_config)
                  000060b0    00000008     drivers_cc13x2.aem4f : SPICC26X2DMA.oem4f (.const:dmaNullConfig)
                  000060b8    00000008                          : SPICC26X2DMA.oem4f (.const:dmaRxConfig)
                  000060c0    00000008                          : SPICC26X2DMA.oem4f (.const:dmaTxConfig)
                  000060c8    00000008                          : UARTCC26XX.oem4f (.const:stopBits)
                  000060d0    00000008     release_pem4f.oem4f (.const:ti_sysbios_family_arm_m3_Hwi_excHookFuncs__A)
                  000060d8    00000008     release_pem4f.oem4f (.const:ti_sysbios_knl_Idle_funcList__A)
                  000060e0    00000008     CC1352P1_LAUNCHXL.obj (.const:udmaHWAttrs)
                  000060e8    00000006     drivers_cc13x2.aem4f : UARTCC26XX.oem4f (.const:.string:rxFifoBytes)
                  000060ee    00000006                          : UARTCC26XX.oem4f (.const:.string:rxFifoThreshold)
                  000060f4    00000006                          : UARTCC26XX.oem4f (.const:.string:txFifoBytes)
                  000060fa    00000006                          : UARTCC26XX.oem4f (.const:.string:txFifoThreshold)
                  00006100    00000004     release_pem4f.oem4f (.const:ti_sysbios_family_arm_m3_Hwi_E_exception__C)
                  00006104    00000004     release_pem4f.oem4f (.const:ti_sysbios_heaps_HeapMem_primaryHeapBaseAddr__C)
                  00006108    00000004     release_pem4f.oem4f (.const:ti_sysbios_heaps_HeapMem_primaryHeapEndAddr__C)
                  0000610c    00000004     release_pem4f.oem4f (.const:ti_sysbios_knl_Clock_tickPeriod__C)
                  00006110    00000004     release_pem4f.oem4f (.const:ti_sysbios_knl_Task_Object__heap__C)

MODULE SUMMARY

       Module                             code    ro data   rw data
       ------                             ----    -------   -------
    ./
       spimaster.obj                      1738    0         72     
       CC1352P1_LAUNCHXL.obj              36      366       1328   
       CC1352P1_LAUNCHXL_fxns.obj         328     44        16     
       main_tirtos.obj                    100     0         0      
       ccfg.obj                           0       88        0      
    +--+----------------------------------+-------+---------+---------+
       Total:                             2202    498       1416   
                                                                   
    /Users/sramnath/ccs_workspaces/spiEthernet/tirtos_builds_CC1352P1_LAUNCHXL_release_ccs/Debug/configPkg/package/cfg/
       release_pem4f.oem4f                776     1259      1830   
    +--+----------------------------------+-------+---------+---------+
       Total:                             776     1259      1830   
                                                                   
    /Applications/ti_ccs9/ccs9/ccs/tools/compiler/ti-cgt-arm_18.12.2.LTS/lib/rtsv7M4_T_le_v4SPD16_eabi.lib
       fd_add_t2.asm.obj                  438     0         0      
       fd_cmp_t2.asm.obj                  268     0         0      
       fd_mul_t2.asm.obj                  252     0         0      
       memcpy_t2.asm.obj                  156     0         0      
       ull_div_t2.asm.obj                 150     0         0      
       memset_t2.asm.obj                  122     0         0      
       copy_decompress_lzss.c.obj         104     0         0      
       cpy_tbl.c.obj                      76      0         0      
       fd_toi_t2.asm.obj                  72      0         0      
       fd_tou_t2.asm.obj                  68      0         0      
       u_divt2.asm.obj                    64      0         0      
       fs_tod_t2.asm.obj                  56      0         0      
       i_tofd_t2.asm.obj                  46      0         0      
       _lock.c.obj                        26      0         8      
       args_main.c.obj                    24      0         0      
       ll_mul_t2.asm.obj                  24      0         0      
       copy_decompress_none.c.obj         14      0         0      
       copy_zero_init.c.obj               12      0         0      
       stkdepth_vars.c.obj                0       0         4      
       div0.asm.obj                       2       0         0      
    +--+----------------------------------+-------+---------+---------+
       Total:                             1974    0         12     
                                                                   
    /Applications/ti_ccs9/simplelink_cc13x2_26x2_sdk_3_20_00_68/kernel/tirtos/packages/ti/dpl/lib/dpl_cc13x2.aem4f
       PowerCC26X2_tirtos.oem4f           240     0         8      
       SemaphoreP_tirtos.oem4f            126     0         0      
       ClockP_tirtos.oem4f                110     0         4      
       HwiP_tirtos.oem4f                  98      0         0      
       SwiP_tirtos.oem4f                  96      0         0      
       SystemP_tirtos.oem4f               4       0         0      
    +--+----------------------------------+-------+---------+---------+
       Total:                             674     0         12     
                                                                   
    /Applications/ti_ccs9/simplelink_cc13x2_26x2_sdk_3_20_00_68/kernel/tirtos/packages/ti/targets/arm/rtsarm/lib/auto_init.aem4f
       auto_init.oem4f                    160     0         0      
    +--+----------------------------------+-------+---------+---------+
       Total:                             160     0         0      
                                                                   
    /Applications/ti_ccs9/simplelink_cc13x2_26x2_sdk_3_20_00_68/kernel/tirtos/packages/ti/targets/arm/rtsarm/lib/boot.aem4f
       boot.oem4f                         88      0         0      
    +--+----------------------------------+-------+---------+---------+
       Total:                             88      0         0      
                                                                   
    /Applications/ti_ccs9/simplelink_cc13x2_26x2_sdk_3_20_00_68/source/ti/devices/cc13x2_cc26x2/driverlib/bin/ccs/driverlib.lib
       sys_ctrl.obj                       408     0         0      
       osc.obj                            336     0         28     
       setup.obj                          324     0         0      
       chipinfo.obj                       222     0         0      
       aux_sysif.obj                      52      8         0      
       cpu.obj                            30      0         0      
       driverlib_release.obj              0       0         1      
    +--+----------------------------------+-------+---------+---------+
       Total:                             1372    8         29     
                                                                   
    /Applications/ti_ccs9/simplelink_cc13x2_26x2_sdk_3_20_00_68/source/ti/display/lib/display.aem4f
       DisplayUart.oem4f                  184     32        0      
       Display.oem4f                      174     1         0      
    +--+----------------------------------+-------+---------+---------+
       Total:                             358     33        0      
                                                                   
    /Applications/ti_ccs9/simplelink_cc13x2_26x2_sdk_3_20_00_68/source/ti/drivers/lib/drivers_cc13x2.aem4f
       SPICC26X2DMA.oem4f                 3414    72        128    
       UARTCC26XX.oem4f                   2742    108       0      
       PowerCC26X2.oem4f                  2098    84        272    
       PINCC26XX.oem4f                    1574    0         276    
       PowerCC26X2_calibrateRCOSC.oem4f   1400    0         0      
       GPIOCC26XX.oem4f                   660     64        61     
       UART.oem4f                         186     36        1      
       SPI.oem4f                          172     32        1      
       UDMACC26XX.oem4f                   168     0         0      
       RingBuf.oem4f                      152     0         0      
       List.oem4f                         76      0         0      
    +--+----------------------------------+-------+---------+---------+
       Total:                             12642   396       739    
                                                                   
    /Users/sramnath/ccs_workspaces/spiEthernet/tirtos_builds_CC1352P1_LAUNCHXL_release_ccs/src/sysbios/rom_sysbios.aem4f
       rom_sysbios.obj                    1985    0         136    
    +--+----------------------------------+-------+---------+---------+
       Total:                             1985    0         136    
                                                                   
       Stack:                             0       0         1024   
       Linker Generated:                  504     636       0      
    +--+----------------------------------+-------+---------+---------+
       Grand Total:                       22735   2830      5198   


LINKER GENERATED COPY TABLES

__TI_cinit_table @ 00006330 records: 13, size/record: 8, table size: 104
	.data: load addr=00006118, load size=000001a8 bytes, run addr=20001110, run size=00000565 bytes, compression=lzss
	.TI.bound:dmaSpi0RxAltControlTableEntry: load addr=000062d0, load size=00000008 bytes, run addr=20001a30, run size=00000010 bytes, compression=zero_init
	.TI.bound:dmaSpi0RxControlTableEntry: load addr=000062d8, load size=00000008 bytes, run addr=20001830, run size=00000010 bytes, compression=zero_init
	.TI.bound:dmaSpi0TxAltControlTableEntry: load addr=000062e0, load size=00000008 bytes, run addr=20001a40, run size=00000010 bytes, compression=zero_init
	.TI.bound:dmaSpi0TxControlTableEntry: load addr=000062e8, load size=00000008 bytes, run addr=20001840, run size=00000010 bytes, compression=zero_init
	.TI.bound:dmaSpi1RxAltControlTableEntry: load addr=000062f0, load size=00000008 bytes, run addr=20001b00, run size=00000010 bytes, compression=zero_init
	.TI.bound:dmaSpi1RxControlTableEntry: load addr=000062f8, load size=00000008 bytes, run addr=20001900, run size=00000010 bytes, compression=zero_init
	.TI.bound:dmaSpi1TxAltControlTableEntry: load addr=00006300, load size=00000008 bytes, run addr=20001b10, run size=00000010 bytes, compression=zero_init
	.TI.bound:dmaSpi1TxControlTableEntry: load addr=00006308, load size=00000008 bytes, run addr=20001910, run size=00000010 bytes, compression=zero_init
	.bss: load addr=00006310, load size=00000008 bytes, run addr=20001b20, run size=00000985 bytes, compression=zero_init
	.data:xdcRomConstPtr: load addr=00006318, load size=00000008 bytes, run addr=20000100, run size=00000004 bytes, compression=lzss
	.data:xdcRomExternFuncPtr: load addr=00006320, load size=00000008 bytes, run addr=20000104, run size=00000004 bytes, compression=lzss
	.data:xdcRomStatePtr: load addr=00006328, load size=00000008 bytes, run addr=20000108, run size=00000004 bytes, compression=lzss


LINKER GENERATED HANDLER TABLE

__TI_handler_table @ 000062c0 records: 3, size/record: 4, table size: 12
	index: 0, handler: __TI_decompress_lzss
	index: 1, handler: __TI_decompress_none
	index: 2, handler: __TI_zero_init


FAR CALL TRAMPOLINES

callee name               trampoline name
   callee addr  tramp addr   call addr  call info
--------------  -----------  ---------  ----------------
xdc_runtime_System_vsnprintf__E  $Tramp$TT$L$PI$$xdc_runtime_System_vsnprintf__E
   1002f8b9     0000571c     00005700   dpl_cc13x2.aem4f : SystemP_tirtos.oem4f (.text:SystemP_vsnprintf)
ti_sysbios_knl_Swi_destruct  $Tramp$TT$L$PI$$ti_sysbios_knl_Swi_destruct
   1002e8bd     00005724     000056ec   dpl_cc13x2.aem4f : SwiP_tirtos.oem4f (.text:SwiP_destruct)
ti_sysbios_family_arm_m3_Hwi_enableInterrupt__E  $Tramp$TT$L$PI$$ti_sysbios_family_arm_m3_Hwi_enableInterrupt__E
   1002d91d     0000572c     000056e0   dpl_cc13x2.aem4f : HwiP_tirtos.oem4f (.text:HwiP_enableInterrupt)
ti_sysbios_family_arm_m3_Hwi_disableInterrupt__E  $Tramp$TT$L$PI$$ti_sysbios_family_arm_m3_Hwi_disableInterrupt__E
   1002d8d9     00005734     000056dc   dpl_cc13x2.aem4f : HwiP_tirtos.oem4f (.text:HwiP_disableInterrupt)
ti_sysbios_family_arm_m3_Hwi_disableFxn__E  $Tramp$TT$L$PI$$ti_sysbios_family_arm_m3_Hwi_disableFxn__E
   1002eb55     0000573c     000056d8   dpl_cc13x2.aem4f : HwiP_tirtos.oem4f (.text:HwiP_disable)
ti_sysbios_family_arm_m3_Hwi_destruct  $Tramp$TT$L$PI$$ti_sysbios_family_arm_m3_Hwi_destruct
   1002e475     00005744     000056d4   dpl_cc13x2.aem4f : HwiP_tirtos.oem4f (.text:HwiP_destruct)
ti_sysbios_BIOS_getCpuFreq__E  $Tramp$TT$L$PI$$ti_sysbios_BIOS_getCpuFreq__E
   1002e9fd     0000574c     000056c0   dpl_cc13x2.aem4f : ClockP_tirtos.oem4f (.text:ClockP_getCpuFreq)
ti_sysbios_knl_Clock_destruct  $Tramp$TT$L$PI$$ti_sysbios_knl_Clock_destruct
   1002e649     00005754     000056bc   dpl_cc13x2.aem4f : ClockP_tirtos.oem4f (.text:ClockP_destruct)
ti_sysbios_knl_Task_self__E  $Tramp$TT$L$PI$$ti_sysbios_knl_Task_self__E
   1002eaf5     0000575c     000055f2   rom_sysbios.aem4f : rom_sysbios.obj (.text:pthread_self)
ti_sysbios_knl_Semaphore_delete  $Tramp$TT$L$PI$$ti_sysbios_knl_Semaphore_delete
   1002ecdb     00005764     000055c6   dpl_cc13x2.aem4f : SemaphoreP_tirtos.oem4f (.text:SemaphoreP_delete)
ti_sysbios_knl_Clock_logTick__E  $Tramp$TT$L$PI$$ti_sysbios_knl_Clock_logTick__E
   1002dbd7     0000576c     000054c2   release_pem4f.oem4f (.text:ti_sysbios_knl_Clock_doTick__I)
ti_sysbios_knl_Swi_post__E  $Tramp$TT$L$PI$$ti_sysbios_knl_Swi_post__E
   1002d891     00005774     000053c0   rom_sysbios.aem4f : rom_sysbios.obj (.text:ti_sysbios_knl_Swi_or__E)
                             000054ca   release_pem4f.oem4f (.text:ti_sysbios_knl_Clock_doTick__I)
                             000056fc   dpl_cc13x2.aem4f : SwiP_tirtos.oem4f (.text:SwiP_post)
ti_sysbios_BIOS_RtsGateProxy_leave__E  $Tramp$TT$L$PI$$ti_sysbios_BIOS_RtsGateProxy_leave__E
   1002ec7b     0000577c     000053a2   release_pem4f.oem4f (.text:ti_sysbios_BIOS_rtsUnlock__I)
ti_sysbios_knl_Swi_construct  $Tramp$TT$L$PI$$ti_sysbios_knl_Swi_construct
   1002d719     00005784     000052ce   rom_sysbios.aem4f : rom_sysbios.obj (.text:ti_sysbios_knl_Swi_construct2__E)
ti_sysbios_BIOS_RtsGateProxy_enter__E  $Tramp$TT$L$PI$$ti_sysbios_BIOS_RtsGateProxy_enter__E
   1002ec77     0000578c     0000516e   release_pem4f.oem4f (.text:ti_sysbios_BIOS_rtsLock__I)
ti_sysbios_knl_Clock_TimerProxy_getCurrentTick__E  $Tramp$TT$L$PI$$ti_sysbios_knl_Clock_TimerProxy_getCurrentTick__E
   1002eac5     00005794     00004eb6   rom_sysbios.aem4f : rom_sysbios.obj (.text:ti_sysbios_knl_Clock_getTicksUntilInterrupt__E)
ti_sysbios_knl_Task_delete  $Tramp$TT$L$PI$$ti_sysbios_knl_Task_delete
   1002ece7     0000579c     00004e34   rom_sysbios.aem4f : rom_sysbios.obj (.text:_pthread_delete$45)
ti_sysbios_knl_Semaphore_destruct  $Tramp$TT$L$PI$$ti_sysbios_knl_Semaphore_destruct
   1002e6fd     000057a4     00004e28   rom_sysbios.aem4f : rom_sysbios.obj (.text:_pthread_delete$45)
                             000056e4   dpl_cc13x2.aem4f : SemaphoreP_tirtos.oem4f (.text:SemaphoreP_destruct)
ti_sysbios_knl_Semaphore_create  $Tramp$TT$L$PI$$ti_sysbios_knl_Semaphore_create
   1002dc49     000057ac     00004e14   dpl_cc13x2.aem4f : SemaphoreP_tirtos.oem4f (.text:SemaphoreP_createBinary)
ti_sysbios_knl_Task_startup__E  $Tramp$TT$L$PI$$ti_sysbios_knl_Task_startup__E
   1002eceb     000057b4     00004d2c   release_pem4f.oem4f (.text:ti_sysbios_BIOS_startFunc__I)
ti_sysbios_knl_Swi_startup__E  $Tramp$TT$L$PI$$ti_sysbios_knl_Swi_startup__E
   1002ec6b     000057bc     00004d28   release_pem4f.oem4f (.text:ti_sysbios_BIOS_startFunc__I)
ti_sysbios_hal_Hwi_startup__E  $Tramp$TT$L$PI$$ti_sysbios_hal_Hwi_startup__E
   1002ec31     000057c4     00004d24   release_pem4f.oem4f (.text:ti_sysbios_BIOS_startFunc__I)
ti_sysbios_family_arm_cc26xx_Timer_startup__E  $Tramp$TT$L$PI$$ti_sysbios_family_arm_cc26xx_Timer_startup__E
   1002dcf1     000057cc     00004d20   release_pem4f.oem4f (.text:ti_sysbios_BIOS_startFunc__I)
xdc_runtime_System_atexit__E  $Tramp$TT$L$PI$$xdc_runtime_System_atexit__E
   1002f559     000057d4     00004d18   release_pem4f.oem4f (.text:ti_sysbios_BIOS_startFunc__I)
ti_sysbios_BIOS_linkedWithIncorrectBootLibrary__E  $Tramp$TT$L$PI$$ti_sysbios_BIOS_linkedWithIncorrectBootLibrary__E
   1002d01b     000057dc     00004d12   release_pem4f.oem4f (.text:ti_sysbios_BIOS_startFunc__I)
xdc_runtime_Startup_rtsDone__E  $Tramp$TT$L$PI$$xdc_runtime_Startup_rtsDone__E
   1002f8e5     000057e4     00004d0a   release_pem4f.oem4f (.text:ti_sysbios_BIOS_startFunc__I)
ti_sysbios_knl_Swi_disable__E  $Tramp$TT$L$PI$$ti_sysbios_knl_Swi_disable__E
   1002ea25     000057ec     00004cda   release_pem4f.oem4f (.text:ti_sysbios_BIOS_atExitFunc__I)
                             00005262   dpl_cc13x2.aem4f : PowerCC26X2_tirtos.oem4f (.text:PowerCC26XX_schedulerDisable)
                             000056f0                    : SwiP_tirtos.oem4f (.text:SwiP_disable)
ti_sysbios_family_arm_m3_Hwi_construct  $Tramp$TT$L$PI$$ti_sysbios_family_arm_m3_Hwi_construct
   1002d421     000057f4     0000496e   rom_sysbios.aem4f : rom_sysbios.obj (.text:ti_sysbios_family_arm_m3_Hwi_construct2__E)
ti_sysbios_knl_Task_sleep__E  $Tramp$TT$L$PI$$ti_sysbios_knl_Task_sleep__E
   1002ce01     000057fc     00004942   rom_sysbios.aem4f : rom_sysbios.obj (.text:sleep)
ti_sysbios_knl_Swi_Params__init__S  $Tramp$TT$L$PI$$ti_sysbios_knl_Swi_Params__init__S
   1002ebf1     00005804     0000487e   dpl_cc13x2.aem4f : SwiP_tirtos.oem4f (.text:SwiP_construct)
ti_sysbios_family_arm_m3_Hwi_Params__init__S  $Tramp$TT$L$PI$$ti_sysbios_family_arm_m3_Hwi_Params__init__S
   1002eb49     0000580c     000047c8   dpl_cc13x2.aem4f : HwiP_tirtos.oem4f (.text:HwiP_construct)
strlen                    $Tramp$TT$L$PI$$strlen
   1002fddb     00005814     0000442a   display.aem4f : DisplayUart.oem4f (.text:DisplayUartMin_vprintf)
ti_sysbios_knl_Clock_construct  $Tramp$TT$L$PI$$ti_sysbios_knl_Clock_construct
   1002dd8d     0000581c     0000401a   dpl_cc13x2.aem4f : ClockP_tirtos.oem4f (.text:ClockP_construct)
ti_sysbios_knl_Clock_Params__init__S  $Tramp$TT$L$PI$$ti_sysbios_knl_Clock_Params__init__S
   1002eb9d     00005824     00004000   dpl_cc13x2.aem4f : ClockP_tirtos.oem4f (.text:ClockP_construct)
xdc_runtime_System_exit__E  $Tramp$TT$L$PI$$xdc_runtime_System_exit__E
   1002f7b1     0000582c     00003f20   boot.aem4f : boot.oem4f (.text)
                             0000542e   release_pem4f.oem4f (.text:ti_sysbios_BIOS_exitFunc__I)
ti_sysbios_heaps_HeapMem_restore__E  $Tramp$TT$L$PI$$ti_sysbios_heaps_HeapMem_restore__E
   1002eb13     00005834     00003e14   rom_sysbios.aem4f : rom_sysbios.obj (.text:ti_sysbios_heaps_HeapMem_initPrimary__I)
ti_sysbios_heaps_HeapMem_Object__get__S  $Tramp$TT$L$PI$$ti_sysbios_heaps_HeapMem_Object__get__S
   1002e275     0000583c     00003de4   rom_sysbios.aem4f : rom_sysbios.obj (.text:ti_sysbios_heaps_HeapMem_initPrimary__I)
ti_sysbios_BIOS_start__E  $Tramp$TT$L$PI$$ti_sysbios_BIOS_start__E
   1002eaa5     00005844     00003b8e   main_tirtos.obj (.text:main)
xdc_runtime_Error_raiseX__E  $Tramp$TT$L$PI$$xdc_runtime_Error_raiseX__E
   1002f739     0000584c     00003642   rom_sysbios.aem4f : rom_sysbios.obj (.text:ti_sysbios_family_arm_m3_Hwi_excHandlerMin__I)
ti_sysbios_BIOS_setThreadType__E  $Tramp$TT$L$PI$$ti_sysbios_BIOS_setThreadType__E
   1002ea11     00005854     00003602   rom_sysbios.aem4f : rom_sysbios.obj (.text:ti_sysbios_family_arm_m3_Hwi_excHandlerMin__I)
                             00004ce4   release_pem4f.oem4f (.text:ti_sysbios_BIOS_atExitFunc__I)
                             00005428   release_pem4f.oem4f (.text:ti_sysbios_BIOS_exitFunc__I)
ti_sysbios_family_arm_m3_Hwi_excFillContext__I  $Tramp$TT$L$PI$$ti_sysbios_family_arm_m3_Hwi_excFillContext__I
   1002bda9     0000585c     000035fc   rom_sysbios.aem4f : rom_sysbios.obj (.text:ti_sysbios_family_arm_m3_Hwi_excHandlerMin__I)
ti_sysbios_knl_Semaphore_post__E  $Tramp$TT$L$PI$$ti_sysbios_knl_Semaphore_post__E
   1002cd21     00005864     0000321a   rom_sysbios.aem4f : rom_sysbios.obj (.text:_pthread_removeThreadKeys)
                             00003f68                     : rom_sysbios.obj (.text:pthread_exit)
                             000056e8   dpl_cc13x2.aem4f : SemaphoreP_tirtos.oem4f (.text:SemaphoreP_post)
xdc_runtime_Memory_free__E  $Tramp$TT$L$PI$$xdc_runtime_Memory_free__E
   1002f81d     0000586c     00003210   rom_sysbios.aem4f : rom_sysbios.obj (.text:_pthread_removeThreadKeys)
                             00004e40                     : rom_sysbios.obj (.text:_pthread_delete$45)
ti_sysbios_knl_Queue_next__E  $Tramp$TT$L$PI$$ti_sysbios_knl_Queue_next__E
   1002ecd7     00005874     000031ea   rom_sysbios.aem4f : rom_sysbios.obj (.text:_pthread_removeThreadKeys)
ti_sysbios_knl_Queue_head__E  $Tramp$TT$L$PI$$ti_sysbios_knl_Queue_head__E
   1002ecd3     0000587c     000031d6   rom_sysbios.aem4f : rom_sysbios.obj (.text:_pthread_removeThreadKeys)
ti_sysbios_knl_Semaphore_pend__E  $Tramp$TT$L$PI$$ti_sysbios_knl_Semaphore_pend__E
   1002bfb1     00005884     000031d0   rom_sysbios.aem4f : rom_sysbios.obj (.text:_pthread_removeThreadKeys)
                             000054e8   dpl_cc13x2.aem4f : SemaphoreP_tirtos.oem4f (.text:SemaphoreP_pend)
ti_sysbios_knl_Task_restore__E  $Tramp$TT$L$PI$$ti_sysbios_knl_Task_restore__E
   1002df45     0000588c     00002e1e   rom_sysbios.aem4f : rom_sysbios.obj (.text:ti_sysbios_knl_Task_setPri__E)
                             000031c4                     : rom_sysbios.obj (.text:_pthread_removeThreadKeys)
                             00003224                     : rom_sysbios.obj (.text:_pthread_removeThreadKeys)
                             00003f7a                     : rom_sysbios.obj (.text:pthread_exit)
                             00005020                     : rom_sysbios.obj (.text:_pthread_cleanupFxn)
                             00005282   dpl_cc13x2.aem4f : PowerCC26X2_tirtos.oem4f (.text:PowerCC26XX_schedulerRestore)
ti_sysbios_knl_Queue_enqueue__E  $Tramp$TT$L$PI$$ti_sysbios_knl_Queue_enqueue__E
   1002ebd9     00005894     00002df0   rom_sysbios.aem4f : rom_sysbios.obj (.text:ti_sysbios_knl_Task_setPri__E)
                             00005708                     : rom_sysbios.obj (.text:ti_sysbios_knl_Queue_insert__E)
ti_sysbios_knl_Queue_empty__E  $Tramp$TT$L$PI$$ti_sysbios_knl_Queue_empty__E
   1002eb21     0000589c     00002dd8   rom_sysbios.aem4f : rom_sysbios.obj (.text:ti_sysbios_knl_Task_setPri__E)
                             000031bc                     : rom_sysbios.obj (.text:_pthread_removeThreadKeys)
ti_sysbios_knl_Queue_remove__E  $Tramp$TT$L$PI$$ti_sysbios_knl_Queue_remove__E
   1002eb2f     000058a4     00002dd2   rom_sysbios.aem4f : rom_sysbios.obj (.text:ti_sysbios_knl_Task_setPri__E)
                             000031f2                     : rom_sysbios.obj (.text:_pthread_removeThreadKeys)
                             000031f8                     : rom_sysbios.obj (.text:_pthread_removeThreadKeys)
ti_sysbios_knl_Task_disable__E  $Tramp$TT$L$PI$$ti_sysbios_knl_Task_disable__E
   1002ea4d     000058ac     00002d98   rom_sysbios.aem4f : rom_sysbios.obj (.text:ti_sysbios_knl_Task_setPri__E)
                             000031b2                     : rom_sysbios.obj (.text:_pthread_removeThreadKeys)
                             00003f6e                     : rom_sysbios.obj (.text:pthread_exit)
                             00004cde   release_pem4f.oem4f (.text:ti_sysbios_BIOS_atExitFunc__I)
                             00005012   rom_sysbios.aem4f : rom_sysbios.obj (.text:_pthread_cleanupFxn)
                             0000525a   dpl_cc13x2.aem4f : PowerCC26X2_tirtos.oem4f (.text:PowerCC26XX_schedulerDisable)
ti_sysbios_knl_Clock_stop__E  $Tramp$TT$L$PI$$ti_sysbios_knl_Clock_stop__E
   1002e2c5     000058b4     00002a8e   dpl_cc13x2.aem4f : PowerCC26X2_tirtos.oem4f (.text:PowerCC26XX_standbyPolicy)
                             000056cc                    : ClockP_tirtos.oem4f (.text:ClockP_stop)
ti_sysbios_knl_Clock_start__E  $Tramp$TT$L$PI$$ti_sysbios_knl_Clock_start__E
   1002e9e7     000058bc     00002a82   dpl_cc13x2.aem4f : PowerCC26X2_tirtos.oem4f (.text:PowerCC26XX_standbyPolicy)
                             000056c8                    : ClockP_tirtos.oem4f (.text:ClockP_start)
ti_sysbios_knl_Clock_setTimeout__E  $Tramp$TT$L$PI$$ti_sysbios_knl_Clock_setTimeout__E
   1002ecc3     000058c4     00002a7c   dpl_cc13x2.aem4f : PowerCC26X2_tirtos.oem4f (.text:PowerCC26XX_standbyPolicy)
                             000056c4                    : ClockP_tirtos.oem4f (.text:ClockP_setTimeout)
ti_sysbios_knl_Task_create  $Tramp$TT$L$PI$$ti_sysbios_knl_Task_create
   1002d529     000058cc     00002222   rom_sysbios.aem4f : rom_sysbios.obj (.text:pthread_create)
ti_sysbios_knl_Semaphore_construct  $Tramp$TT$L$PI$$ti_sysbios_knl_Semaphore_construct
   1002ddc1     000058d4     00002218   rom_sysbios.aem4f : rom_sysbios.obj (.text:pthread_create)
                             00004de8   dpl_cc13x2.aem4f : SemaphoreP_tirtos.oem4f (.text:SemaphoreP_constructBinary)
ti_sysbios_knl_Semaphore_Params__init__S  $Tramp$TT$L$PI$$ti_sysbios_knl_Semaphore_Params__init__S
   1002ebe5     000058dc     00002206   rom_sysbios.aem4f : rom_sysbios.obj (.text:pthread_create)
                             00004dd8   dpl_cc13x2.aem4f : SemaphoreP_tirtos.oem4f (.text:SemaphoreP_constructBinary)
[...]
1002eb3d  xdc_runtime_Timestamp_SupportProxy_getFreq__E                      
1002eb3d  xdc_runtime_Timestamp_getFreq__E                                   
1002eb3d  xdc_runtime_Timestamp_getFreq__E                                   
1002eb49  ti_sysbios_family_arm_m3_Hwi_Params__init__S                       
1002eb49  ti_sysbios_hal_Hwi_HwiProxy_Params__init__S                        
1002eb55  ti_sysbios_family_arm_m3_Hwi_disableFxn__E                         
1002eb61  ti_sysbios_family_arm_m3_Hwi_enableFxn__E                          
1002eb6d  ti_sysbios_gates_GateHwi_enter__E                                  
1002eb79  ti_sysbios_BIOS_RtsGateProxy_Params__init__S                       
1002eb79  ti_sysbios_gates_GateMutex_Params__init__S                         
1002eb79  ti_sysbios_heaps_HeapMem_Module_GateProxy_Params__init__S          
1002eb85  ti_sysbios_heaps_HeapTrack_Params__init__S                         
1002eb91  ti_sysbios_heaps_HeapTrack_isBlocking__E                           
1002eb9d  ti_sysbios_knl_Clock_Params__init__S                               
1002eba9  ti_sysbios_knl_Clock_getTimerHandle__E                             
1002ebb5  ti_sysbios_knl_Event_Params__init__S                               
1002ebc1  ti_sysbios_knl_Mailbox_Params__init__S                             
1002ebcd  ti_sysbios_knl_Queue_dequeue__E                                    
1002ebd9  ti_sysbios_knl_Queue_enqueue__E                                    
1002ebe5  ti_sysbios_knl_Semaphore_Params__init__S                           
1002ebf1  ti_sysbios_knl_Swi_Params__init__S                                 
1002ebfd  ti_sysbios_knl_Swi_self__E                                         
1002ec09  ti_sysbios_knl_Task_Params__init__S                                
1002ec15  ti_sysbios_hal_Hwi_Instance_finalize__E                            
1002ec1f  ti_sysbios_knl_Event_Instance_init__E                              
1002ec29  ti_sysbios_family_arm_m3_Hwi_doSwiRestore__I                       
1002ec31  ti_sysbios_family_arm_m3_Hwi_startup__E                            
1002ec31  ti_sysbios_hal_Hwi_HwiProxy_startup__E                             
1002ec31  ti_sysbios_hal_Hwi_HwiProxy_startup__E                             
1002ec31  ti_sysbios_hal_Hwi_startup__E                                      
1002ec31  ti_sysbios_hal_Hwi_startup__E                                      
1002ec39  ti_sysbios_knl_Idle_loop__E                                        
1002ec41  ti_sysbios_family_arm_m3_Hwi_doTaskRestore__I                      
1002ec47  HwiP_restore                                                       
1002ec47  ti_sysbios_family_arm_m3_Hwi_restoreFxn__E                         
1002ec4d  ti_sysbios_gates_GateHwi_leave__E                                  
1002ec53  ti_sysbios_gates_GateMutex_Instance_finalize__E                    
1002ec59  ti_sysbios_heaps_HeapMem_isBlocking__E                             
1002ec5f  ti_sysbios_knl_Queue_Instance_init__E                              
1002ec65  ti_sysbios_knl_Queue_elemClear__E                                  
1002ec6b  ti_sysbios_knl_Swi_startup__E                                      
1002ec71  ti_sysbios_knl_Task_enable__E                                      
1002ec77  ti_sysbios_BIOS_RtsGateProxy_enter__E                              
1002ec7b  ti_sysbios_BIOS_RtsGateProxy_leave__E                              
1002ec7f  ti_sysbios_family_arm_cc26xx_Timer_getExpiredTicks__E              
1002ec83  ti_sysbios_family_arm_cc26xx_Timer_getPeriod__E                    
1002ec87  ti_sysbios_family_arm_cc26xx_Timer_setPeriod__E                    
1002ec8b  ti_sysbios_family_arm_m3_Hwi_delete                                
1002ec8f  ti_sysbios_family_arm_m3_TaskSupport_Module__startupDone__S        
1002ec8f  ti_sysbios_knl_Task_SupportProxy_Module__startupDone__S            
1002ec93  ti_sysbios_gates_GateHwi_query__E                                  
1002ec93  xdc_runtime_Main_Module_GateProxy_query__E                         
1002ec93  xdc_runtime_System_Module_GateProxy_query__E                       
1002ec93  xdc_runtime_System_Module_GateProxy_query__E                       
1002ec97  ti_sysbios_gates_GateMutex_delete                                  
1002ec9b  ti_sysbios_BIOS_RtsGateProxy_query__E                              
1002ec9b  ti_sysbios_BIOS_RtsGateProxy_query__E                              
1002ec9b  ti_sysbios_gates_GateMutex_query__E                                
1002ec9b  ti_sysbios_heaps_HeapMem_Module_GateProxy_query__E                 
1002ec9b  ti_sysbios_heaps_HeapMem_Module_GateProxy_query__E                 
1002ec9f  ti_sysbios_hal_Hwi_HwiProxy_create                                 
1002eca3  ti_sysbios_hal_Hwi_HwiProxy_delete                                 
1002eca7  ti_sysbios_hal_Hwi_delete                                          
1002ecab  ti_sysbios_heaps_HeapMem_Module_GateProxy_enter__E                 
1002ecaf  ti_sysbios_heaps_HeapMem_Module_GateProxy_leave__E                 
1002ecb3  ti_sysbios_knl_Clock_TimerProxy_getExpiredTicks__E                 
1002ecb7  ti_sysbios_knl_Clock_TimerProxy_getPeriod__E                       
1002ecbb  ti_sysbios_knl_Clock_delete                                        
1002ecbf  ti_sysbios_knl_Clock_removeI__E                                    
1002ecc3  ti_sysbios_knl_Clock_setTimeout__E                                 
1002ecc7  ti_sysbios_knl_Event_delete                                        
1002eccb  ti_sysbios_knl_Mailbox_delete                                      
1002eccf  ti_sysbios_knl_Queue_delete                                        
1002ecd3  ti_sysbios_knl_Queue_head__E                                       
1002ecd7  ti_sysbios_knl_Queue_next__E                                       
1002ecdb  ti_sysbios_knl_Semaphore_delete                                    
1002ecdf  ti_sysbios_knl_Swi_delete                                          
1002ece3  ti_sysbios_knl_Swi_postInit__I                                     
1002ece7  ti_sysbios_knl_Task_delete                                         
1002eceb  ti_sysbios_knl_Task_startup__E                                     
1002ecf1  xdc_runtime_System_doPrint__I                                      
1002f055  xdc_runtime_Startup_startMods__I                                   
1002f15d  xdc_runtime_Text_putSite__E                                        
1002f1f7  xdc_runtime_Error_policySpin__E                                    
1002f1f9  xdc_runtime_Text_putMod__E                                         
1002f289  xdc_runtime_Memory_alloc__E                                        
1002f2f9  xdc_runtime_Core_createObject__I                                   
1002f367  xdc_runtime_Core_deleteObject__I                                   
1002f3c5  xdc_runtime_Text_putLab__E                                         
1002f421  xdc_runtime_Assert_raise__I                                        
1002f475  xdc_runtime_Startup_exec__E                                        
1002f4c9  xdc_runtime_Core_assignParams__I                                   
1002f511  xdc_runtime_Core_constructObject__I                                
1002f559  xdc_runtime_System_atexit__E                                       
1002f5a1  xdc_runtime_Text_xprintf__I                                        
1002f5e5  xdc_runtime_System_processAtExit__E                                
1002f625  xdc_runtime_System_putchar__I                                      
1002f659  xdc_runtime_Core_assignLabel__I                                    
1002f689  xdc_runtime_Text_printVisFxn__I                                    
1002f6b9  xdc_runtime_System_vprintf__E                                      
1002f6e5  xdc_runtime_Text_cordText__E                                       
1002f711  xdc_runtime_System_abort__E                                        
1002f739  xdc_runtime_Error_raiseX__E                                        
1002f759  xdc_runtime_Registry_findById__E                                   
1002f779  xdc_runtime_Error_check__E                                         
1002f795  xdc_runtime_Memory_valloc__E                                       
1002f7b1  xdc_runtime_System_exit__E                                         
1002f7cd  xdc_runtime_Text_ropeText__E                                       
1002f7e9  xdc_runtime_System_printf__E                                       
1002f803  xdc_runtime_Core_destructObject__I                                 
1002f81b  xdc_runtime_System_abortSpin__E                                    
1002f81d  xdc_runtime_Memory_free__E                                         
1002f831  xdc_runtime_Memory_getStats__E                                     
1002f845  xdc_runtime_SysCallback_abort__E                                   
1002f845  xdc_runtime_System_SupportProxy_abort__E                           
1002f859  xdc_runtime_SysCallback_exit__E                                    
1002f859  xdc_runtime_System_SupportProxy_exit__E                            
1002f86d  xdc_runtime_SysCallback_flush__E                                   
1002f86d  xdc_runtime_System_SupportProxy_flush__E                           
1002f86d  xdc_runtime_System_flush__E                                        
1002f881  xdc_runtime_SysCallback_putch__E                                   
1002f881  xdc_runtime_System_SupportProxy_putch__E                           
1002f895  xdc_runtime_SysCallback_ready__E                                   
1002f895  xdc_runtime_System_SupportProxy_ready__E                           
1002f8a9  xdc_runtime_Memory_getMaxDefaultTypeAlign__E                       
1002f8b9  xdc_runtime_System_vsnprintf__E                                    
1002f8c9  xdc_runtime_Timestamp_SupportProxy_get32__E                        
1002f8c9  xdc_runtime_Timestamp_SupportProxy_get32__E                        
1002f8c9  xdc_runtime_Timestamp_get32__E                                     
1002f8c9  xdc_runtime_Timestamp_get32__E                                     
1002f8d9  xdc_runtime_Memory_calloc__E                                       
1002f8e5  xdc_runtime_Startup_rtsDone__E                                     
1002f8f1  xdc_runtime_Memory_HeapProxy_alloc__E                              
1002f8fb  xdc_runtime_Memory_HeapProxy_free__E                               
1002f905  xdc_runtime_Memory_HeapProxy_getStats__E                           
1002f90f  xdc_runtime_Gate_leaveSystem__E                                    
1002f915  xdc_runtime_System_Module_startup__E                               
1002f91b  xdc_runtime_Gate_enterSystem__E                                    
1002f91f  xdc_runtime_SysCallback_Module__startupDone__S                     
1002f91f  xdc_runtime_System_SupportProxy_Module__startupDone__S             
1002f923  xdc_runtime_System_Module_GateProxy_enter__E                       
1002f927  xdc_runtime_System_Module_GateProxy_leave__E                       
1002f92b  xdc_runtime_System_printf_va__F                                    
1002f92f  xdc_runtime_System_exitSpin__E                                     
1002f931  ti_sysbios_family_arm_m3_Hwi_dispatch__I                           
1002fa11  ti_sysbios_family_arm_m3_Hwi_interruptsAreDisabledButShouldNotBe   
1002fa2d  ti_sysbios_family_arm_m3_TaskSupport_buildTaskStack                
1002fab9  ti_sysbios_family_arm_m3_Hwi_initStacks__E                         
1002fb11  ti_sysbios_family_arm_m3_Hwi_pendSV__I                             
1002fb35  ti_sysbios_family_arm_m3_Hwi_return                                
1002fb39  ti_sysbios_family_arm_m3_Hwi_excHandlerAsm__I                      
1002fb59  ti_sysbios_family_xxx_Hwi_switchAndRunFunc                         
1002fb77  ti_sysbios_family_arm_m3_TaskSupport_swap__E                       
1002fb77  ti_sysbios_knl_Task_SupportProxy_swap__E                           
1002fb77  ti_sysbios_knl_Task_SupportProxy_swap__E                           
1002fb83  ti_sysbios_knl_Task_swapReturn                                     
1002fb8f  ti_sysbios_family_arm_m3_TaskSupport_glue                          
1002fba0  ti_sysbios_knl_Task_Object__PARAMS__C                              
1002fbdc  ti_sysbios_knl_Mailbox_Object__PARAMS__C                           
1002fc10  ti_sysbios_family_arm_m3_Hwi_Object__PARAMS__C                     
1002fc40  ti_sysbios_hal_Hwi_Object__PARAMS__C                               
1002fc6c  ti_sysbios_knl_Swi_Object__PARAMS__C                               
1002fc94  ti_sysbios_heaps_HeapMem_Object__PARAMS__C                         
1002fcb8  ti_sysbios_knl_Clock_Object__PARAMS__C                             
1002fcdc  ti_sysbios_knl_Semaphore_Object__PARAMS__C                         
1002fd00  ti_sysbios_gates_GateHwi_Object__PARAMS__C                         
1002fd18  ti_sysbios_gates_GateMutex_Object__PARAMS__C                       
1002fd30  ti_sysbios_knl_Event_Object__PARAMS__C                             
1002fd48  ti_sysbios_knl_Queue_Object__PARAMS__C                             
1002fd80  ti_sysbios_heaps_HeapTrack_Object__PARAMS__C                       
1002fd9c  ti_sysbios_heaps_HeapTrack_Instance_State_trackQueue__O            
1002fda0  ti_sysbios_heaps_HeapTrack_Module__diagsEnabled__C                 
1002fda4  ti_sysbios_heaps_HeapTrack_Module__diagsIncluded__C                
1002fda8  ti_sysbios_heaps_HeapTrack_Module__diagsMask__C                    
1002fddb  strlen                                                             
20000000  ti_sysbios_family_arm_m3_Hwi_ramVectors                            
20000100  xdcRomConstPtr                                                     
20000104  xdcRomExternFuncPtr                                                
20000108  xdcRomStatePtr                                                     
20000110  __primary_heap_start__                                             
20001110  PowerCC26X2_module                                                 
20001110  __primary_heap_end__                                               
20001220  ROM_stateStruct                                                    
20001220  ti_sysbios_knl_Clock_Module__state__V                              
2000124c  ti_sysbios_family_arm_cc26xx_TimestampProvider_Module__state__V    
20001250  xdc_runtime_Startup_Module__state__V                               
20001258  xdc_runtime_Registry_Module__state__V                              
20001260  ti_sysbios_BIOS_Module__state__V                                   
20001284  ti_sysbios_knl_Swi_Module__state__V                                
200012a0  ti_sysbios_knl_Task_Module__state__V                               
200012e4  xdc_runtime_Memory_Module__state__V                                
200012e8  xdc_runtime_System_Module__state__V                                
200012f0  ti_sysbios_family_arm_m3_Hwi_Module__state__V                      
20001324  ti_sysbios_family_arm_cc26xx_Timer_Module__state__V                
200013b4  ti_sysbios_gates_GateMutex_Object__table__V                        
20001408  ti_sysbios_knl_Task_Object__table__V                               
20001458  ti_sysbios_family_arm_cc26xx_Timer_Object__table__V                
200014a0  gpioPinConfigs                                                     
200014d4  ti_sysbios_knl_Swi_Module_State_0_readyQ__A                        
20001504  ti_sysbios_knl_Swi_Object__table__V                                
20001534  ti_sysbios_knl_Task_Module_State_0_readyQ__A                       
20001564  ti_sysbios_knl_Clock_Object__table__V                              
20001584  xdc_runtime_Error_IgnoreBlock                                      
200015a4  ti_sysbios_family_arm_m3_Hwi_Object__table__V                      
200015bc  ti_sysbios_heaps_HeapMem_Object__table__V                          
200015d4  gpioCallbackFunctions                                              
200015e4  _lock                                                              
200015e8  _unlock                                                            
200015ec  pinUpperBound                                                      
200015f0  pinLowerBound                                                      
200015f4  ti_sysbios_family_arm_m3_Hwi_Module__root__V                       
200015fc  ti_sysbios_gates_GateHwi_Module__root__V                           
20001604  ti_sysbios_gates_GateMutex_Module__root__V                         
2000160c  ti_sysbios_hal_Hwi_Module__root__V                                 
20001614  ti_sysbios_heaps_HeapMem_Module__root__V                           
2000161c  ti_sysbios_knl_Clock_Module__root__V                               
20001624  ti_sysbios_knl_Event_Module__root__V                               
2000162c  ti_sysbios_knl_Mailbox_Module__root__V                             
20001634  ti_sysbios_knl_Queue_Module__root__V                               
2000163c  ti_sysbios_knl_Semaphore_Module__root__V                           
20001644  ti_sysbios_knl_Swi_Module__root__V                                 
2000164c  ti_sysbios_knl_Task_Module__root__V                                
20001654  xdc_runtime_System_Module_State_0_atexitHandlers__A                
20001662  ti_sysbios_family_arm_m3_Hwi_Module_State_0_excActive__A           
20001664  main_func_sp                                                       
20001668  ti_sysbios_family_arm_m3_Hwi_Module_State_0_excContext__A          
2000166c  ti_sysbios_family_arm_m3_Hwi_Module_State_0_excStack__A            
20001670  ti_sysbios_knl_Task_Module_State_0_idleTask__A                     
20001b20  uartCC26XXObjects                                                  
20001d78  ti_sysbios_knl_Task_Instance_State_0_stack__A                      
20001f78  spiCC26X2DMAObjects                                                
20002120  ti_sysbios_family_arm_m3_Hwi_dispatchTable                         
20002278  pinHandleTable                                                     
200022f4  uartCC26XXRingBuffer                                               
200023a8  spiParams                                                          
200023c8  udmaObjects                                                        
2000243c  controlReg                                                         
2000246c  displayUartObject                                                  
2000248c  ClockP_tickPeriod                                                  
20002490  PowerCC26XX_swiKey                                                 
20002494  PowerCC26XX_taskKey                                                
20002498  masterRxBuffer_eight                                               
2000249c  masterSpi                                                          
200024a0  masterTxBuffer_eight                                               
200024a4  driverlib_release_0_55675                                          
20013c00  __stack                                                            
20014000  __STACK_END                                                        
e000e000  ti_sysbios_family_arm_m3_Hwi_nvic                                  
ffffffff  __TI_pprof_out_hndl                                                
ffffffff  __TI_prof_data_size                                                
ffffffff  __TI_prof_data_start                                               
ffffffff  __binit__                                                          
ffffffff  __c_args__                                                         
ffffffff  binit                                                              
UNDEFED   SHT$$INIT_ARRAY$$Base                                              
UNDEFED   SHT$$INIT_ARRAY$$Limit                                             

[924 symbols]
