******************************************************************************
                  TI ARM Linker Unix v18.12.2                  
******************************************************************************
>> Linked Tue Oct 29 15:51:42 2019

OUTPUT FILE NAME:   <spimaster_enc_eth_CC1352P1_LAUNCHXL_tirtos_ccs.out>
ENTRY POINT SYMBOL: "ResetISR"  address: 00004705


MEMORY CONFIGURATION

         name            origin    length      used     unused   attr    fill
----------------------  --------  ---------  --------  --------  ----  --------
  FLASH                 00000000   00058000  00006d28  000512d8  R  X
  GPRAM                 11000000   00002000  00000000  00002000  RW X
  SRAM                  20000000   00014000  00002462  00011b9e  RW X


SEGMENT ALLOCATION MAP

run origin  load origin   length   init length attrs members
----------  ----------- ---------- ----------- ----- -------
00000000    00000000    00006cd0   00006cd0    r-x
  00000000    00000000    0000003c   0000003c    r-- .resetVecs
  0000003c    0000003c    000061e8   000061e8    r-x .text
  00006224    00006224    0000081c   0000081c    r-- .const
  00006a40    00006a40    00000290   00000290    r-- .cinit
00057fa8    00057fa8    00000058   00000058    r--
  00057fa8    00057fa8    00000058   00000058    r-- .ccfg
20000100    20000100    0000000c   00000000    rw-
  20000100    20000100    00000004   00000000    rw- .data:xdcRomConstPtr
  20000104    20000104    00000004   00000000    rw- .data:xdcRomExternFuncPtr
  20000108    20000108    00000004   00000000    rw- .data:xdcRomStatePtr
20000110    20000110    00001000   00000000    r--
  20000110    20000110    00001000   00000000    r-- .priheap
20001110    20001110    00000571   00000000    rw-
  20001110    20001110    00000571   00000000    rw- .data
20001830    20001830    00000010   00000000    rw-
  20001830    20001830    00000010   00000000    rw- .TI.bound:dmaSpi0RxControlTableEntry
20001840    20001840    00000010   00000000    rw-
  20001840    20001840    00000010   00000000    rw- .TI.bound:dmaSpi0TxControlTableEntry
20001900    20001900    00000010   00000000    rw-
  20001900    20001900    00000010   00000000    rw- .TI.bound:dmaSpi1RxControlTableEntry
20001910    20001910    00000010   00000000    rw-
  20001910    20001910    00000010   00000000    rw- .TI.bound:dmaSpi1TxControlTableEntry
20001a30    20001a30    00000010   00000000    rw-
  20001a30    20001a30    00000010   00000000    rw- .TI.bound:dmaSpi0RxAltControlTableEntry
20001a40    20001a40    00000010   00000000    rw-
  20001a40    20001a40    00000010   00000000    rw- .TI.bound:dmaSpi0TxAltControlTableEntry
20001b00    20001b00    00000010   00000000    rw-
  20001b00    20001b00    00000010   00000000    rw- .TI.bound:dmaSpi1RxAltControlTableEntry
20001b10    20001b10    0000099d   00000000    rw-
  20001b10    20001b10    00000010   00000000    rw- .TI.bound:dmaSpi1TxAltControlTableEntry
  20001b20    20001b20    0000098d   00000000    rw- .bss
20013c00    20013c00    00000400   00000000    rw-
  20013c00    20013c00    00000400   00000000    rw- .stack


SECTION ALLOCATION MAP

 output                                  attributes/
section   page    origin      length       input sections
--------  ----  ----------  ----------   ----------------
.binit     0    00000000    00000000     

.cinit     0    00006a40    00000290     
                  00006a40    000001b5     (.cinit..data.load) [load image, compression = lzss]
                  00006bf5    00000003     --HOLE-- [fill = 0]
                  00006bf8    0000000c     (__TI_handler_table)
                  00006c04    00000004     --HOLE-- [fill = 0]
                  00006c08    00000008     (.cinit..TI.bound:dmaSpi0RxAltControlTableEntry.load) [load image, compression = zero_init]
                  00006c10    00000008     (.cinit..TI.bound:dmaSpi0RxControlTableEntry.load) [load image, compression = zero_init]
                  00006c18    00000008     (.cinit..TI.bound:dmaSpi0TxAltControlTableEntry.load) [load image, compression = zero_init]
                  00006c20    00000008     (.cinit..TI.bound:dmaSpi0TxControlTableEntry.load) [load image, compression = zero_init]
                  00006c28    00000008     (.cinit..TI.bound:dmaSpi1RxAltControlTableEntry.load) [load image, compression = zero_init]
                  00006c30    00000008     (.cinit..TI.bound:dmaSpi1RxControlTableEntry.load) [load image, compression = zero_init]
                  00006c38    00000008     (.cinit..TI.bound:dmaSpi1TxAltControlTableEntry.load) [load image, compression = zero_init]
                  00006c40    00000008     (.cinit..TI.bound:dmaSpi1TxControlTableEntry.load) [load image, compression = zero_init]
                  00006c48    00000008     (.cinit..bss.load) [load image, compression = zero_init]
                  00006c50    00000008     (.cinit..data:xdcRomConstPtr.load) [load image, compression = lzss]
                  00006c58    00000008     (.cinit..data:xdcRomExternFuncPtr.load) [load image, compression = lzss]
                  00006c60    00000008     (.cinit..data:xdcRomStatePtr.load) [load image, compression = lzss]
                  00006c68    00000068     (__TI_cinit_table)

.init_array 
*          0    00000000    00000000     UNINITIALIZED

.ccfg      0    00057fa8    00000058     
                  00057fa8    00000058     ccfg.obj (.ccfg:retain)

.data      0    20001110    00000571     UNINITIALIZED
                  20001110    00000110     drivers_cc13x2.aem4f : PowerCC26X2.oem4f (.data:PowerCC26X2_module)
                  20001220    0000010c     release_pem4f.oem4f (.data:ROM_stateStruct)
                  2000132c    00000088     rom_sysbios.aem4f : rom_sysbios.obj (.data:$O1$$)
                  200013b4    00000054     release_pem4f.oem4f (.data:ti_sysbios_gates_GateMutex_Object__table__V)
                  20001408    0000004c     release_pem4f.oem4f (.data:ti_sysbios_knl_Task_Object__table__V)
                  20001454    00000004     drivers_cc13x2.aem4f : GPIOCC26XX.oem4f (.data:gpioPinTable)
                  20001458    00000048     release_pem4f.oem4f (.data:ti_sysbios_family_arm_cc26xx_Timer_Object__table__V)
                  200014a0    00000034     CC1352P1_LAUNCHXL.obj (.data:gpioPinConfigs)
                  200014d4    00000030     release_pem4f.oem4f (.data:ti_sysbios_knl_Swi_Module_State_0_readyQ__A)
                  20001504    00000030     release_pem4f.oem4f (.data:ti_sysbios_knl_Swi_Object__table__V)
                  20001534    00000030     release_pem4f.oem4f (.data:ti_sysbios_knl_Task_Module_State_0_readyQ__A)
                  20001564    00000020     release_pem4f.oem4f (.data:ti_sysbios_knl_Clock_Object__table__V)
                  20001584    00000020     release_pem4f.oem4f (.data:xdc_runtime_Error_IgnoreBlock)
                  200015a4    00000018     release_pem4f.oem4f (.data:ti_sysbios_family_arm_m3_Hwi_Object__table__V)
                  200015bc    00000018     release_pem4f.oem4f (.data:ti_sysbios_heaps_HeapMem_Object__table__V)
                  200015d4    00000010     CC1352P1_LAUNCHXL.obj (.data:gpioCallbackFunctions)
                  200015e4    00000008     rtsv7M4_T_le_v4SPD16_eabi.lib : _lock.c.obj (.data:$O1$$)
                  200015ec    00000008     drivers_cc13x2.aem4f : PINCC26XX.oem4f (.data)
                  200015f4    00000008     release_pem4f.oem4f (.data:ti_sysbios_family_arm_m3_Hwi_Module__root__V)
                  200015fc    00000008     release_pem4f.oem4f (.data:ti_sysbios_gates_GateHwi_Module__root__V)
                  20001604    00000008     release_pem4f.oem4f (.data:ti_sysbios_gates_GateMutex_Module__root__V)
                  2000160c    00000008     release_pem4f.oem4f (.data:ti_sysbios_hal_Hwi_Module__root__V)
                  20001614    00000008     release_pem4f.oem4f (.data:ti_sysbios_heaps_HeapMem_Module__root__V)
                  2000161c    00000008     release_pem4f.oem4f (.data:ti_sysbios_knl_Clock_Module__root__V)
                  20001624    00000008     release_pem4f.oem4f (.data:ti_sysbios_knl_Event_Module__root__V)
                  2000162c    00000008     release_pem4f.oem4f (.data:ti_sysbios_knl_Mailbox_Module__root__V)
                  20001634    00000008     release_pem4f.oem4f (.data:ti_sysbios_knl_Queue_Module__root__V)
                  2000163c    00000008     release_pem4f.oem4f (.data:ti_sysbios_knl_Semaphore_Module__root__V)
                  20001644    00000008     release_pem4f.oem4f (.data:ti_sysbios_knl_Swi_Module__root__V)
                  2000164c    00000008     release_pem4f.oem4f (.data:ti_sysbios_knl_Task_Module__root__V)
                  20001654    00000008     release_pem4f.oem4f (.data:xdc_runtime_System_Module_State_0_atexitHandlers__A)
                  2000165c    00000006     ethernet.obj (.data:destmac)
                  20001662    00000006     ethernet.obj (.data:mymac)
                  20001668    00000005     drivers_cc13x2.aem4f : GPIOCC26XX.oem4f (.data)
                  2000166d    00000001                          : SPI.oem4f (.data)
                  2000166e    00000002     release_pem4f.oem4f (.data:ti_sysbios_family_arm_m3_Hwi_Module_State_0_excActive__A)
                  20001670    00000004     rtsv7M4_T_le_v4SPD16_eabi.lib : stkdepth_vars.c.obj (.data)
                  20001674    00000004     release_pem4f.oem4f (.data:ti_sysbios_family_arm_m3_Hwi_Module_State_0_excContext__A)
                  20001678    00000004     release_pem4f.oem4f (.data:ti_sysbios_family_arm_m3_Hwi_Module_State_0_excStack__A)
                  2000167c    00000004     release_pem4f.oem4f (.data:ti_sysbios_knl_Task_Module_State_0_idleTask__A)
                  20001680    00000001     drivers_cc13x2.aem4f : UART.oem4f (.data)

.bss       0    20001b20    0000098d     UNINITIALIZED
                  20001b20    00000258     (.common:uartCC26XXObjects)
                  20001d78    00000200     release_pem4f.oem4f (.bss:taskStackSection)
                  20001f78    000001a8     (.common:spiCC26X2DMAObjects)
                  20002120    000000d8     (.common:ti_sysbios_family_arm_m3_Hwi_dispatchTable)
                  200021f8    00000080     CC1352P1_LAUNCHXL.obj (.bss:uartStringBuf)
                  20002278    0000007c     (.common:pinHandleTable)
                  200022f4    00000040     (.common:uartCC26XXRingBuffer)
                  20002334    00000034     drivers_cc13x2.aem4f : PINCC26XX.oem4f (.bss:pinSwi)
                  20002368    00000020                          : GPIOCC26XX.oem4f (.bss:gpioCallbackInfo)
                  20002388    00000020                          : PINCC26XX.oem4f (.bss:pinGpioConfigTable)
                  200023a8    00000020     (.common:spiParams)
                  200023c8    00000020     (.common:udmaObjects)
                  200023e8    0000001c     driverlib.lib : osc.obj (.bss:$O1$$)
                  20002404    0000001c     drivers_cc13x2.aem4f : PINCC26XX.oem4f (.bss:pinHwi)
                  20002420    0000001c                          : PINCC26XX.oem4f (.bss:pinSemaphore)
                  2000243c    00000018     (.common:controlReg)
                  20002454    0000000c     CC1352P1_LAUNCHXL_fxns.obj (.bss:antennaState)
                  20002460    0000000c     drivers_cc13x2.aem4f : GPIOCC26XX.oem4f (.bss:gpioPinState)
                  2000246c    0000000c     (.common:displayUartObject)
                  20002478    00000008                          : GPIOCC26XX.oem4f (.bss)
                  20002480    00000004     CC1352P1_LAUNCHXL_fxns.obj (.bss)
                  20002484    00000004     drivers_cc13x2.aem4f : PINCC26XX.oem4f (.bss)
                  20002488    00000004     spimaster.obj (.bss)
                  2000248c    00000004     (.common:ClockP_tickPeriod)
                  20002490    00000004     (.common:PowerCC26XX_swiKey)
                  20002494    00000004     (.common:PowerCC26XX_taskKey)
                  20002498    00000004     (.common:masterRxBuffer_MAC)
                  2000249c    00000004     (.common:masterRxBuffer_eight)
                  200024a0    00000004     (.common:masterSpi)
                  200024a4    00000004     (.common:masterTxBuffer_MAC)
                  200024a8    00000004     (.common:masterTxBuffer_eight)
                  200024ac    00000001     (.common:driverlib_release_0_55675)

.stack     0    20013c00    00000400     UNINITIALIZED
                  20013c00    00000400     --HOLE--

.priheap   0    20000110    00001000     UNINITIALIZED
                  20000110    00001000     --HOLE--

.data:xdcRomConstPtr 
*          0    20000100    00000004     UNINITIALIZED
                  20000100    00000004     release_pem4f.oem4f (.data:xdcRomConstPtr)

.data:xdcRomExternFuncPtr 
*          0    20000104    00000004     UNINITIALIZED
                  20000104    00000004     release_pem4f.oem4f (.data:xdcRomExternFuncPtr)

.data:xdcRomStatePtr 
*          0    20000108    00000004     UNINITIALIZED
                  20000108    00000004     release_pem4f.oem4f (.data:xdcRomStatePtr)

.bootVecs 
*          0    00000000    00000008     DSECT
                  00000000    00000008     boot.aem4f : boot.oem4f (.bootVecs)

.resetVecs 
*          0    00000000    0000003c     
                  00000000    0000003c     release_pem4f.oem4f (.resetVecs)

.vecs      0    20000000    000000d8     NOLOAD SECTION
                  20000000    000000d8     release_pem4f.oem4f (.vecs)

xdc.meta   0    00000000    00000117     COPY SECTION
                  00000000    00000117     release_pem4f.oem4f (xdc.meta)

xdc.noload 
*          0    00000000    00000000     COPY SECTION

.TI.bound:dmaSpi0RxControlTableEntry 
*          0    20001830    00000010     UNINITIALIZED
                  20001830    00000010     drivers_cc13x2.aem4f : SPICC26X2DMA.oem4f (.TI.bound:dmaSpi0RxControlTableEntry)

.TI.bound:dmaSpi0TxControlTableEntry 
*          0    20001840    00000010     UNINITIALIZED
                  20001840    00000010     drivers_cc13x2.aem4f : SPICC26X2DMA.oem4f (.TI.bound:dmaSpi0TxControlTableEntry)

.TI.bound:dmaSpi1RxControlTableEntry 
*          0    20001900    00000010     UNINITIALIZED
                  20001900    00000010     drivers_cc13x2.aem4f : SPICC26X2DMA.oem4f (.TI.bound:dmaSpi1RxControlTableEntry)

.TI.bound:dmaSpi1TxControlTableEntry 
*          0    20001910    00000010     UNINITIALIZED
                  20001910    00000010     drivers_cc13x2.aem4f : SPICC26X2DMA.oem4f (.TI.bound:dmaSpi1TxControlTableEntry)

.TI.bound:dmaSpi0RxAltControlTableEntry 
*          0    20001a30    00000010     UNINITIALIZED
                  20001a30    00000010     drivers_cc13x2.aem4f : SPICC26X2DMA.oem4f (.TI.bound:dmaSpi0RxAltControlTableEntry)

.TI.bound:dmaSpi0TxAltControlTableEntry 
*          0    20001a40    00000010     UNINITIALIZED
                  20001a40    00000010     drivers_cc13x2.aem4f : SPICC26X2DMA.oem4f (.TI.bound:dmaSpi0TxAltControlTableEntry)

.TI.bound:dmaSpi1RxAltControlTableEntry 
*          0    20001b00    00000010     UNINITIALIZED
                  20001b00    00000010     drivers_cc13x2.aem4f : SPICC26X2DMA.oem4f (.TI.bound:dmaSpi1RxAltControlTableEntry)

.TI.bound:dmaSpi1TxAltControlTableEntry 
*          0    20001b10    00000010     UNINITIALIZED
                  20001b10    00000010     drivers_cc13x2.aem4f : SPICC26X2DMA.oem4f (.TI.bound:dmaSpi1TxAltControlTableEntry)

.text      0    0000003c    000061e8     
                  0000003c    000002ec     drivers_cc13x2.aem4f : SPICC26X2DMA.oem4f (.text:SPICC26X2DMA_transfer)
                  00000328    0000025c                          : SPICC26X2DMA.oem4f (.text:SPICC26X2DMA_hwiFxn)
                  00000584    000001c0                          : PINCC26XX.oem4f (.text:PIN_init)
                  00000744    000001b6     rtsv7M4_T_le_v4SPD16_eabi.lib : fd_add_t2.asm.obj (.text)
                  000008fa    00000002     display.aem4f : DisplayUart.oem4f (.text:DisplayUartMin_clear)
                  000008fc    000001a8     drivers_cc13x2.aem4f : PowerCC26X2.oem4f (.text:Power_sleep)
                  00000aa4    00000190                          : PowerCC26X2_calibrateRCOSC.oem4f (.text:calibrateRcoscHf1)
                  00000c34    0000018c                          : PowerCC26X2.oem4f (.text:Power_init)
                  00000dc0    0000018c                          : PowerCC26X2_calibrateRCOSC.oem4f (.text:runCalibrateFsm)
                  00000f4c    00000178     release_pem4f.oem4f (.text:xdc_runtime_System_printfExtend__I)
                  000010c4    00000174     drivers_cc13x2.aem4f : SPICC26X2DMA.oem4f (.text:configNextTransfer)
                  00001238    00000170                          : SPICC26X2DMA.oem4f (.text:SPICC26X2DMA_transferCancel)
                  000013a8    00000164                          : UARTCC26XX.oem4f (.text:UARTCC26XX_open)
                  0000150c    00000154                          : UARTCC26XX.oem4f (.text:UARTCC26XX_hwiIntFxn)
                  00001660    00000150                          : SPICC26X2DMA.oem4f (.text:SPICC26X2DMA_open)
                  000017b0    00000150     spimaster.obj (.text:mainThread)
                  00001900    0000014c     spimaster.obj (.text:spi_readMACReg)
                  00001a4c    00000144     spimaster.obj (.text:spi_read)
                  00001b90    00000140     drivers_cc13x2.aem4f : SPICC26X2DMA.oem4f (.text:initIO)
                  00001cd0    0000013c     spimaster.obj (.text:spi_write)
                  00001e0c    0000013a     drivers_cc13x2.aem4f : UARTCC26XX.oem4f (.text:UARTCC26XX_read)
                  00001f46    00000002     display.aem4f : DisplayUart.oem4f (.text:DisplayUartMin_clearLines)
                  00001f48    00000130     spimaster.obj (.text:masterThread)
                  00002078    00000110     drivers_cc13x2.aem4f : GPIOCC26XX.oem4f (.text:GPIO_setConfig)
                  00002188    00000110     ethernet.obj (.text:ethernet_initializeMAC)
                  00002298    00000104     ethernet.obj (.text:ethernet_transmitPackets)
                  0000239c    00000100     drivers_cc13x2.aem4f : PowerCC26X2.oem4f (.text:configureXOSCHF)
                  0000249c    000000fc     driverlib.lib : sys_ctrl.obj (.text:NOROM_SysCtrlStandby)
                  00002598    000000fc     rtsv7M4_T_le_v4SPD16_eabi.lib : fd_mul_t2.asm.obj (.text)
                  00002694    000000f8     drivers_cc13x2.aem4f : PINCC26XX.oem4f (.text:PINCC26XX_setIoCfg)
                  0000278c    000000f4                          : SPICC26X2DMA.oem4f (.text:SPICC26X2DMA_control)
                  00002880    000000f0     spimaster.obj (.text:readBufferMemory)
                  00002970    000000ec     rom_sysbios.aem4f : rom_sysbios.obj (.text:pthread_create)
                  00002a5c    000000ec     spimaster.obj (.text:writeBufferMemory)
                  00002b48    000000e0     drivers_cc13x2.aem4f : UARTCC26XX.oem4f (.text:UARTCC26XX_write)
                  00002c28    000000c8                          : PowerCC26X2.oem4f (.text:Power_releaseDependency)
                  00002cf0    000000c4                          : GPIOCC26XX.oem4f (.text:GPIO_init)
                  00002db4    000000c4                          : PowerCC26X2.oem4f (.text:Power_setDependency)
                  00002e78    000000c0                          : UARTCC26XX.oem4f (.text:UARTCC26XX_initIO)
                  00002f38    000000bc     spimaster.obj (.text:bitFieldClear)
                  00002ff4    000000bc     spimaster.obj (.text:bitFieldSet)
                  000030b0    000000b8     drivers_cc13x2.aem4f : UARTCC26XX.oem4f (.text:UARTCC26XX_initHw)
                  00003168    000000b4     dpl_cc13x2.aem4f : PowerCC26X2_tirtos.oem4f (.text:PowerCC26XX_standbyPolicy)
                  0000321c    000000ac     drivers_cc13x2.aem4f : PINCC26XX.oem4f (.text:PIN_open)
                  000032c8    000000ac     driverlib.lib : setup.obj (.text:TrimAfterColdResetWakeupFromShutDown)
                  00003374    000000a0     auto_init.aem4f : auto_init.oem4f (.text)
                  00003414    000000a0     rom_sysbios.aem4f : rom_sysbios.obj (.text:ti_sysbios_knl_Task_setPri__E)
                  000034b4    0000009c     rtsv7M4_T_le_v4SPD16_eabi.lib : memcpy_t2.asm.obj (.text)
                  00003550    00000098     driverlib.lib : setup.obj (.text:NOROM_SetupTrimDevice)
                  000035e8    00000098     drivers_cc13x2.aem4f : UARTCC26XX.oem4f (.text:writeTxFifoFlush)
                  00003680    00000096     rtsv7M4_T_le_v4SPD16_eabi.lib : ull_div_t2.asm.obj (.text)
                  00003716    00000002     display.aem4f : DisplayUart.oem4f (.text:DisplayUartMin_init)
                  00003718    00000094     spimaster.obj (.text:sendRBMOpcode)
                  000037ac    00000094     spimaster.obj (.text:sendWBMOpcode)
                  00003840    00000092     drivers_cc13x2.aem4f : UARTCC26XX.oem4f (.text:UARTCC26XX_writeCancel)
                  000038d2    00000002     rtsv7M4_T_le_v4SPD16_eabi.lib : _lock.c.obj (.text:_nop)
                  000038d4    00000088     driverlib.lib : osc.obj (.text:NOROM_OSCHF_AttemptToSwitchToXosc)
                  0000395c    00000088     rom_sysbios.aem4f : rom_sysbios.obj (.text:_pthread_removeThreadKeys)
                  000039e4    00000088     drivers_cc13x2.aem4f : PowerCC26X2_calibrateRCOSC.oem4f (.text:calibrateRcoscHf2)
                  00003a6c    00000088                          : PowerCC26X2.oem4f (.text:disableLFClockQualifiers)
                  00003af4    00000088                          : PowerCC26X2_calibrateRCOSC.oem4f (.text:updateSubSecInc)
                  00003b7c    00000086     rtsv7M4_T_le_v4SPD16_eabi.lib : fd_cmp_t2.asm.obj (.text:__aeabi_cdcmple)
                  00003c02    00000086                                   : fd_cmp_t2.asm.obj (.text:__aeabi_cdrcmple)
                  00003c88    00000086     spimaster.obj (.text:spi_readPHYReg)
                  00003d0e    00000084     CC1352P1_LAUNCHXL_fxns.obj (.text:CC1352P1_LAUNCHXL_sendExtFlashByte)
                  00003d92    00000002     drivers_cc13x2.aem4f : PowerCC26X2.oem4f (.text:emptyClockFunc)
                  00003d94    00000084                          : UARTCC26XX.oem4f (.text:UARTCC26XX_close)
                  00003e18    00000084     rom_sysbios.aem4f : rom_sysbios.obj (.text:ti_sysbios_family_arm_m3_Hwi_excHandlerMin__I)
                  00003e9c    00000080                       : rom_sysbios.obj (.text:ti_sysbios_family_arm_cc26xx_Timer_start__E)
                  00003f1c    0000007a     rtsv7M4_T_le_v4SPD16_eabi.lib : memset_t2.asm.obj (.text)
                  00003f96    00000002     ethernet.obj (.text:ethernet_initializePHY)
                  00003f98    00000074     drivers_cc13x2.aem4f : PowerCC26X2_calibrateRCOSC.oem4f (.text:PowerCC26X2_auxISR)
                  0000400c    00000072                          : SPICC26X2DMA.oem4f (.text:csnCallback)
                  0000407e    00000002     rtsv7M4_T_le_v4SPD16_eabi.lib : div0.asm.obj (.text)
                  00004080    00000070     drivers_cc13x2.aem4f : PINCC26XX.oem4f (.text:PIN_add)
                  000040f0    0000006d     rom_sysbios.aem4f : rom_sysbios.obj (.text:xdc_runtime_System_formatNum__I)
                  0000415d    00000001     --HOLE-- [fill = 0]
                  0000415e    00000002     release_pem4f.oem4f (.text:ti_sysbios_BIOS_nullFunc__I)
                  00004160    00000068     driverlib.lib : osc.obj (.text:NOROM_OSCHF_SwitchToRcOscTurnOffXosc)
                  000041c8    00000068                   : sys_ctrl.obj (.text:NOROM_SysCtrlSetRechargeBeforePowerDown)
                  00004230    00000068     rtsv7M4_T_le_v4SPD16_eabi.lib : copy_decompress_lzss.c.obj (.text:decompress:lzss:__TI_decompress_lzss)
                  00004298    00000064     drivers_cc13x2.aem4f : UARTCC26XX.oem4f (.text:UARTCC26XX_control)
                  000042fc    00000064     main_tirtos.obj (.text:main)
                  00004360    00000062     drivers_cc13x2.aem4f : UARTCC26XX.oem4f (.text:UARTCC26XX_swiIntFxn)
                  000043c2    00000062     ethernet.obj (.text:ethernet_receivePackets)
                  00004424    00000060     drivers_cc13x2.aem4f : GPIOCC26XX.oem4f (.text:GPIO_write)
                  00004484    0000005c     display.aem4f : Display.oem4f (.text:Display_doOpen)
                  000044e0    0000005c     drivers_cc13x2.aem4f : PINCC26XX.oem4f (.text:PIN_remove)
                  0000453c    0000005c                          : SPICC26X2DMA.oem4f (.text:initHw)
                  00004598    0000005c     spimaster.obj (.text:selectMemBank)
                  000045f4    0000005c     rom_sysbios.aem4f : rom_sysbios.obj (.text:ti_sysbios_heaps_HeapMem_initPrimary__I)
                  00004650    0000005c     release_pem4f.oem4f (.text:xdc_runtime_Startup_getState__I)
                  000046ac    00000058     drivers_cc13x2.aem4f : PowerCC26X2_calibrateRCOSC.oem4f (.text:PowerCC26X2_initiateCalibration)
                  00004704    00000058     boot.aem4f : boot.oem4f (.text)
                  0000475c    00000058     rom_sysbios.aem4f : rom_sysbios.obj (.text:pthread_exit)
                  000047b4    00000050     dpl_cc13x2.aem4f : ClockP_tirtos.oem4f (.text:ClockP_construct)
                  00004804    00000050     driverlib.lib : chipinfo.obj (.text:NOROM_ChipInfo_GetChipType)
                  00004854    00000050     drivers_cc13x2.aem4f : SPICC26X2DMA.oem4f (.text:SPICC26X2DMA_close)
                  000048a4    0000004c     CC1352P1_LAUNCHXL_fxns.obj (.text:CC1352P1_LAUNCHXL_wakeUpExtFlash)
                  000048f0    0000004c     drivers_cc13x2.aem4f : UARTCC26XX.oem4f (.text:UARTCC26XX_readCancel)
                  0000493c    0000004c                          : UDMACC26XX.oem4f (.text:UDMACC26XX_open)
                  00004988    0000004c     rtsv7M4_T_le_v4SPD16_eabi.lib : cpy_tbl.c.obj (.text:copy_in)
                  000049d4    0000004c     drivers_cc13x2.aem4f : UARTCC26XX.oem4f (.text:startTxFifoEmptyClk)
                  00004a20    0000004c                          : PowerCC26X2.oem4f (.text:switchXOSCHF)
                  00004a6c    0000004a     display.aem4f : DisplayUart.oem4f (.text:DisplayUartMin_open)
                  00004ab6    00000002     rom_sysbios.aem4f : rom_sysbios.obj (.text:xdc_runtime_SysCallback_defaultAbort)
                  00004ab8    00000048     drivers_cc13x2.aem4f : PINCC26XX.oem4f (.text:PIN_setOutputEnable)
                  00004b00    00000048                          : PowerCC26X2_calibrateRCOSC.oem4f (.text:PowerCC26X2_RCOSC_clockFunc)
                  00004b48    00000048     rtsv7M4_T_le_v4SPD16_eabi.lib : fd_toi_t2.asm.obj (.text)
                  00004b90    00000048     drivers_cc13x2.aem4f : UARTCC26XX.oem4f (.text:writeFinishedDoCallback)
                  00004bd8    00000046     display.aem4f : DisplayUart.oem4f (.text:DisplayUartMin_vprintf)
                  00004c1e    00000046     drivers_cc13x2.aem4f : RingBuf.oem4f (.text:RingBuf_put)
                  00004c64    00000044     driverlib.lib : chipinfo.obj (.text:NOROM_ChipInfo_GetHwRevision)
                  00004ca8    00000044     drivers_cc13x2.aem4f : PINCC26XX.oem4f (.text:PIN_swi)
                  00004cec    00000044                          : SPI.oem4f (.text:SPI_init)
                  00004d30    00000044                          : UART.oem4f (.text:UART_init)
                  00004d74    00000044     rtsv7M4_T_le_v4SPD16_eabi.lib : fd_tou_t2.asm.obj (.text)
                  00004db8    00000042     drivers_cc13x2.aem4f : SPICC26X2DMA.oem4f (.text:SPICC26X2DMA_swiFxn)
                  00004dfa    00000002     rom_sysbios.aem4f : rom_sysbios.obj (.text:xdc_runtime_SysCallback_defaultExit)
                  00004dfc    00000040     CC1352P1_LAUNCHXL_fxns.obj (.text:CC1352P1_LAUNCHXL_shutDownExtFlash)
                  00004e3c    00000040     drivers_cc13x2.aem4f : RingBuf.oem4f (.text:RingBuf_get)
                  00004e7c    00000040                          : SPI.oem4f (.text:SPI_open)
                  00004ebc    00000040                          : UART.oem4f (.text:UART_open)
                  00004efc    00000040     rtsv7M4_T_le_v4SPD16_eabi.lib : u_divt2.asm.obj (.text)
                  00004f3c    00000040     rom_sysbios.aem4f : rom_sysbios.obj (.text:ti_sysbios_family_arm_cc26xx_Timer_setThreshold__I)
                  00004f7c    0000003e     dpl_cc13x2.aem4f : HwiP_tirtos.oem4f (.text:HwiP_construct)
                  00004fba    00000002     rom_sysbios.aem4f : rom_sysbios.obj (.text:xdc_runtime_SysCallback_defaultFlush)
                  00004fbc    0000003c     drivers_cc13x2.aem4f : PINCC26XX.oem4f (.text:PIN_setInterrupt)
                  00004ff8    0000003c                          : PINCC26XX.oem4f (.text:PIN_setOutputValue)
                  00005034    0000003c     dpl_cc13x2.aem4f : SwiP_tirtos.oem4f (.text:SwiP_construct)
                  00005070    0000003c     ethernet.obj (.text:ethernetConfig)
                  000050ac    0000003c     spimaster.obj (.text:setBitClearField)
                  000050e8    0000003c     spimaster.obj (.text:setBitSetField)
                  00005124    0000003c     rom_sysbios.aem4f : rom_sysbios.obj (.text:sleep)
                  00005160    0000003c                       : rom_sysbios.obj (.text:ti_sysbios_family_arm_m3_Hwi_construct2__E)
                  0000519c    00000038     driverlib.lib : osc.obj (.text:NOROM_OSC_HPOSCRelativeFrequencyOffsetGet)
                  000051d4    00000038     drivers_cc13x2.aem4f : PINCC26XX.oem4f (.text:PIN_setConfig)
                  0000520c    00000038                          : PowerCC26X2.oem4f (.text:notify)
                  00005244    00000038                          : UARTCC26XX.oem4f (.text:readData)
                  0000527c    00000038     rtsv7M4_T_le_v4SPD16_eabi.lib : fs_tod_t2.asm.obj (.text)
                  000052b4    00000038     spimaster.obj (.text:spi_writePHYReg)
                  000052ec    00000038     drivers_cc13x2.aem4f : UARTCC26XX.oem4f (.text:writeData)
                  00005324    00000036                          : UDMACC26XX.oem4f (.text:UDMACC26XX_close)
                  0000535a    00000036     rom_sysbios.aem4f : rom_sysbios.obj (.text:ti_sysbios_family_arm_cc26xx_Timer_setNextTick__E)
                  00005390    00000034     driverlib.lib : aux_sysif.obj (.text:NOROM_AUXSYSIFOpModeChange)
                  000053c4    00000034                   : sys_ctrl.obj (.text:NOROM_SysCtrlIdle)
                  000053f8    00000034     drivers_cc13x2.aem4f : UARTCC26XX.oem4f (.text:readData2RingBuf)
                  0000542c    00000034     rom_sysbios.aem4f : rom_sysbios.obj (.text:usleep)
                  00005460    00000030     drivers_cc13x2.aem4f : GPIOCC26XX.oem4f (.text:GPIO_hwiIntFxn)
                  00005490    00000030                          : GPIOCC26XX.oem4f (.text:GPIO_setCallback)
                  000054c0    00000030                          : PINCC26XX.oem4f (.text:PINCC26XX_setMux)
                  000054f0    00000030                          : PowerCC26X2.oem4f (.text:Power_releaseConstraint)
                  00005520    00000030                          : PowerCC26X2.oem4f (.text:Power_setConstraint)
                  00005550    00000030     release_pem4f.oem4f (.text:ti_sysbios_BIOS_atExitFunc__I)
                  00005580    00000030     release_pem4f.oem4f (.text:ti_sysbios_BIOS_startFunc__I)
                  000055b0    00000030     rom_sysbios.aem4f : rom_sysbios.obj (.text:ti_sysbios_family_arm_cc26xx_Timer_getCurrentTick__E)
                  000055e0    00000030                       : rom_sysbios.obj (.text:ti_sysbios_family_arm_cc26xx_Timer_initDevice__I)
                  00005610    0000002e     rtsv7M4_T_le_v4SPD16_eabi.lib : i_tofd_t2.asm.obj (.text)
                  0000563e    0000002e     release_pem4f.oem4f (.text:ti_sysbios_rts_gnu_MemAlloc_alloc)
                  0000566c    0000002c     dpl_cc13x2.aem4f : SemaphoreP_tirtos.oem4f (.text:SemaphoreP_constructBinary)
                  00005698    0000002c                      : SemaphoreP_tirtos.oem4f (.text:SemaphoreP_createBinary)
                  000056c4    0000002c     rom_sysbios.aem4f : rom_sysbios.obj (.text:_pthread_delete$45)
                  000056f0    0000002c     CC1352P1_LAUNCHXL_fxns.obj (.text:initAntennaSwitch)
                  0000571c    0000002c     rom_sysbios.aem4f : rom_sysbios.obj (.text:pthread_setcancelstate)
                  00005748    0000002c                       : rom_sysbios.obj (.text:ti_sysbios_knl_Clock_getTicksUntilInterrupt__E)
                  00005774    0000002a     display.aem4f : Display.oem4f (.text:Display_doPrintf)
                  0000579e    00000002     rom_sysbios.aem4f : rom_sysbios.obj (.text:xdc_runtime_SysCallback_defaultPutch)
                  000057a0    00000028     display.aem4f : Display.oem4f (.text:Display_doInit)
                  000057c8    00000028     driverlib.lib : osc.obj (.text:NOROM_OSCHF_TurnOnXosc)
                  000057f0    00000028     drivers_cc13x2.aem4f : PowerCC26X2.oem4f (.text:Power_registerNotify)
                  00005818    00000028                          : SPICC26X2DMA.oem4f (.text:flushFifos)
                  00005840    00000028                          : PowerCC26X2.oem4f (.text:oscillatorISR)
                  00005868    00000026                          : List.oem4f (.text:List_put)
                  0000588e    00000026                          : List.oem4f (.text:List_remove)
                  000058b4    00000024     rom_sysbios.aem4f : rom_sysbios.obj (.text:_pthread_cleanupFxn)
                  000058d8    00000024     drivers_cc13x2.aem4f : PowerCC26X2_calibrateRCOSC.oem4f (.text:getTdcSemaphore)
                  000058fc    00000024     rom_sysbios.aem4f : rom_sysbios.obj (.text:pthread_attr_init)
                  00005920    00000024     release_pem4f.oem4f (.text:ti_sysbios_BIOS_registerRTSLock__I)
                  00005944    00000024     release_pem4f.oem4f (.text:ti_sysbios_BIOS_removeRTSLock__I)
                  00005968    00000024     rom_sysbios.aem4f : rom_sysbios.obj (.text:ti_sysbios_family_arm_cc26xx_Timer_getMaxTicks__E)
                  0000598c    00000020     drivers_cc13x2.aem4f : PINCC26XX.oem4f (.text:PINCC26XX_setIoCfgMux)
                  000059ac    00000020                          : PowerCC26X2.oem4f (.text:Power_unregisterNotify)
                  000059cc    00000020                          : UARTCC26XX.oem4f (.text:threadSafeStdbyDisRelease)
                  000059ec    00000020                          : UARTCC26XX.oem4f (.text:threadSafeStdbyDisSet)
                  00005a0c    00000020     release_pem4f.oem4f (.text:ti_sysbios_BIOS_rtsLock__I)
                  00005a2c    00000020     rom_sysbios.aem4f : rom_sysbios.obj (.text:ti_sysbios_family_arm_cc26xx_Timer_dynamicStub__E)
                  00005a4c    00000020                       : rom_sysbios.obj (.text:xdc_runtime_Error_policyMin__E)
                  00005a6c    0000001e     drivers_cc13x2.aem4f : PINCC26XX.oem4f (.text:PIN_close)
                  00005a8a    0000001e                          : PowerCC26X2.oem4f (.text:Power_getTransitionLatency)
                  00005aa8    0000001e     spimaster.obj (.text:whichBank)
                  00005ac6    00000002     --HOLE-- [fill = 0]
                  00005ac8    0000001c     CC1352P1_LAUNCHXL.obj (.text:CC1352P1_LAUNCHXL_initGeneral)
                  00005ae4    0000001c     driverlib.lib : chipinfo.obj (.text:NOROM_ChipInfo_GetChipFamily)
                  00005b00    0000001c     drivers_cc13x2.aem4f : PINCC26XX.oem4f (.text:PIN_hwi)
                  00005b1c    0000001c     dpl_cc13x2.aem4f : PowerCC26X2_tirtos.oem4f (.text:PowerCC26XX_schedulerDisable)
                  00005b38    0000001c                      : PowerCC26X2_tirtos.oem4f (.text:PowerCC26XX_schedulerRestore)
                  00005b54    0000001c     drivers_cc13x2.aem4f : UDMACC26XX.oem4f (.text:UDMACC26XX_initHw)
                  00005b70    0000001c     rom_sysbios.aem4f : rom_sysbios.obj (.text:ti_sysbios_family_arm_m3_Hwi_clearInterrupt__E)
                  00005b8c    0000001c                       : rom_sysbios.obj (.text:ti_sysbios_knl_Swi_construct2__E)
                  00005ba8    0000001c     release_pem4f.oem4f (.text:xdc_runtime_Startup_exec__I)
                  00005bc4    0000001a     drivers_cc13x2.aem4f : PowerCC26X2.oem4f (.text:PowerCC26XX_calibrate)
                  00005bde    0000001a     release_pem4f.oem4f (.text:free)
                  00005bf8    00000018     driverlib.lib : chipinfo.obj (.text:NOROM_ChipInfo_GetPackageType)
                  00005c10    00000018     drivers_cc13x2.aem4f : PowerCC26X2.oem4f (.text:Power_idleFunc)
                  00005c28    00000018                          : UART.oem4f (.text:UART_Params_init)
                  00005c40    00000018     rtsv7M4_T_le_v4SPD16_eabi.lib : args_main.c.obj (.text:_args_main)
                  00005c58    00000018                                   : ll_mul_t2.asm.obj (.text)
                  00005c70    00000018     release_pem4f.oem4f (.text:ti_sysbios_BIOS_rtsUnlock__I)
                  00005c88    00000018     rom_sysbios.aem4f : rom_sysbios.obj (.text:ti_sysbios_knl_Swi_or__E)
                  00005ca0    00000018                       : rom_sysbios.obj (.text:ti_sysbios_rts_ti_ReentSupport_getReent__F)
                  00005cb8    00000018                       : rom_sysbios.obj (.text:xdc_runtime_Error_init__E)
                  00005cd0    00000016     display.aem4f : DisplayUart.oem4f (.text:DisplayUartMin_close)
                  00005ce6    00000016     driverlib.lib : chipinfo.obj (.text:NOROM_ThisLibraryIsFor_CC13x2_CC26x2_HwRev20AndLater_HaltIfViolated)
                  00005cfc    00000016     rom_sysbios.aem4f : rom_sysbios.obj (.text:_pthread_cleanup_pop)
                  00005d12    00000016     release_pem4f.oem4f (.text:ti_sysbios_BIOS_exitFunc__I)
                  00005d28    00000014     drivers_cc13x2.aem4f : PINCC26XX.oem4f (.text:PINCC26XX_getInputValue)
                  00005d3c    00000014                          : PowerCC26X2_calibrateRCOSC.oem4f (.text:PowerCC26X2_calibrate)
                  00005d50    00000014                          : SPI.oem4f (.text:SPI_Params_init)
                  00005d64    00000014                          : PowerCC26X2.oem4f (.text:configureRFCoreClocks)
                  00005d78    00000014     rom_sysbios.aem4f : rom_sysbios.obj (.text:pthread_attr_setschedparam)
                  00005d8c    00000014     drivers_cc13x2.aem4f : PowerCC26X2.oem4f (.text:switchToTCXO)
                  00005da0    00000014     rom_sysbios.aem4f : rom_sysbios.obj (.text:ti_sysbios_family_arm_cc26xx_Timer_getCount64__E)
                  00005db4    00000014     release_pem4f.oem4f (.text:ti_sysbios_knl_Clock_doTick__I)
                  00005dc8    00000012     drivers_cc13x2.aem4f : RingBuf.oem4f (.text:RingBuf_construct)
                  00005dda    00000012     dpl_cc13x2.aem4f : SemaphoreP_tirtos.oem4f (.text:SemaphoreP_pend)
                  00005dec    00000012     rom_sysbios.aem4f : rom_sysbios.obj (.text:_pthread_runStub$45)
                  00005dfe    00000010     dpl_cc13x2.aem4f : HwiP_tirtos.oem4f (.text:HwiP_Params_init)
                  00005e0e    00000002     --HOLE-- [fill = 0]
                  00005e10    00000010     drivers_cc13x2.aem4f : PINCC26XX.oem4f (.text:PINCC26XX_getPinCount)
                  00005e20    00000010     dpl_cc13x2.aem4f : SwiP_tirtos.oem4f (.text:SwiP_Params_init)
                  00005e30    00000010     ethernet.obj (.text:ethernet_Init)
                  00005e40    00000010     drivers_cc13x2.aem4f : UARTCC26XX.oem4f (.text:uartPostNotify)
                  00005e50    0000000e     rtsv7M4_T_le_v4SPD16_eabi.lib : copy_decompress_none.c.obj (.text:decompress:none:__TI_decompress_none)
                  00005e5e    0000000e     rom_sysbios.aem4f : rom_sysbios.obj (.text:pthread_attr_setdetachstate)
                  00005e6c    0000000e                       : rom_sysbios.obj (.text:ti_sysbios_family_arm_cc26xx_TimestampProvider_get32__E)
                  00005e7a    0000000c     CC1352P1_LAUNCHXL_fxns.obj (.text:Board_initHook)
                  00005e86    0000000c     driverlib.lib : cpu.obj (.text:NOROM_CPUcpsid)
                  00005e92    0000000c                   : cpu.obj (.text:NOROM_CPUcpsie)
                  00005e9e    0000000c     drivers_cc13x2.aem4f : PINCC26XX.oem4f (.text:PIN_registerIntCb)
                  00005eaa    00000002     --HOLE-- [fill = 0]
                  00005eac    0000000c                          : PowerCC26X2.oem4f (.text:Power_getConstraintMask)
                  00005eb8    0000000c                          : PowerCC26X2.oem4f (.text:Power_getDependencyCount)
                  00005ec4    0000000c     dpl_cc13x2.aem4f : SemaphoreP_tirtos.oem4f (.text:SemaphoreP_delete)
                  00005ed0    0000000c     rtsv7M4_T_le_v4SPD16_eabi.lib : _lock.c.obj (.text:_register_lock)
                  00005edc    0000000c                                   : _lock.c.obj (.text:_register_unlock)
                  00005ee8    0000000c                                   : copy_zero_init.c.obj (.text:decompress:ZI:__TI_zero_init)
                  00005ef4    0000000c     rom_sysbios.aem4f : rom_sysbios.obj (.text:pthread_self)
                  00005f00    0000000c     drivers_cc13x2.aem4f : SPICC26X2DMA.oem4f (.text:spiPostNotify)
                  00005f0c    0000000c     rom_sysbios.aem4f : rom_sysbios.obj (.text:ti_sysbios_knl_Swi_getTrigger__E)
                  00005f18    0000000a     dpl_cc13x2.aem4f : ClockP_tirtos.oem4f (.text:ClockP_Params_init)
                  00005f22    0000000a     drivers_cc13x2.aem4f : SPICC26X2DMA.oem4f (.text:SPICC26X2DMA_init)
                  00005f2c    0000000a                          : SPI.oem4f (.text:SPI_transfer)
                  00005f36    0000000a                          : UART.oem4f (.text:UART_close)
                  00005f40    0000000a                          : UART.oem4f (.text:UART_control)
                  00005f4a    0000000a                          : UART.oem4f (.text:UART_write)
                  00005f54    0000000a                          : UDMACC26XX.oem4f (.text:UDMACC26XX_hwiIntFxn)
                  00005f5e    0000000a     release_pem4f.oem4f (.text:ti_sysbios_rts_ti_ReentSupport_getTlsAddr__I)
                  00005f68    00000008     CC1352P1_LAUNCHXL.obj (.text:Board_init)
                  00005f70    00000008     drivers_cc13x2.aem4f : UARTCC26XX.oem4f (.text:UARTCC26XX_init)
                  00005f78    00000008                          : SPICC26X2DMA.oem4f (.text:blockingTransferCallback)
                  00005f80    00000008                          : UARTCC26XX.oem4f (.text:readSemCallback)
                  00005f88    00000008                          : UARTCC26XX.oem4f (.text:writeSemCallback)
                  00005f90    00000008     release_pem4f.oem4f (.text:xdc_runtime_Text_visitRope__I)
                  00005f98    00000006     display.aem4f : DisplayUart.oem4f (.text:DisplayUartMin_control)
                  00005f9e    00000006                   : DisplayUart.oem4f (.text:DisplayUartMin_getType)
                  00005fa4    00000006     driverlib.lib : cpu.obj (.text:NOROM_CPUdelay)
                  00005faa    00000006     drivers_cc13x2.aem4f : UARTCC26XX.oem4f (.text:UARTCC26XX_readPolling)
                  00005fb0    00000006                          : UARTCC26XX.oem4f (.text:UARTCC26XX_writePolling)
                  00005fb6    00000006     rom_sysbios.aem4f : rom_sysbios.obj (.text:pthread_attr_setstacksize)
                  00005fbc    00000004     dpl_cc13x2.aem4f : PowerCC26X2_tirtos.oem4f (.text:CPUwfi)
                  00005fc0    00000004                      : ClockP_tirtos.oem4f (.text:ClockP_destruct)
                  00005fc4    00000004                      : ClockP_tirtos.oem4f (.text:ClockP_getCpuFreq)
                  00005fc8    00000004                      : ClockP_tirtos.oem4f (.text:ClockP_setTimeout)
                  00005fcc    00000004                      : ClockP_tirtos.oem4f (.text:ClockP_start)
                  00005fd0    00000004                      : ClockP_tirtos.oem4f (.text:ClockP_stop)
                  00005fd4    00000004                      : HwiP_tirtos.oem4f (.text:HwiP_clearInterrupt)
                  00005fd8    00000004                      : HwiP_tirtos.oem4f (.text:HwiP_destruct)
                  00005fdc    00000004                      : HwiP_tirtos.oem4f (.text:HwiP_disable)
                  00005fe0    00000004                      : HwiP_tirtos.oem4f (.text:HwiP_disableInterrupt)
                  00005fe4    00000004                      : HwiP_tirtos.oem4f (.text:HwiP_enableInterrupt)
                  00005fe8    00000004                      : SemaphoreP_tirtos.oem4f (.text:SemaphoreP_destruct)
                  00005fec    00000004                      : SemaphoreP_tirtos.oem4f (.text:SemaphoreP_post)
                  00005ff0    00000004                      : SwiP_tirtos.oem4f (.text:SwiP_destruct)
                  00005ff4    00000004                      : SwiP_tirtos.oem4f (.text:SwiP_disable)
                  00005ff8    00000004                      : SwiP_tirtos.oem4f (.text:SwiP_getTrigger)
                  00005ffc    00000004                      : SwiP_tirtos.oem4f (.text:SwiP_or)
                  00006000    00000004                      : SwiP_tirtos.oem4f (.text:SwiP_post)
                  00006004    00000004                      : SystemP_tirtos.oem4f (.text:SystemP_vsnprintf)
                  00006008    00000004     rom_sysbios.aem4f : rom_sysbios.obj (.text:__aeabi_errno_addr)
                  0000600c    00000004     drivers_cc13x2.aem4f : PowerCC26X2.oem4f (.text:nopResourceHandler)
                  00006010    00000004     rom_sysbios.aem4f : rom_sysbios.obj (.text:ti_sysbios_knl_Queue_insert__E)
                  00006014    00000004                       : rom_sysbios.obj (.text:ti_sysbios_knl_Task_getArg1__E)
                  00006018    00000004                       : rom_sysbios.obj (.text:ti_sysbios_knl_Task_getEnv__E)
                  0000601c    00000004     release_pem4f.oem4f (.text:xdc_runtime_Startup_reset__I)
                  00006020    00000004     rom_sysbios.aem4f : rom_sysbios.obj (.text:xdc_runtime_SysCallback_defaultReady)
                  00006024    00000008     (.tramp.xdc_runtime_System_vsnprintf__E.1)
                  0000602c    00000008     (.tramp.ti_sysbios_knl_Swi_destruct.1)
                  00006034    00000008     (.tramp.ti_sysbios_family_arm_m3_Hwi_enableInterrupt__E.1)
                  0000603c    00000008     (.tramp.ti_sysbios_family_arm_m3_Hwi_disableInterrupt__E.1)
                  00006044    00000008     (.tramp.ti_sysbios_family_arm_m3_Hwi_disableFxn__E.1)
                  0000604c    00000008     (.tramp.ti_sysbios_family_arm_m3_Hwi_destruct.1)
                  00006054    00000008     (.tramp.ti_sysbios_BIOS_getCpuFreq__E.1)
                  0000605c    00000008     (.tramp.ti_sysbios_knl_Clock_destruct.1)
                  00006064    00000008     (.tramp.ti_sysbios_knl_Task_self__E.1)
                  0000606c    00000008     (.tramp.ti_sysbios_knl_Semaphore_delete.1)
                  00006074    00000008     (.tramp.ti_sysbios_knl_Clock_logTick__E.1)
                  0000607c    00000008     (.tramp.ti_sysbios_BIOS_getThreadType__E.1)
                  00006084    00000008     (.tramp.ti_sysbios_knl_Swi_post__E.1)
                  0000608c    00000008     (.tramp.ti_sysbios_BIOS_RtsGateProxy_leave__E.1)
                  00006094    00000008     (.tramp.ti_sysbios_knl_Swi_construct.1)
                  0000609c    00000008     (.tramp.ti_sysbios_BIOS_RtsGateProxy_enter__E.1)
                  000060a4    00000008     (.tramp.ti_sysbios_knl_Clock_TimerProxy_getCurrentTick__E.1)
                  000060ac    00000008     (.tramp.ti_sysbios_knl_Task_delete.1)
                  000060b4    00000008     (.tramp.ti_sysbios_knl_Semaphore_destruct.1)
                  000060bc    00000008     (.tramp.ti_sysbios_knl_Semaphore_create.1)
                  000060c4    00000008     (.tramp.ti_sysbios_knl_Task_startup__E.1)
                  000060cc    00000008     (.tramp.ti_sysbios_knl_Swi_startup__E.1)
                  000060d4    00000008     (.tramp.ti_sysbios_hal_Hwi_startup__E.1)
                  000060dc    00000008     (.tramp.ti_sysbios_family_arm_cc26xx_Timer_startup__E.1)
                  000060e4    00000008     (.tramp.xdc_runtime_System_atexit__E.1)
                  000060ec    00000008     (.tramp.ti_sysbios_BIOS_linkedWithIncorrectBootLibrary__E.1)
                  000060f4    00000008     (.tramp.xdc_runtime_Startup_rtsDone__E.1)
                  000060fc    00000008     (.tramp.ti_sysbios_knl_Swi_disable__E.1)
                  00006104    00000008     (.tramp.ti_sysbios_family_arm_m3_Hwi_construct.1)
                  0000610c    00000008     (.tramp.ti_sysbios_knl_Task_sleep__E.1)
                  00006114    00000008     (.tramp.ti_sysbios_knl_Swi_Params__init__S.1)
                  0000611c    00000008     (.tramp.ti_sysbios_family_arm_m3_Hwi_Params__init__S.1)
                  00006124    00000008     (.tramp.ti_sysbios_knl_Clock_construct.1)
                  0000612c    00000008     (.tramp.ti_sysbios_knl_Clock_Params__init__S.1)
                  00006134    00000008     (.tramp.xdc_runtime_System_exit__E.1)
                  0000613c    00000008     (.tramp.ti_sysbios_heaps_HeapMem_restore__E.1)
                  00006144    00000008     (.tramp.ti_sysbios_heaps_HeapMem_Object__get__S.1)
                  0000614c    00000008     (.tramp.ti_sysbios_BIOS_start__E.1)
                  00006154    00000008     (.tramp.xdc_runtime_Error_raiseX__E.1)
                  0000615c    00000008     (.tramp.ti_sysbios_BIOS_setThreadType__E.1)
                  00006164    00000008     (.tramp.ti_sysbios_family_arm_m3_Hwi_excFillContext__I.1)
                  0000616c    00000008     (.tramp.ti_sysbios_knl_Semaphore_post__E.1)
                  00006174    00000008     (.tramp.xdc_runtime_Memory_free__E.1)
                  0000617c    00000008     (.tramp.ti_sysbios_knl_Queue_next__E.1)
                  00006184    00000008     (.tramp.ti_sysbios_knl_Queue_head__E.1)
                  0000618c    00000008     (.tramp.ti_sysbios_knl_Semaphore_pend__E.1)
                  00006194    00000008     (.tramp.ti_sysbios_knl_Task_restore__E.1)
                  0000619c    00000008     (.tramp.ti_sysbios_knl_Queue_enqueue__E.1)
                  000061a4    00000008     (.tramp.ti_sysbios_knl_Queue_empty__E.1)
                  000061ac    00000008     (.tramp.ti_sysbios_knl_Queue_remove__E.1)
                  000061b4    00000008     (.tramp.ti_sysbios_knl_Task_disable__E.1)
                  000061bc    00000008     (.tramp.ti_sysbios_knl_Clock_stop__E.1)
                  000061c4    00000008     (.tramp.ti_sysbios_knl_Clock_start__E.1)
                  000061cc    00000008     (.tramp.ti_sysbios_knl_Clock_setTimeout__E.1)
                  000061d4    00000008     (.tramp.ti_sysbios_knl_Task_create.1)
                  000061dc    00000008     (.tramp.ti_sysbios_knl_Semaphore_construct.1)
                  000061e4    00000008     (.tramp.ti_sysbios_knl_Semaphore_Params__init__S.1)
                  000061ec    00000008     (.tramp.ti_sysbios_knl_Queue_construct.1)
                  000061f4    00000008     (.tramp.xdc_runtime_Memory_alloc__E.1)
                  000061fc    00000008     (.tramp.ti_sysbios_knl_Task_Params__init__S.1)
                  00006204    00000008     (.tramp.strlen.1)
                  0000620c    00000008     (.tramp.xdc_runtime_System_doPrint__I.1)
                  00006214    00000008     (.tramp.ti_sysbios_knl_Swi_restore__E.1)
                  0000621c    00000008     (.tramp.ti_sysbios_family_arm_m3_Hwi_restoreFxn__E.1)

.const     0    00006224    0000081c     
                  00006224    000003b8     release_pem4f.oem4f (.const:ROM_constStruct)
                  000065dc    00000054     drivers_cc13x2.aem4f : PowerCC26X2.oem4f (.const:resourceDB)
                  00006630    00000050     CC1352P1_LAUNCHXL.obj (.const:uartCC26XXHWAttrs)
                  00006680    00000048     release_pem4f.oem4f (.const:.string)
                  000066c8    00000048     release_pem4f.oem4f (.const:ROM_externFuncPtrs)
                  00006710    00000040     CC1352P1_LAUNCHXL.obj (.const:spiCC26X2DMAHWAttrs)
                  00006750    00000038     CC1352P1_LAUNCHXL.obj (.const:BoardGpioInitTable)
                  00006788    00000028     drivers_cc13x2.aem4f : UARTCC26XX.oem4f (.const:UARTCC26XX_fxnTable)
                  000067b0    00000024                          : UART.oem4f (.const:UART_defaultParams)
                  000067d4    00000024     release_pem4f.oem4f (.const:xdc_runtime_Startup_sfxnTab__A)
                  000067f8    00000020     display.aem4f : DisplayUart.oem4f (.const:DisplayUartMin_fxnTable)
                  00006818    00000020     drivers_cc13x2.aem4f : SPI.oem4f (.const:SPI_defaultParams)
                  00006838    00000019     spimaster.obj (.const:.string:$P$T0$1)
                  00006851    00000001     display.aem4f : Display.oem4f (.const:Display_defaultParams)
                  00006852    00000001     release_pem4f.oem4f (.const:xdc_runtime_Text_charTab__A)
                  00006853    00000001     --HOLE-- [fill = 0]
                  00006854    00000018     drivers_cc13x2.aem4f : SPICC26X2DMA.oem4f (.const:SPICC26X2DMA_fxnTable)
                  0000686c    00000018     CC1352P1_LAUNCHXL.obj (.const:SPI_config)
                  00006884    00000018     CC1352P1_LAUNCHXL.obj (.const:UART_config)
                  0000689c    00000018     drivers_cc13x2.aem4f : SPICC26X2DMA.oem4f (.const:frameFormat)
                  000068b4    00000018                          : GPIOCC26XX.oem4f (.const:interruptType)
                  000068cc    00000016     CC1352P1_LAUNCHXL.obj (.const)
                  000068e2    00000002     --HOLE-- [fill = 0]
                  000068e4    00000014     CC1352P1_LAUNCHXL_fxns.obj (.const:$P$T1$2)
                  000068f8    00000014     CC1352P1_LAUNCHXL.obj (.const:GPIOCC26XX_config)
                  0000690c    00000014     CC1352P1_LAUNCHXL.obj (.const:PowerCC26X2_config)
                  00006920    00000014     CC1352P1_LAUNCHXL.obj (.const:displayUartHWAttrs)
                  00006934    00000014     drivers_cc13x2.aem4f : UARTCC26XX.oem4f (.const:parityType)
                  00006948    00000012     release_pem4f.oem4f (.const:xdc_runtime_Startup_sfxnRts__A)
                  0000695a    00000002     --HOLE-- [fill = 0]
                  0000695c    00000010     CC1352P1_LAUNCHXL_fxns.obj (.const:$P$T2$3)
                  0000696c    00000010     drivers_cc13x2.aem4f : UARTCC26XX.oem4f (.const:dataLength)
                  0000697c    00000010                          : GPIOCC26XX.oem4f (.const:outPinTypes)
                  0000698c    0000000c     CC1352P1_LAUNCHXL.obj (.const:Display_config)
                  00006998    0000000c     drivers_cc13x2.aem4f : GPIOCC26XX.oem4f (.const:inPinTypes)
                  000069a4    0000000c                          : GPIOCC26XX.oem4f (.const:outPinStrengths)
                  000069b0    0000000c     release_pem4f.oem4f (.const:xdc_runtime_Startup_firstFxns__A)
                  000069bc    00000008     driverlib.lib : aux_sysif.obj (.const:$O1$$)
                  000069c4    00000008     CC1352P1_LAUNCHXL_fxns.obj (.const:$P$T0$1)
                  000069cc    00000008     CC1352P1_LAUNCHXL.obj (.const:PINCC26XX_hwAttrs)
                  000069d4    00000008     CC1352P1_LAUNCHXL.obj (.const:UDMACC26XX_config)
                  000069dc    00000008     drivers_cc13x2.aem4f : SPICC26X2DMA.oem4f (.const:dmaNullConfig)
                  000069e4    00000008                          : SPICC26X2DMA.oem4f (.const:dmaRxConfig)
                  000069ec    00000008                          : SPICC26X2DMA.oem4f (.const:dmaTxConfig)
                  000069f4    00000008                          : UARTCC26XX.oem4f (.const:stopBits)
                  000069fc    00000008     release_pem4f.oem4f (.const:ti_sysbios_family_arm_m3_Hwi_excHookFuncs__A)
                  00006a04    00000008     release_pem4f.oem4f (.const:ti_sysbios_knl_Idle_funcList__A)
                  00006a0c    00000008     CC1352P1_LAUNCHXL.obj (.const:udmaHWAttrs)
                  00006a14    00000006     drivers_cc13x2.aem4f : UARTCC26XX.oem4f (.const:.string:rxFifoBytes)
                  00006a1a    00000006                          : UARTCC26XX.oem4f (.const:.string:rxFifoThreshold)
                  00006a20    00000006                          : UARTCC26XX.oem4f (.const:.string:txFifoBytes)
                  00006a26    00000006                          : UARTCC26XX.oem4f (.const:.string:txFifoThreshold)
                  00006a2c    00000004     release_pem4f.oem4f (.const:ti_sysbios_family_arm_m3_Hwi_E_exception__C)
                  00006a30    00000004     release_pem4f.oem4f (.const:ti_sysbios_heaps_HeapMem_primaryHeapBaseAddr__C)
                  00006a34    00000004     release_pem4f.oem4f (.const:ti_sysbios_heaps_HeapMem_primaryHeapEndAddr__C)
                  00006a38    00000004     release_pem4f.oem4f (.const:ti_sysbios_knl_Clock_tickPeriod__C)
                  00006a3c    00000004     release_pem4f.oem4f (.const:ti_sysbios_knl_Task_Object__heap__C)

MODULE SUMMARY

       Module                             code    ro data   rw data
       ------                             ----    -------   -------
    ./
       spimaster.obj                      3192    25        80     
       CC1352P1_LAUNCHXL.obj              36      366       1328   
       ethernet.obj                       708     0         12     
       CC1352P1_LAUNCHXL_fxns.obj         328     44        16     
       main_tirtos.obj                    100     0         0      
       ccfg.obj                           0       88        0      
    +--+----------------------------------+-------+---------+---------+
       Total:                             4364    523       1436   
                                                                   
    /Users/sramnath/ccs_workspaces/spiEthernet/tirtos_builds_CC1352P1_LAUNCHXL_release_ccs/Debug/configPkg/package/cfg/
       release_pem4f.oem4f                858     1259      1830   
    +--+----------------------------------+-------+---------+---------+
       Total:                             858     1259      1830   
                                                                   
    /Applications/ti_ccs9/ccs9/ccs/tools/compiler/ti-cgt-arm_18.12.2.LTS/lib/rtsv7M4_T_le_v4SPD16_eabi.lib
       fd_add_t2.asm.obj                  438     0         0      
       fd_cmp_t2.asm.obj                  268     0         0      
       fd_mul_t2.asm.obj                  252     0         0      
       memcpy_t2.asm.obj                  156     0         0      
       ull_div_t2.asm.obj                 150     0         0      
       memset_t2.asm.obj                  122     0         0      
       copy_decompress_lzss.c.obj         104     0         0      
       cpy_tbl.c.obj                      76      0         0      
       fd_toi_t2.asm.obj                  72      0         0      
       fd_tou_t2.asm.obj                  68      0         0      
       u_divt2.asm.obj                    64      0         0      
       fs_tod_t2.asm.obj                  56      0         0      
       i_tofd_t2.asm.obj                  46      0         0      
       _lock.c.obj                        26      0         8      
       args_main.c.obj                    24      0         0      
       ll_mul_t2.asm.obj                  24      0         0      
       copy_decompress_none.c.obj         14      0         0      
       copy_zero_init.c.obj               12      0         0      
       stkdepth_vars.c.obj                0       0         4      
       div0.asm.obj                       2       0         0      
    +--+----------------------------------+-------+---------+---------+
       Total:                             1974    0         12     
                                                                   
    /Applications/ti_ccs9/simplelink_cc13x2_26x2_sdk_3_20_00_68/kernel/tirtos/packages/ti/dpl/lib/dpl_cc13x2.aem4f
       PowerCC26X2_tirtos.oem4f           240     0         8      
       SemaphoreP_tirtos.oem4f            126     0         0      
       ClockP_tirtos.oem4f                110     0         4      
       HwiP_tirtos.oem4f                  98      0         0      
       SwiP_tirtos.oem4f                  96      0         0      
       SystemP_tirtos.oem4f               4       0         0      
    +--+----------------------------------+-------+---------+---------+
       Total:                             674     0         12     
                                                                   
    /Applications/ti_ccs9/simplelink_cc13x2_26x2_sdk_3_20_00_68/kernel/tirtos/packages/ti/targets/arm/rtsarm/lib/auto_init.aem4f
       auto_init.oem4f                    160     0         0      
    +--+----------------------------------+-------+---------+---------+
       Total:                             160     0         0      
                                                                   
    /Applications/ti_ccs9/simplelink_cc13x2_26x2_sdk_3_20_00_68/kernel/tirtos/packages/ti/targets/arm/rtsarm/lib/boot.aem4f
       boot.oem4f                         88      0         0      
    +--+----------------------------------+-------+---------+---------+
       Total:                             88      0         0      
                                                                   
    /Applications/ti_ccs9/simplelink_cc13x2_26x2_sdk_3_20_00_68/source/ti/devices/cc13x2_cc26x2/driverlib/bin/ccs/driverlib.lib
       sys_ctrl.obj                       408     0         0      
       osc.obj                            336     0         28     
       setup.obj                          324     0         0      
       chipinfo.obj                       222     0         0      
       aux_sysif.obj                      52      8         0      
       cpu.obj                            30      0         0      
       driverlib_release.obj              0       0         1      
    +--+----------------------------------+-------+---------+---------+
       Total:                             1372    8         29     
                                                                   
    /Applications/ti_ccs9/simplelink_cc13x2_26x2_sdk_3_20_00_68/source/ti/display/lib/display.aem4f
       DisplayUart.oem4f                  184     32        0      
       Display.oem4f                      174     1         0      
    +--+----------------------------------+-------+---------+---------+
       Total:                             358     33        0      
                                                                   
    /Applications/ti_ccs9/simplelink_cc13x2_26x2_sdk_3_20_00_68/source/ti/drivers/lib/drivers_cc13x2.aem4f
       SPICC26X2DMA.oem4f                 3414    72        128    
       UARTCC26XX.oem4f                   2742    108       0      
       PowerCC26X2.oem4f                  2098    84        272    
       PINCC26XX.oem4f                    1574    0         276    
       PowerCC26X2_calibrateRCOSC.oem4f   1400    0         0      
       GPIOCC26XX.oem4f                   660     64        61     
       UART.oem4f                         186     36        1      
       SPI.oem4f                          162     32        1      
       UDMACC26XX.oem4f                   168     0         0      
       RingBuf.oem4f                      152     0         0      
       List.oem4f                         76      0         0      
    +--+----------------------------------+-------+---------+---------+
       Total:                             12632   396       739    
                                                                   
    /Users/sramnath/ccs_workspaces/spiEthernet/tirtos_builds_CC1352P1_LAUNCHXL_release_ccs/src/sysbios/rom_sysbios.aem4f
       rom_sysbios.obj                    2065    0         136    
    +--+----------------------------------+-------+---------+---------+
       Total:                             2065    0         136    
                                                                   
       Stack:                             0       0         1024   
       Linker Generated:                  512     649       0      
    +--+----------------------------------+-------+---------+---------+
       Grand Total:                       25057   2868      5218   


LINKER GENERATED COPY TABLES

__TI_cinit_table @ 00006c68 records: 13, size/record: 8, table size: 104
	.data: load addr=00006a40, load size=000001b5 bytes, run addr=20001110, run size=00000571 bytes, compression=lzss
	.TI.bound:dmaSpi0RxAltControlTableEntry: load addr=00006c08, load size=00000008 bytes, run addr=20001a30, run size=00000010 bytes, compression=zero_init
	.TI.bound:dmaSpi0RxControlTableEntry: load addr=00006c10, load size=00000008 bytes, run addr=20001830, run size=00000010 bytes, compression=zero_init
	.TI.bound:dmaSpi0TxAltControlTableEntry: load addr=00006c18, load size=00000008 bytes, run addr=20001a40, run size=00000010 bytes, compression=zero_init
	.TI.bound:dmaSpi0TxControlTableEntry: load addr=00006c20, load size=00000008 bytes, run addr=20001840, run size=00000010 bytes, compression=zero_init
	.TI.bound:dmaSpi1RxAltControlTableEntry: load addr=00006c28, load size=00000008 bytes, run addr=20001b00, run size=00000010 bytes, compression=zero_init
	.TI.bound:dmaSpi1RxControlTableEntry: load addr=00006c30, load size=00000008 bytes, run addr=20001900, run size=00000010 bytes, compression=zero_init
	.TI.bound:dmaSpi1TxAltControlTableEntry: load addr=00006c38, load size=00000008 bytes, run addr=20001b10, run size=00000010 bytes, compression=zero_init
	.TI.bound:dmaSpi1TxControlTableEntry: load addr=00006c40, load size=00000008 bytes, run addr=20001910, run size=00000010 bytes, compression=zero_init
	.bss: load addr=00006c48, load size=00000008 bytes, run addr=20001b20, run size=0000098d bytes, compression=zero_init
	.data:xdcRomConstPtr: load addr=00006c50, load size=00000008 bytes, run addr=20000100, run size=00000004 bytes, compression=lzss
	.data:xdcRomExternFuncPtr: load addr=00006c58, load size=00000008 bytes, run addr=20000104, run size=00000004 bytes, compression=lzss
	.data:xdcRomStatePtr: load addr=00006c60, load size=00000008 bytes, run addr=20000108, run size=00000004 bytes, compression=lzss


LINKER GENERATED HANDLER TABLE

__TI_handler_table @ 00006bf8 records: 3, size/record: 4, table size: 12
	index: 0, handler: __TI_decompress_lzss
	index: 1, handler: __TI_decompress_none
	index: 2, handler: __TI_zero_init


FAR CALL TRAMPOLINES

callee name               trampoline name
   callee addr  tramp addr   call addr  call info
--------------  -----------  ---------  ----------------
xdc_runtime_System_vsnprintf__E  $Tramp$TT$L$PI$$xdc_runtime_System_vsnprintf__E
   1002f8b9     00006024     00006004   dpl_cc13x2.aem4f : SystemP_tirtos.oem4f (.text:SystemP_vsnprintf)
ti_sysbios_knl_Swi_destruct  $Tramp$TT$L$PI$$ti_sysbios_knl_Swi_destruct
   1002e8bd     0000602c     00005ff0   dpl_cc13x2.aem4f : SwiP_tirtos.oem4f (.text:SwiP_destruct)
ti_sysbios_family_arm_m3_Hwi_enableInterrupt__E  $Tramp$TT$L$PI$$ti_sysbios_family_arm_m3_Hwi_enableInterrupt__E
   1002d91d     00006034     00005fe4   dpl_cc13x2.aem4f : HwiP_tirtos.oem4f (.text:HwiP_enableInterrupt)
ti_sysbios_family_arm_m3_Hwi_disableInterrupt__E  $Tramp$TT$L$PI$$ti_sysbios_family_arm_m3_Hwi_disableInterrupt__E
   1002d8d9     0000603c     00005fe0   dpl_cc13x2.aem4f : HwiP_tirtos.oem4f (.text:HwiP_disableInterrupt)
ti_sysbios_family_arm_m3_Hwi_disableFxn__E  $Tramp$TT$L$PI$$ti_sysbios_family_arm_m3_Hwi_disableFxn__E
   1002eb55     00006044     00005fdc   dpl_cc13x2.aem4f : HwiP_tirtos.oem4f (.text:HwiP_disable)
ti_sysbios_family_arm_m3_Hwi_destruct  $Tramp$TT$L$PI$$ti_sysbios_family_arm_m3_Hwi_destruct
   1002e475     0000604c     00005fd8   dpl_cc13x2.aem4f : HwiP_tirtos.oem4f (.text:HwiP_destruct)
ti_sysbios_BIOS_getCpuFreq__E  $Tramp$TT$L$PI$$ti_sysbios_BIOS_getCpuFreq__E
   1002e9fd     00006054     00005fc4   dpl_cc13x2.aem4f : ClockP_tirtos.oem4f (.text:ClockP_getCpuFreq)
ti_sysbios_knl_Clock_destruct  $Tramp$TT$L$PI$$ti_sysbios_knl_Clock_destruct
   1002e649     0000605c     00005fc0   dpl_cc13x2.aem4f : ClockP_tirtos.oem4f (.text:ClockP_destruct)
ti_sysbios_knl_Task_self__E  $Tramp$TT$L$PI$$ti_sysbios_knl_Task_self__E
   1002eaf5     00006064     00005ef6   rom_sysbios.aem4f : rom_sysbios.obj (.text:pthread_self)
                             00005f60   release_pem4f.oem4f (.text:ti_sysbios_rts_ti_ReentSupport_getTlsAddr__I)
ti_sysbios_knl_Semaphore_delete  $Tramp$TT$L$PI$$ti_sysbios_knl_Semaphore_delete
   1002ecdb     0000606c     00005eca   dpl_cc13x2.aem4f : SemaphoreP_tirtos.oem4f (.text:SemaphoreP_delete)
ti_sysbios_knl_Clock_logTick__E  $Tramp$TT$L$PI$$ti_sysbios_knl_Clock_logTick__E
   1002dbd7     00006074     00005db6   release_pem4f.oem4f (.text:ti_sysbios_knl_Clock_doTick__I)
ti_sysbios_BIOS_getThreadType__E  $Tramp$TT$L$PI$$ti_sysbios_BIOS_getThreadType__E
   1002ea95     0000607c     00005ca2   rom_sysbios.aem4f : rom_sysbios.obj (.text:ti_sysbios_rts_ti_ReentSupport_getReent__F)
ti_sysbios_knl_Swi_post__E  $Tramp$TT$L$PI$$ti_sysbios_knl_Swi_post__E
   1002d891     00006084     00005c9c   rom_sysbios.aem4f : rom_sysbios.obj (.text:ti_sysbios_knl_Swi_or__E)
                             00005dbe   release_pem4f.oem4f (.text:ti_sysbios_knl_Clock_doTick__I)
                             00006000   dpl_cc13x2.aem4f : SwiP_tirtos.oem4f (.text:SwiP_post)
ti_sysbios_BIOS_RtsGateProxy_leave__E  $Tramp$TT$L$PI$$ti_sysbios_BIOS_RtsGateProxy_leave__E
   1002ec7b     0000608c     00005c7e   release_pem4f.oem4f (.text:ti_sysbios_BIOS_rtsUnlock__I)
ti_sysbios_knl_Swi_construct  $Tramp$TT$L$PI$$ti_sysbios_knl_Swi_construct
   1002d719     00006094     00005b92   rom_sysbios.aem4f : rom_sysbios.obj (.text:ti_sysbios_knl_Swi_construct2__E)
ti_sysbios_BIOS_RtsGateProxy_enter__E  $Tramp$TT$L$PI$$ti_sysbios_BIOS_RtsGateProxy_enter__E
   1002ec77     0000609c     00005a12   release_pem4f.oem4f (.text:ti_sysbios_BIOS_rtsLock__I)
ti_sysbios_knl_Clock_TimerProxy_getCurrentTick__E  $Tramp$TT$L$PI$$ti_sysbios_knl_Clock_TimerProxy_getCurrentTick__E
   1002eac5     000060a4     0000575a   rom_sysbios.aem4f : rom_sysbios.obj (.text:ti_sysbios_knl_Clock_getTicksUntilInterrupt__E)
ti_sysbios_knl_Task_delete  $Tramp$TT$L$PI$$ti_sysbios_knl_Task_delete
   1002ece7     000060ac     000056d8   rom_sysbios.aem4f : rom_sysbios.obj (.text:_pthread_delete$45)
ti_sysbios_knl_Semaphore_destruct  $Tramp$TT$L$PI$$ti_sysbios_knl_Semaphore_destruct
   1002e6fd     000060b4     000056cc   rom_sysbios.aem4f : rom_sysbios.obj (.text:_pthread_delete$45)
                             00005fe8   dpl_cc13x2.aem4f : SemaphoreP_tirtos.oem4f (.text:SemaphoreP_destruct)
ti_sysbios_knl_Semaphore_create  $Tramp$TT$L$PI$$ti_sysbios_knl_Semaphore_create
   1002dc49     000060bc     000056b8   dpl_cc13x2.aem4f : SemaphoreP_tirtos.oem4f (.text:SemaphoreP_createBinary)
ti_sysbios_knl_Task_startup__E  $Tramp$TT$L$PI$$ti_sysbios_knl_Task_startup__E
   1002eceb     000060c4     000055a4   release_pem4f.oem4f (.text:ti_sysbios_BIOS_startFunc__I)
ti_sysbios_knl_Swi_startup__E  $Tramp$TT$L$PI$$ti_sysbios_knl_Swi_startup__E
   1002ec6b     000060cc     000055a0   release_pem4f.oem4f (.text:ti_sysbios_BIOS_startFunc__I)
ti_sysbios_hal_Hwi_startup__E  $Tramp$TT$L$PI$$ti_sysbios_hal_Hwi_startup__E
   1002ec31     000060d4     0000559c   release_pem4f.oem4f (.text:ti_sysbios_BIOS_startFunc__I)
ti_sysbios_family_arm_cc26xx_Timer_startup__E  $Tramp$TT$L$PI$$ti_sysbios_family_arm_cc26xx_Timer_startup__E
   1002dcf1     000060dc     00005598   release_pem4f.oem4f (.text:ti_sysbios_BIOS_startFunc__I)
xdc_runtime_System_atexit__E  $Tramp$TT$L$PI$$xdc_runtime_System_atexit__E
   1002f559     000060e4     00005590   release_pem4f.oem4f (.text:ti_sysbios_BIOS_startFunc__I)
ti_sysbios_BIOS_linkedWithIncorrectBootLibrary__E  $Tramp$TT$L$PI$$ti_sysbios_BIOS_linkedWithIncorrectBootLibrary__E
   1002d01b     000060ec     0000558a   release_pem4f.oem4f (.text:ti_sysbios_BIOS_startFunc__I)
xdc_runtime_Startup_rtsDone__E  $Tramp$TT$L$PI$$xdc_runtime_Startup_rtsDone__E
   1002f8e5     000060f4     00005582   release_pem4f.oem4f (.text:ti_sysbios_BIOS_startFunc__I)
ti_sysbios_knl_Swi_disable__E  $Tramp$TT$L$PI$$ti_sysbios_knl_Swi_disable__E
   1002ea25     000060fc     00005552   release_pem4f.oem4f (.text:ti_sysbios_BIOS_atExitFunc__I)
                             00005b26   dpl_cc13x2.aem4f : PowerCC26X2_tirtos.oem4f (.text:PowerCC26XX_schedulerDisable)
                             00005ff4                    : SwiP_tirtos.oem4f (.text:SwiP_disable)
ti_sysbios_family_arm_m3_Hwi_construct  $Tramp$TT$L$PI$$ti_sysbios_family_arm_m3_Hwi_construct
   1002d421     00006104     0000517a   rom_sysbios.aem4f : rom_sysbios.obj (.text:ti_sysbios_family_arm_m3_Hwi_construct2__E)
ti_sysbios_knl_Task_sleep__E  $Tramp$TT$L$PI$$ti_sysbios_knl_Task_sleep__E
   1002ce01     0000610c     0000514e   rom_sysbios.aem4f : rom_sysbios.obj (.text:sleep)
                             00005450                     : rom_sysbios.obj (.text:usleep)
ti_sysbios_knl_Swi_Params__init__S  $Tramp$TT$L$PI$$ti_sysbios_knl_Swi_Params__init__S
   1002ebf1     00006114     0000504e   dpl_cc13x2.aem4f : SwiP_tirtos.oem4f (.text:SwiP_construct)
ti_sysbios_family_arm_m3_Hwi_Params__init__S  $Tramp$TT$L$PI$$ti_sysbios_family_arm_m3_Hwi_Params__init__S
   1002eb49     0000611c     00004f98   dpl_cc13x2.aem4f : HwiP_tirtos.oem4f (.text:HwiP_construct)
ti_sysbios_knl_Clock_construct  $Tramp$TT$L$PI$$ti_sysbios_knl_Clock_construct
   1002dd8d     00006124     000047ea   dpl_cc13x2.aem4f : ClockP_tirtos.oem4f (.text:ClockP_construct)
ti_sysbios_knl_Clock_Params__init__S  $Tramp$TT$L$PI$$ti_sysbios_knl_Clock_Params__init__S
   1002eb9d     0000612c     000047d0   dpl_cc13x2.aem4f : ClockP_tirtos.oem4f (.text:ClockP_construct)
xdc_runtime_System_exit__E  $Tramp$TT$L$PI$$xdc_runtime_System_exit__E
   1002f7b1     00006134     00004744   boot.aem4f : boot.oem4f (.text)
                             00005d22   release_pem4f.oem4f (.text:ti_sysbios_BIOS_exitFunc__I)
ti_sysbios_heaps_HeapMem_restore__E  $Tramp$TT$L$PI$$ti_sysbios_heaps_HeapMem_restore__E
   1002eb13     0000613c     00004638   rom_sysbios.aem4f : rom_sysbios.obj (.text:ti_sysbios_heaps_HeapMem_initPrimary__I)
ti_sysbios_heaps_HeapMem_Object__get__S  $Tramp$TT$L$PI$$ti_sysbios_heaps_HeapMem_Object__get__S
   1002e275     00006144     00004608   rom_sysbios.aem4f : rom_sysbios.obj (.text:ti_sysbios_heaps_HeapMem_initPrimary__I)
ti_sysbios_BIOS_start__E  $Tramp$TT$L$PI$$ti_sysbios_BIOS_start__E
   1002eaa5     0000614c     00004352   main_tirtos.obj (.text:main)
xdc_runtime_Error_raiseX__E  $Tramp$TT$L$PI$$xdc_runtime_Error_raiseX__E
   1002f739     00006154     00003e7a   rom_sysbios.aem4f : rom_sysbios.obj (.text:ti_sysbios_family_arm_m3_Hwi_excHandlerMin__I)
ti_sysbios_BIOS_setThreadType__E  $Tramp$TT$L$PI$$ti_sysbios_BIOS_setThreadType__E
   1002ea11     0000615c     00003e3a   rom_sysbios.aem4f : rom_sysbios.obj (.text:ti_sysbios_family_arm_m3_Hwi_excHandlerMin__I)
                             0000555c   release_pem4f.oem4f (.text:ti_sysbios_BIOS_atExitFunc__I)
                             00005d1c   release_pem4f.oem4f (.text:ti_sysbios_BIOS_exitFunc__I)
ti_sysbios_family_arm_m3_Hwi_excFillContext__I  $Tramp$TT$L$PI$$ti_sysbios_family_arm_m3_Hwi_excFillContext__I
   1002bda9     00006164     00003e34   rom_sysbios.aem4f : rom_sysbios.obj (.text:ti_sysbios_family_arm_m3_Hwi_excHandlerMin__I)
ti_sysbios_knl_Semaphore_post__E  $Tramp$TT$L$PI$$ti_sysbios_knl_Semaphore_post__E
   1002cd21     0000616c     000039ca   rom_sysbios.aem4f : rom_sysbios.obj (.text:_pthread_removeThreadKeys)
                             0000478c                     : rom_sysbios.obj (.text:pthread_exit)
                             00005fec   dpl_cc13x2.aem4f : SemaphoreP_tirtos.oem4f (.text:SemaphoreP_post)
xdc_runtime_Memory_free__E  $Tramp$TT$L$PI$$xdc_runtime_Memory_free__E
   1002f81d     00006174     000039c0   rom_sysbios.aem4f : rom_sysbios.obj (.text:_pthread_removeThreadKeys)
                             000056e4                     : rom_sysbios.obj (.text:_pthread_delete$45)
                             00005bf2   release_pem4f.oem4f (.text:free)
ti_sysbios_knl_Queue_next__E  $Tramp$TT$L$PI$$ti_sysbios_knl_Queue_next__E
   1002ecd7     0000617c     0000399a   rom_sysbios.aem4f : rom_sysbios.obj (.text:_pthread_removeThreadKeys)
ti_sysbios_knl_Queue_head__E  $Tramp$TT$L$PI$$ti_sysbios_knl_Queue_head__E
   1002ecd3     00006184     00003986   rom_sysbios.aem4f : rom_sysbios.obj (.text:_pthread_removeThreadKeys)
ti_sysbios_knl_Semaphore_pend__E  $Tramp$TT$L$PI$$ti_sysbios_knl_Semaphore_pend__E
   1002bfb1     0000618c     00003980   rom_sysbios.aem4f : rom_sysbios.obj (.text:_pthread_removeThreadKeys)
                             00005ddc   dpl_cc13x2.aem4f : SemaphoreP_tirtos.oem4f (.text:SemaphoreP_pend)
ti_sysbios_knl_Task_restore__E  $Tramp$TT$L$PI$$ti_sysbios_knl_Task_restore__E
   1002df45     00006194     000034a2   rom_sysbios.aem4f : rom_sysbios.obj (.text:ti_sysbios_knl_Task_setPri__E)
                             00003974                     : rom_sysbios.obj (.text:_pthread_removeThreadKeys)
                             000039d4                     : rom_sysbios.obj (.text:_pthread_removeThreadKeys)
                             0000479e                     : rom_sysbios.obj (.text:pthread_exit)
                             000058c4                     : rom_sysbios.obj (.text:_pthread_cleanupFxn)
                             00005b46   dpl_cc13x2.aem4f : PowerCC26X2_tirtos.oem4f (.text:PowerCC26XX_schedulerRestore)
ti_sysbios_knl_Queue_enqueue__E  $Tramp$TT$L$PI$$ti_sysbios_knl_Queue_enqueue__E
   1002ebd9     0000619c     00003474   rom_sysbios.aem4f : rom_sysbios.obj (.text:ti_sysbios_knl_Task_setPri__E)
                             00006010                     : rom_sysbios.obj (.text:ti_sysbios_knl_Queue_insert__E)
ti_sysbios_knl_Queue_empty__E  $Tramp$TT$L$PI$$ti_sysbios_knl_Queue_empty__E
   1002eb21     000061a4     0000345c   rom_sysbios.aem4f : rom_sysbios.obj (.text:ti_sysbios_knl_Task_setPri__E)
                             0000396c                     : rom_sysbios.obj (.text:_pthread_removeThreadKeys)
ti_sysbios_knl_Queue_remove__E  $Tramp$TT$L$PI$$ti_sysbios_knl_Queue_remove__E
   1002eb2f     000061ac     00003456   rom_sysbios.aem4f : rom_sysbios.obj (.text:ti_sysbios_knl_Task_setPri__E)
                             000039a2                     : rom_sysbios.obj (.text:_pthread_removeThreadKeys)
[...]
1002eb3d  xdc_runtime_Timestamp_getFreq__E                                   
1002eb49  ti_sysbios_family_arm_m3_Hwi_Params__init__S                       
1002eb49  ti_sysbios_hal_Hwi_HwiProxy_Params__init__S                        
1002eb55  ti_sysbios_family_arm_m3_Hwi_disableFxn__E                         
1002eb61  ti_sysbios_family_arm_m3_Hwi_enableFxn__E                          
1002eb6d  ti_sysbios_gates_GateHwi_enter__E                                  
1002eb79  ti_sysbios_BIOS_RtsGateProxy_Params__init__S                       
1002eb79  ti_sysbios_gates_GateMutex_Params__init__S                         
1002eb79  ti_sysbios_heaps_HeapMem_Module_GateProxy_Params__init__S          
1002eb85  ti_sysbios_heaps_HeapTrack_Params__init__S                         
1002eb91  ti_sysbios_heaps_HeapTrack_isBlocking__E                           
1002eb9d  ti_sysbios_knl_Clock_Params__init__S                               
1002eba9  ti_sysbios_knl_Clock_getTimerHandle__E                             
1002ebb5  ti_sysbios_knl_Event_Params__init__S                               
1002ebc1  ti_sysbios_knl_Mailbox_Params__init__S                             
1002ebcd  ti_sysbios_knl_Queue_dequeue__E                                    
1002ebd9  ti_sysbios_knl_Queue_enqueue__E                                    
1002ebe5  ti_sysbios_knl_Semaphore_Params__init__S                           
1002ebf1  ti_sysbios_knl_Swi_Params__init__S                                 
1002ebfd  ti_sysbios_knl_Swi_self__E                                         
1002ec09  ti_sysbios_knl_Task_Params__init__S                                
1002ec15  ti_sysbios_hal_Hwi_Instance_finalize__E                            
1002ec1f  ti_sysbios_knl_Event_Instance_init__E                              
1002ec29  ti_sysbios_family_arm_m3_Hwi_doSwiRestore__I                       
1002ec31  ti_sysbios_family_arm_m3_Hwi_startup__E                            
1002ec31  ti_sysbios_hal_Hwi_HwiProxy_startup__E                             
1002ec31  ti_sysbios_hal_Hwi_HwiProxy_startup__E                             
1002ec31  ti_sysbios_hal_Hwi_startup__E                                      
1002ec31  ti_sysbios_hal_Hwi_startup__E                                      
1002ec39  ti_sysbios_knl_Idle_loop__E                                        
1002ec41  ti_sysbios_family_arm_m3_Hwi_doTaskRestore__I                      
1002ec47  HwiP_restore                                                       
1002ec47  ti_sysbios_family_arm_m3_Hwi_restoreFxn__E                         
1002ec4d  ti_sysbios_gates_GateHwi_leave__E                                  
1002ec53  ti_sysbios_gates_GateMutex_Instance_finalize__E                    
1002ec59  ti_sysbios_heaps_HeapMem_isBlocking__E                             
1002ec5f  ti_sysbios_knl_Queue_Instance_init__E                              
1002ec65  ti_sysbios_knl_Queue_elemClear__E                                  
1002ec6b  ti_sysbios_knl_Swi_startup__E                                      
1002ec71  ti_sysbios_knl_Task_enable__E                                      
1002ec77  ti_sysbios_BIOS_RtsGateProxy_enter__E                              
1002ec7b  ti_sysbios_BIOS_RtsGateProxy_leave__E                              
1002ec7f  ti_sysbios_family_arm_cc26xx_Timer_getExpiredTicks__E              
1002ec83  ti_sysbios_family_arm_cc26xx_Timer_getPeriod__E                    
1002ec87  ti_sysbios_family_arm_cc26xx_Timer_setPeriod__E                    
1002ec8b  ti_sysbios_family_arm_m3_Hwi_delete                                
1002ec8f  ti_sysbios_family_arm_m3_TaskSupport_Module__startupDone__S        
1002ec8f  ti_sysbios_knl_Task_SupportProxy_Module__startupDone__S            
1002ec93  ti_sysbios_gates_GateHwi_query__E                                  
1002ec93  xdc_runtime_Main_Module_GateProxy_query__E                         
1002ec93  xdc_runtime_System_Module_GateProxy_query__E                       
1002ec93  xdc_runtime_System_Module_GateProxy_query__E                       
1002ec97  ti_sysbios_gates_GateMutex_delete                                  
1002ec9b  ti_sysbios_BIOS_RtsGateProxy_query__E                              
1002ec9b  ti_sysbios_BIOS_RtsGateProxy_query__E                              
1002ec9b  ti_sysbios_gates_GateMutex_query__E                                
1002ec9b  ti_sysbios_heaps_HeapMem_Module_GateProxy_query__E                 
1002ec9b  ti_sysbios_heaps_HeapMem_Module_GateProxy_query__E                 
1002ec9f  ti_sysbios_hal_Hwi_HwiProxy_create                                 
1002eca3  ti_sysbios_hal_Hwi_HwiProxy_delete                                 
1002eca7  ti_sysbios_hal_Hwi_delete                                          
1002ecab  ti_sysbios_heaps_HeapMem_Module_GateProxy_enter__E                 
1002ecaf  ti_sysbios_heaps_HeapMem_Module_GateProxy_leave__E                 
1002ecb3  ti_sysbios_knl_Clock_TimerProxy_getExpiredTicks__E                 
1002ecb7  ti_sysbios_knl_Clock_TimerProxy_getPeriod__E                       
1002ecbb  ti_sysbios_knl_Clock_delete                                        
1002ecbf  ti_sysbios_knl_Clock_removeI__E                                    
1002ecc3  ti_sysbios_knl_Clock_setTimeout__E                                 
1002ecc7  ti_sysbios_knl_Event_delete                                        
1002eccb  ti_sysbios_knl_Mailbox_delete                                      
1002eccf  ti_sysbios_knl_Queue_delete                                        
1002ecd3  ti_sysbios_knl_Queue_head__E                                       
1002ecd7  ti_sysbios_knl_Queue_next__E                                       
1002ecdb  ti_sysbios_knl_Semaphore_delete                                    
1002ecdf  ti_sysbios_knl_Swi_delete                                          
1002ece3  ti_sysbios_knl_Swi_postInit__I                                     
1002ece7  ti_sysbios_knl_Task_delete                                         
1002eceb  ti_sysbios_knl_Task_startup__E                                     
1002ecf1  xdc_runtime_System_doPrint__I                                      
1002f055  xdc_runtime_Startup_startMods__I                                   
1002f15d  xdc_runtime_Text_putSite__E                                        
1002f1f7  xdc_runtime_Error_policySpin__E                                    
1002f1f9  xdc_runtime_Text_putMod__E                                         
1002f289  xdc_runtime_Memory_alloc__E                                        
1002f2f9  xdc_runtime_Core_createObject__I                                   
1002f367  xdc_runtime_Core_deleteObject__I                                   
1002f3c5  xdc_runtime_Text_putLab__E                                         
1002f421  xdc_runtime_Assert_raise__I                                        
1002f475  xdc_runtime_Startup_exec__E                                        
1002f4c9  xdc_runtime_Core_assignParams__I                                   
1002f511  xdc_runtime_Core_constructObject__I                                
1002f559  xdc_runtime_System_atexit__E                                       
1002f5a1  xdc_runtime_Text_xprintf__I                                        
1002f5e5  xdc_runtime_System_processAtExit__E                                
1002f625  xdc_runtime_System_putchar__I                                      
1002f659  xdc_runtime_Core_assignLabel__I                                    
1002f689  xdc_runtime_Text_printVisFxn__I                                    
1002f6b9  xdc_runtime_System_vprintf__E                                      
1002f6e5  xdc_runtime_Text_cordText__E                                       
1002f711  xdc_runtime_System_abort__E                                        
1002f739  xdc_runtime_Error_raiseX__E                                        
1002f759  xdc_runtime_Registry_findById__E                                   
1002f779  xdc_runtime_Error_check__E                                         
1002f795  xdc_runtime_Memory_valloc__E                                       
1002f7b1  xdc_runtime_System_exit__E                                         
1002f7cd  xdc_runtime_Text_ropeText__E                                       
1002f7e9  xdc_runtime_System_printf__E                                       
1002f803  xdc_runtime_Core_destructObject__I                                 
1002f81b  xdc_runtime_System_abortSpin__E                                    
1002f81d  xdc_runtime_Memory_free__E                                         
1002f831  xdc_runtime_Memory_getStats__E                                     
1002f845  xdc_runtime_SysCallback_abort__E                                   
1002f845  xdc_runtime_System_SupportProxy_abort__E                           
1002f859  xdc_runtime_SysCallback_exit__E                                    
1002f859  xdc_runtime_System_SupportProxy_exit__E                            
1002f86d  xdc_runtime_SysCallback_flush__E                                   
1002f86d  xdc_runtime_System_SupportProxy_flush__E                           
1002f86d  xdc_runtime_System_flush__E                                        
1002f881  xdc_runtime_SysCallback_putch__E                                   
1002f881  xdc_runtime_System_SupportProxy_putch__E                           
1002f895  xdc_runtime_SysCallback_ready__E                                   
1002f895  xdc_runtime_System_SupportProxy_ready__E                           
1002f8a9  xdc_runtime_Memory_getMaxDefaultTypeAlign__E                       
1002f8b9  xdc_runtime_System_vsnprintf__E                                    
1002f8c9  xdc_runtime_Timestamp_SupportProxy_get32__E                        
1002f8c9  xdc_runtime_Timestamp_SupportProxy_get32__E                        
1002f8c9  xdc_runtime_Timestamp_get32__E                                     
1002f8c9  xdc_runtime_Timestamp_get32__E                                     
1002f8d9  xdc_runtime_Memory_calloc__E                                       
1002f8e5  xdc_runtime_Startup_rtsDone__E                                     
1002f8f1  xdc_runtime_Memory_HeapProxy_alloc__E                              
1002f8fb  xdc_runtime_Memory_HeapProxy_free__E                               
1002f905  xdc_runtime_Memory_HeapProxy_getStats__E                           
1002f90f  xdc_runtime_Gate_leaveSystem__E                                    
1002f915  xdc_runtime_System_Module_startup__E                               
1002f91b  xdc_runtime_Gate_enterSystem__E                                    
1002f91f  xdc_runtime_SysCallback_Module__startupDone__S                     
1002f91f  xdc_runtime_System_SupportProxy_Module__startupDone__S             
1002f923  xdc_runtime_System_Module_GateProxy_enter__E                       
1002f927  xdc_runtime_System_Module_GateProxy_leave__E                       
1002f92b  xdc_runtime_System_printf_va__F                                    
1002f92f  xdc_runtime_System_exitSpin__E                                     
1002f931  ti_sysbios_family_arm_m3_Hwi_dispatch__I                           
1002fa11  ti_sysbios_family_arm_m3_Hwi_interruptsAreDisabledButShouldNotBe   
1002fa2d  ti_sysbios_family_arm_m3_TaskSupport_buildTaskStack                
1002fab9  ti_sysbios_family_arm_m3_Hwi_initStacks__E                         
1002fb11  ti_sysbios_family_arm_m3_Hwi_pendSV__I                             
1002fb35  ti_sysbios_family_arm_m3_Hwi_return                                
1002fb39  ti_sysbios_family_arm_m3_Hwi_excHandlerAsm__I                      
1002fb59  ti_sysbios_family_xxx_Hwi_switchAndRunFunc                         
1002fb77  ti_sysbios_family_arm_m3_TaskSupport_swap__E                       
1002fb77  ti_sysbios_knl_Task_SupportProxy_swap__E                           
1002fb77  ti_sysbios_knl_Task_SupportProxy_swap__E                           
1002fb83  ti_sysbios_knl_Task_swapReturn                                     
1002fb8f  ti_sysbios_family_arm_m3_TaskSupport_glue                          
1002fba0  ti_sysbios_knl_Task_Object__PARAMS__C                              
1002fbdc  ti_sysbios_knl_Mailbox_Object__PARAMS__C                           
1002fc10  ti_sysbios_family_arm_m3_Hwi_Object__PARAMS__C                     
1002fc40  ti_sysbios_hal_Hwi_Object__PARAMS__C                               
1002fc6c  ti_sysbios_knl_Swi_Object__PARAMS__C                               
1002fc94  ti_sysbios_heaps_HeapMem_Object__PARAMS__C                         
1002fcb8  ti_sysbios_knl_Clock_Object__PARAMS__C                             
1002fcdc  ti_sysbios_knl_Semaphore_Object__PARAMS__C                         
1002fd00  ti_sysbios_gates_GateHwi_Object__PARAMS__C                         
1002fd18  ti_sysbios_gates_GateMutex_Object__PARAMS__C                       
1002fd30  ti_sysbios_knl_Event_Object__PARAMS__C                             
1002fd48  ti_sysbios_knl_Queue_Object__PARAMS__C                             
1002fd80  ti_sysbios_heaps_HeapTrack_Object__PARAMS__C                       
1002fd9c  ti_sysbios_heaps_HeapTrack_Instance_State_trackQueue__O            
1002fda0  ti_sysbios_heaps_HeapTrack_Module__diagsEnabled__C                 
1002fda4  ti_sysbios_heaps_HeapTrack_Module__diagsIncluded__C                
1002fda8  ti_sysbios_heaps_HeapTrack_Module__diagsMask__C                    
1002fddb  strlen                                                             
20000000  ti_sysbios_family_arm_m3_Hwi_ramVectors                            
20000100  xdcRomConstPtr                                                     
20000104  xdcRomExternFuncPtr                                                
20000108  xdcRomStatePtr                                                     
20000110  __primary_heap_start__                                             
20001110  PowerCC26X2_module                                                 
20001110  __primary_heap_end__                                               
20001220  ROM_stateStruct                                                    
20001220  ti_sysbios_knl_Clock_Module__state__V                              
2000124c  ti_sysbios_family_arm_cc26xx_TimestampProvider_Module__state__V    
20001250  xdc_runtime_Startup_Module__state__V                               
20001258  xdc_runtime_Registry_Module__state__V                              
20001260  ti_sysbios_BIOS_Module__state__V                                   
20001284  ti_sysbios_knl_Swi_Module__state__V                                
200012a0  ti_sysbios_knl_Task_Module__state__V                               
200012e4  xdc_runtime_Memory_Module__state__V                                
200012e8  xdc_runtime_System_Module__state__V                                
200012f0  ti_sysbios_family_arm_m3_Hwi_Module__state__V                      
20001324  ti_sysbios_family_arm_cc26xx_Timer_Module__state__V                
200013b4  ti_sysbios_gates_GateMutex_Object__table__V                        
20001408  ti_sysbios_knl_Task_Object__table__V                               
20001458  ti_sysbios_family_arm_cc26xx_Timer_Object__table__V                
200014a0  gpioPinConfigs                                                     
200014d4  ti_sysbios_knl_Swi_Module_State_0_readyQ__A                        
20001504  ti_sysbios_knl_Swi_Object__table__V                                
20001534  ti_sysbios_knl_Task_Module_State_0_readyQ__A                       
20001564  ti_sysbios_knl_Clock_Object__table__V                              
20001584  xdc_runtime_Error_IgnoreBlock                                      
200015a4  ti_sysbios_family_arm_m3_Hwi_Object__table__V                      
200015bc  ti_sysbios_heaps_HeapMem_Object__table__V                          
200015d4  gpioCallbackFunctions                                              
200015e4  _lock                                                              
200015e8  _unlock                                                            
200015ec  pinUpperBound                                                      
200015f0  pinLowerBound                                                      
200015f4  ti_sysbios_family_arm_m3_Hwi_Module__root__V                       
200015fc  ti_sysbios_gates_GateHwi_Module__root__V                           
20001604  ti_sysbios_gates_GateMutex_Module__root__V                         
2000160c  ti_sysbios_hal_Hwi_Module__root__V                                 
20001614  ti_sysbios_heaps_HeapMem_Module__root__V                           
2000161c  ti_sysbios_knl_Clock_Module__root__V                               
20001624  ti_sysbios_knl_Event_Module__root__V                               
2000162c  ti_sysbios_knl_Mailbox_Module__root__V                             
20001634  ti_sysbios_knl_Queue_Module__root__V                               
2000163c  ti_sysbios_knl_Semaphore_Module__root__V                           
20001644  ti_sysbios_knl_Swi_Module__root__V                                 
2000164c  ti_sysbios_knl_Task_Module__root__V                                
20001654  xdc_runtime_System_Module_State_0_atexitHandlers__A                
2000166e  ti_sysbios_family_arm_m3_Hwi_Module_State_0_excActive__A           
20001670  main_func_sp                                                       
20001674  ti_sysbios_family_arm_m3_Hwi_Module_State_0_excContext__A          
20001678  ti_sysbios_family_arm_m3_Hwi_Module_State_0_excStack__A            
2000167c  ti_sysbios_knl_Task_Module_State_0_idleTask__A                     
20001b20  uartCC26XXObjects                                                  
20001d78  ti_sysbios_knl_Task_Instance_State_0_stack__A                      
20001f78  spiCC26X2DMAObjects                                                
20002120  ti_sysbios_family_arm_m3_Hwi_dispatchTable                         
20002278  pinHandleTable                                                     
200022f4  uartCC26XXRingBuffer                                               
200023a8  spiParams                                                          
200023c8  udmaObjects                                                        
2000243c  controlReg                                                         
2000246c  displayUartObject                                                  
2000248c  ClockP_tickPeriod                                                  
20002490  PowerCC26XX_swiKey                                                 
20002494  PowerCC26XX_taskKey                                                
20002498  masterRxBuffer_MAC                                                 
2000249c  masterRxBuffer_eight                                               
200024a0  masterSpi                                                          
200024a4  masterTxBuffer_MAC                                                 
200024a8  masterTxBuffer_eight                                               
200024ac  driverlib_release_0_55675                                          
20013c00  __stack                                                            
20014000  __STACK_END                                                        
e000e000  ti_sysbios_family_arm_m3_Hwi_nvic                                  
ffffffff  __TI_pprof_out_hndl                                                
ffffffff  __TI_prof_data_size                                                
ffffffff  __TI_prof_data_start                                               
ffffffff  __binit__                                                          
ffffffff  __c_args__                                                         
ffffffff  binit                                                              
UNDEFED   SHT$$INIT_ARRAY$$Base                                              
UNDEFED   SHT$$INIT_ARRAY$$Limit                                             

[944 symbols]
